
> nestjs_backend@0.0.1 build
> nest build

node.exe : [96msrc/app.modu
le.ts[0m:[93m3[0m:[93m36
[0m - [91merror[0m[90m 
TS2307: [0mCannot find 
module 
'@nestjs/event-emitter' or 
its corresponding type 
declarations.
At line:1 char:1
+ & "C:\Program 
Files\nodejs/node.exe" 
"C:\Program 
Files\nodejs/node_mo ...
+ ~~~~~~~~~~~~~~~~~~~~~~~~~~
~~~~~~~~~~~~~~~~~~~~~~~~~~~~
~~~~~~~~~~~~~~~
    + CategoryInfo          
    : NotSpecifi    ed: 
([96msrc/app.    mo...e 
declaration    s.:String) 
[], Rem    oteException
    + FullyQualifiedEr    
rorId : NativeComm    
andError
 

[7m3[0m import { 
EventEmitterModule } from 
'@nestjs/event-emitter';
[7m [0m [91m             
                      
~~~~~~~~~~~~~~~~~~~~~~~[0m
[96msrc/auth/auth.controlle
r.ts[0m:[93m11[0m:[93m30
[0m - [91merror[0m[90m 
TS2307: [0mCannot find 
module 'uuid' or its 
corresponding type 
declarations.

[7m11[0m import { v4 as 
uuidv4 } from 'uuid';
[7m  [0m [91m            
                 ~~~~~~[0m
[96msrc/auth/auth.controlle
r.ts[0m:[93m35[0m:[93m3
[0m - [91merror[0m[90m 
TS2392: [0mMultiple 
constructor implementations 
are not allowed.

[7m35[0m   
constructor(private 
service: AuthService) {}
[7m  [0m [91m  
~~~~~~~~~~~[0m
[96msrc/auth/auth.controlle
r.ts[0m:[93m36[0m:[93m3
[0m - [91merror[0m[90m 
TS2392: [0mMultiple 
constructor implementations 
are not allowed.

[7m36[0m   constructor(
[7m  [0m [91m  
~~~~~~~~~~~[0m
[96msrc/auth/auth.controlle
r.ts[0m:[93m37[0m:[93m13
[0m - [91merror[0m[90m 
TS2300: [0mDuplicate 
identifier 'service'.

[7m37[0m     private 
service: AuthService,
[7m  [0m [91m            
~~~~~~~[0m
[96msrc/auth/auth.service.t
s[0m:[93m11[0m:[93m30[0
m - [91merror[0m[90m 
TS2307: [0mCannot find 
module 'uuid' or its 
corresponding type 
declarations.

[7m11[0m import { v4 as 
uuidv4 } from 'uuid';
[7m  [0m [91m            
                 ~~~~~~[0m
[96msrc/common/services/csv
-parser.service.ts[0m:[93m
3[0m:[93m23[0m - 
[91merror[0m[90m TS2307: 
[0mCannot find module 
'papaparse' or its 
corresponding type 
declarations.

[7m3[0m import * as Papa 
from 'papaparse';
[7m [0m [91m             
         ~~~~~~~~~~~[0m
[96msrc/finance/item/item-b
ulk-upload.service.ts[0m:[
93m2[0m:[93m29[0m - 
[91merror[0m[90m TS2307: 
[0mCannot find module 
'@nestjs/bull' or its 
corresponding type 
declarations.

[7m2[0m import { 
InjectQueue } from 
'@nestjs/bull';
[7m [0m [91m             
               
~~~~~~~~~~~~~~[0m
[96msrc/finance/item/item-b
ulk-upload.service.ts[0m:[
93m3[0m:[93m28[0m - 
[91merror[0m[90m TS2307: 
[0mCannot find module 
'bull' or its corresponding 
type declarations.

[7m3[0m import type { 
Queue } from 'bull';
[7m [0m [91m             
              ~~~~~~[0m
[96msrc/finance/item/item.m
odule.ts[0m:[93m2[0m:[93
m28[0m - 
[91merror[0m[90m TS2307: 
[0mCannot find module 
'@nestjs/bull' or its 
corresponding type 
declarations.

[7m2[0m import { 
BullModule } from 
'@nestjs/bull';
[7m [0m [91m             
              
~~~~~~~~~~~~~~[0m
[96msrc/finance/item/upload
-events.service.ts[0m:[93m
2[0m:[93m31[0m - 
[91merror[0m[90m TS2307: 
[0mCannot find module 
'@nestjs/event-emitter' or 
its corresponding type 
declarations.

[7m2[0m import { 
EventEmitter2 } from 
'@nestjs/event-emitter';
[7m [0m [91m             
                 
~~~~~~~~~~~~~~~~~~~~~~~[0m
[96msrc/master/pos/pos.serv
ice.ts[0m:[93m48[0m:[93m
9[0m - [91merror[0m[90m 
TS2322: [0mType '{ name: 
string; locationId: string; 
posId: string; status: 
string; createdById: string 
| undefined; }' is not 
assignable to type 
'(Without<PosCreateInput, 
PosUncheckedCreateInput> & 
PosUncheckedCreateInput) | (
Without<PosUncheckedCreateIn
put, PosCreateInput> & 
PosCreateInput)'.
  Type '{ name: string; 
locationId: string; posId: 
string; status: string; 
createdById: string | 
undefined; }' is not 
assignable to type 
'Without<PosCreateInput, 
PosUncheckedCreateInput> & 
PosUncheckedCreateInput'.
    Property 'terminalCode' 
is missing in type '{ name: 
string; locationId: string; 
posId: string; status: 
string; createdById: string 
| undefined; }' but 
required in type 
'PosUncheckedCreateInput'.

[7m48[0m         data: {
[7m  [0m [91m        
~~~~[0m

  [96mnode_modules/@prisma/
management-client/index.d.ts
[0m:[93m100257[0m:[93m5
[0m
    [7m100257[0m     
terminalCode: string
    [7m      [0m [96m    
~~~~~~~~~~~~[0m
    'terminalCode' is 
declared here.
  [96mnode_modules/@prisma/
management-client/index.d.ts
[0m:[93m86306[0m:[93m5[
0m
    [7m86306[0m     data: 
XOR<PosCreateInput, 
PosUncheckedCreateInput>
    [7m     [0m [96m    
~~~~[0m
    The expected type comes 
from property 'data' which 
is declared here on type '{ 
select?: 
PosSelect<DefaultArgs> | 
null | undefined; omit?: 
PosOmit<DefaultArgs> | null 
| undefined; include?: 
PosInclude<DefaultArgs> | 
null | undefined; data: 
(Without<...> & 
PosUncheckedCreateInput) | 
(Without<...> & 
PosCreateInput); }'
[96msrc/master/pos/pos.serv
ice.ts[0m:[93m91[0m:[93m
9[0m - [91merror[0m[90m 
TS2393: [0mDuplicate 
function implementation.

[7m91[0m   async update(
[7m  [0m [91m        
~~~~~~[0m
[96msrc/master/pos/pos.serv
ice.ts[0m:[93m146[0m:[93
m9[0m - 
[91merror[0m[90m TS2393: 
[0mDuplicate function 
implementation.

[7m146[0m   async remove(
[7m   [0m [91m        
~~~~~~[0m
[96msrc/master/pos/pos.serv
ice.ts[0m:[93m157[0m:[93
m32[0m - 
[91merror[0m[90m TS2304: 
[0mCannot find name 'body'.

[7m157[0m             let 
terminalCode = 
body.terminalCode;
[7m   [0m [91m           
                    ~~~~[0m
[96msrc/master/pos/pos.serv
ice.ts[0m:[93m160[0m:[93
m34[0m - 
[91merror[0m[90m TS2304: 
[0mCannot find name 'body'.

[7m160[0m                 
    where: { id: 
body.locationId },
[7m   [0m [91m           
                      
~~~~[0m
[96msrc/master/pos/pos.serv
ice.ts[0m:[93m168[0m:[93
m45[0m - 
[91merror[0m[90m TS2304: 
[0mCannot find name 
'nextPosId'.

[7m168[0m                 
terminalCode = 
`${prefix}-${nextPosId}`;
[7m   [0m [91m           
                            
     ~~~~~~~~~[0m
[96msrc/master/pos/pos.serv
ice.ts[0m:[93m184[0m:[93
m17[0m - 
[91merror[0m[90m TS2304: 
[0mCannot find name 'body'.

[7m184[0m             if 
(body.terminalPin) {
[7m   [0m [91m           
     ~~~~[0m
[96msrc/master/pos/pos.serv
ice.ts[0m:[93m185[0m:[93
m47[0m - 
[91merror[0m[90m TS2304: 
[0mCannot find name 'body'.

[7m185[0m                 
hashedPin = await bcrypt.has
h(body.terminalPin, 10);
[7m   [0m [91m           
                            
       ~~~~[0m
[96msrc/master/pos/pos.serv
ice.ts[0m:[93m190[0m:[93
m27[0m - 
[91merror[0m[90m TS2304: 
[0mCannot find name 'body'.

[7m190[0m                 
    name: body.name,
[7m   [0m [91m           
               ~~~~[0m
[96msrc/master/pos/pos.serv
ice.ts[0m:[93m191[0m:[93
m33[0m - 
[91merror[0m[90m TS2304: 
[0mCannot find name 'body'.

[7m191[0m                 
    locationId: 
body.locationId,
[7m   [0m [91m           
                     
~~~~[0m
[96msrc/master/pos/pos.serv
ice.ts[0m:[93m192[0m:[93
m32[0m - 
[91merror[0m[90m TS2304: 
[0mCannot find name 'body'.

[7m192[0m                 
    companyId: 
body.companyId,
[7m   [0m [91m           
                    ~~~~[0m
[96msrc/master/pos/pos.serv
ice.ts[0m:[93m193[0m:[93
m28[0m - 
[91merror[0m[90m TS2304: 
[0mCannot find name 
'nextPosId'.

[7m193[0m                 
    posId: nextPosId,
[7m   [0m [91m           
                
~~~~~~~~~[0m
[96msrc/master/pos/pos.serv
ice.ts[0m:[93m196[0m:[93
m29[0m - 
[91merror[0m[90m TS2304: 
[0mCannot find name 'body'.

[7m196[0m                 
    status: body.status ?? 
'active',
[7m   [0m [91m           
                 ~~~~[0m
[96msrc/master/pos/pos.serv
ice.ts[0m:[93m223[0m:[93
m43[0m - 
[91merror[0m[90m TS2304: 
[0mCannot find name 'body'.

[7m223[0m                 
newValues: 
JSON.stringify(body),
[7m   [0m [91m           
                            
   ~~~~[0m
[96msrc/master/pos/pos.serv
ice.ts[0m:[93m232[0m:[93
m11[0m - 
[91merror[0m[90m TS2393: 
[0mDuplicate function 
implementation.

[7m232[0m     async 
update(
[7m   [0m [91m          
~~~~~~[0m
[96msrc/master/pos/pos.serv
ice.ts[0m:[93m291[0m:[93
m11[0m - 
[91merror[0m[90m TS2393: 
[0mDuplicate function 
implementation.

[7m291[0m     async 
remove(
[7m   [0m [91m          
~~~~~~[0m
[96msrc/queue/processors/up
load.processor.ts[0m:[93m1
[0m:[93m36[0m - 
[91merror[0m[90m TS2307: 
[0mCannot find module 
'@nestjs/bull' or its 
corresponding type 
declarations.

[7m1[0m import { Process, 
Processor } from 
'@nestjs/bull';
[7m [0m [91m             
                      
~~~~~~~~~~~~~~[0m
[96msrc/queue/processors/up
load.processor.ts[0m:[93m3
[0m:[93m26[0m - 
[91merror[0m[90m TS2307: 
[0mCannot find module 
'bull' or its corresponding 
type declarations.

[7m3[0m import type { Job 
} from 'bull';
[7m [0m [91m             
            ~~~~~~[0m
[96msrc/queue/processors/up
load.processor.ts[0m:[93m3
57[0m:[93m17[0m - 
[91merror[0m[90m TS2353: 
[0mObject literal may only 
specify known properties, 
and 'uomId' does not exist 
in type 
'(Without<ItemCreateInput, 
ItemUncheckedCreateInput> & 
ItemUncheckedCreateInput) | 
(Without<...> & 
ItemCreateInput)'.

[7m357[0m                 
uomId,
Found 31 error(s).

[7m   [0m [91m           
     ~~~~~[0m

  [96mnode_modules/.prisma/
client/index.d.ts[0m:[93m2
6572[0m:[93m5[0m
    [7m26572[0m     data: 
XOR<ItemCreateInput, 
ItemUncheckedCreateInput>
    [7m     [0m [96m    
~~~~[0m
    The expected type comes 
from property 'data' which 
is declared here on type '{ 
select?: 
ItemSelect<DefaultArgs> | 
null | undefined; omit?: 
ItemOmit<DefaultArgs> | 
null | undefined; include?: 
ItemInclude<DefaultArgs> | 
null | undefined; data: 
(Without<...> & 
ItemUncheckedCreateInput) | 
(Without<...> & 
ItemCreateInput); }'
[96msrc/queue/queue.module.
ts[0m:[93m2[0m:[93m28[0
m - [91merror[0m[90m 
TS2307: [0mCannot find 
module '@nestjs/bull' or 
its corresponding type 
declarations.

[7m2[0m import { 
BullModule } from 
'@nestjs/bull';
[7m [0m [91m             
              
~~~~~~~~~~~~~~[0m

