bun.exe : $ nest build
At C:\Users\abdullah.sufyan\A
ppData\Roaming\npm\bun.ps1:14
 char:3
+   & "$basedir/node_modules/
bun/bin/bun.exe"   $args
+   ~~~~~~~~~~~~~~~~~~~~~~~~~
~~~~~~~~~~~~~~~~~~~~~~~~
    + CategoryInfo           
   : NotSpecified: ($ nest   
  build:String) [], Remote   
 Exception
    + FullyQualifiedErrorId  
   : NativeCommandError
 
[96msrc/activity-logs/activi
ty-logs.service.ts[0m:[93m6
6[0m:[93m19[0m - 
[91merror[0m[90m TS2339: 
[0mProperty 'activityLog' 
does not exist on type 
'PrismaService'.

[7m66[0m       this.prisma.
activityLog.findMany({
[7m  [0m [91m             
     ~~~~~~~~~~~[0m
[96msrc/activity-logs/activi
ty-logs.service.ts[0m:[93m8
2[0m:[93m19[0m - 
[91merror[0m[90m TS2339: 
[0mProperty 'activityLog' 
does not exist on type 
'PrismaService'.

[7m82[0m       this.prisma.
activityLog.count({ where }),
[7m  [0m [91m             
     ~~~~~~~~~~~[0m
[96msrc/activity-logs/activi
ty-logs.service.ts[0m:[93m1
12[0m:[93m40[0m - 
[91merror[0m[90m TS2339: 
[0mProperty 'user' does not 
exist on type 
'PrismaService'.

[7m112[0m         const 
user = await 
this.prisma.user.findUnique({
[7m   [0m [91m            
                           
~~~~[0m
[96msrc/activity-logs/activi
ty-logs.service.ts[0m:[93m1
25[0m:[93m39[0m - 
[91merror[0m[90m TS2339: 
[0mProperty 'activityLog' 
does not exist on type 
'PrismaService'.

[7m125[0m     const 
created = await this.prisma.a
ctivityLog.create({
[7m   [0m [91m            
                          
~~~~~~~~~~~[0m
[96msrc/admin/company/compan
y.service.ts[0m:[93m42[0m:
[93m35[0m - 
[91merror[0m[90m TS2339: 
[0mProperty 'prisma' does 
not exist on type 
'CompanyService'.

[7m42[0m     const 
companies = (await this.prism
a.company.findMany({
[7m  [0m [91m             
                     
~~~~~~[0m
[96msrc/admin/company/compan
y.service.ts[0m:[93m58[0m:
[93m33[0m - 
[91merror[0m[90m TS2339: 
[0mProperty 'prisma' does 
not exist on type 
'CompanyService'.

[7m58[0m     const company 
= (await this.prisma.company.
findUnique({
[7m  [0m [91m             
                   ~~~~~~[0m
[96msrc/admin/company/compan
y.service.ts[0m:[93m78[0m:
[93m33[0m - 
[91merror[0m[90m TS2339: 
[0mProperty 'prisma' does 
not exist on type 
'CompanyService'.

[7m78[0m     const company 
= (await this.prisma.company.
findUnique({
[7m  [0m [91m             
                   ~~~~~~[0m
[96msrc/admin/company/compan
y.service.ts[0m:[93m116[0m
:[93m42[0m - 
[91merror[0m[90m TS2339: 
[0mProperty 'prisma' does 
not exist on type 
'CompanyService'.

[7m116[0m       const 
existingCompany = await this.
prisma.company.findUnique({
[7m   [0m [91m            
                             
~~~~~~[0m
[96msrc/admin/company/compan
y.service.ts[0m:[93m132[0m
:[93m29[0m - 
[91merror[0m[90m TS2339: 
[0mProperty 'prisma' does 
not exist on type 
'CompanyService'.

[7m132[0m         tenant = 
await this.prisma.tenant.find
Unique({
[7m   [0m [91m            
                ~~~~~~[0m
[96msrc/admin/company/compan
y.service.ts[0m:[93m139[0m
:[93m29[0m - 
[91merror[0m[90m TS2339: 
[0mProperty 'prisma' does 
not exist on type 
'CompanyService'.

[7m139[0m         tenant = 
await this.prisma.tenant.find
Unique({
[7m   [0m [91m            
                ~~~~~~[0m
[96msrc/admin/company/compan
y.service.ts[0m:[93m146[0m
:[93m29[0m - 
[91merror[0m[90m TS2339: 
[0mProperty 'prisma' does 
not exist on type 
'CompanyService'.

[7m146[0m         tenant = 
await 
this.prisma.tenant.create({
[7m   [0m [91m            
                ~~~~~~[0m
[96msrc/admin/company/compan
y.service.ts[0m:[93m156[0m
:[93m20[0m - 
[91merror[0m[90m TS2339: 
[0mProperty 'prisma' does 
not exist on type 
'CompanyService'.

[7m156[0m         await 
this.prisma.tenant.update({
[7m   [0m [91m            
       ~~~~~~[0m
[96msrc/admin/company/compan
y.service.ts[0m:[93m174[0m
:[93m35[0m - 
[91merror[0m[90m TS2339: 
[0mProperty 'prisma' does 
not exist on type 
'CompanyService'.

[7m174[0m       const 
company = (await 
this.prisma.company.create({
[7m   [0m [91m            
                      
~~~~~~[0m
[96msrc/admin/company/compan
y.service.ts[0m:[93m215[0m
:[93m35[0m - 
[91merror[0m[90m TS2339: 
[0mProperty 'prisma' does 
not exist on type 
'CompanyService'.

[7m215[0m       const 
company = (await 
this.prisma.company.update({
[7m   [0m [91m            
                      
~~~~~~[0m
[96msrc/admin/company/compan
y.service.ts[0m:[93m243[0m
:[93m33[0m - 
[91merror[0m[90m TS2339: 
[0mProperty 'prisma' does 
not exist on type 
'CompanyService'.

[7m243[0m     const 
company = (await this.prisma.
company.findFirst({
[7m   [0m [91m            
                    
~~~~~~[0m
[96msrc/admin/company/compan
y.service.ts[0m:[93m256[0m
:[93m30[0m - 
[91merror[0m[90m TS2339: 
[0mProperty 'prisma' does 
not exist on type 
'CompanyService'.

[7m256[0m     const count 
= await 
this.prisma.company.count();
[7m   [0m [91m            
                 ~~~~~~[0m
[96msrc/allowance/allowance.
service.ts[0m:[93m14[0m:[
93m13[0m - 
[91merror[0m[90m TS2300: 
[0mDuplicate identifier 
'prisma'.

[7m14[0m     private 
prisma: PrismaService,
[7m  [0m [91m            
~~~~~~[0m
[96msrc/allowance/allowance.
service.ts[0m:[93m15[0m:[
93m13[0m - 
[91merror[0m[90m TS2300: 
[0mDuplicate identifier 
'prisma'.

[7m15[0m     private 
prisma: PrismaService,
[7m  [0m [91m            
~~~~~~[0m
[96msrc/allowance/allowance.
service.ts[0m:[93m105[0m:
[93m23[0m - 
[91merror[0m[90m TS2339: 
[0mProperty 'user' does not 
exist on type 
'PrismaService'.

[7m105[0m           
this.prisma.user.findMany({
[7m   [0m [91m            
          ~~~~[0m
[96msrc/allowance/allowance.
service.ts[0m:[93m186[0m:
[93m25[0m - 
[91merror[0m[90m TS2339: 
[0mProperty 'user' does not 
exist on type 
'PrismaService'.

[7m186[0m           ? 
this.prisma.user.findUnique({
[7m   [0m [91m            
            ~~~~[0m
[96msrc/allowance/allowance.
service.ts[0m:[93m197[0m:
[93m25[0m - 
[91merror[0m[90m TS2339: 
[0mProperty 'user' does not 
exist on type 
'PrismaService'.

[7m197[0m           ? 
this.prisma.user.findUnique({
[7m   [0m [91m            
            ~~~~[0m
[96msrc/app.module.ts[0m:[
93m83[0m:[93m27[0m - 
[91merror[0m[90m TS2307: 
[0mCannot find module 
'./master/uom/uom.module' or 
its corresponding type 
declarations.

[7m83[0m import { 
UomModule } from 
'./master/uom/uom.module';
[7m  [0m [91m             
             
~~~~~~~~~~~~~~~~~~~~~~~~~[0m
[96msrc/attendance-exemption
/attendance-exemption.service
.ts[0m:[93m9[0m:[93m13[0
m - [91merror[0m[90m 
TS2300: [0mDuplicate 
identifier 'prisma'.

[7m9[0m     private 
prisma: PrismaService,
[7m [0m [91m            
~~~~~~[0m
[96msrc/attendance-exemption
/attendance-exemption.service
.ts[0m:[93m10[0m:[93m13[
0m - [91merror[0m[90m 
TS2300: [0mDuplicate 
identifier 'prisma'.

[7m10[0m     private 
prisma: PrismaService,
[7m  [0m [91m            
~~~~~~[0m
[96msrc/attendance-request-q
uery/attendance-request-query
.service.ts[0m:[93m9[0m:[
93m13[0m - 
[91merror[0m[90m TS2300: 
[0mDuplicate identifier 
'prisma'.

[7m9[0m     private 
prisma: PrismaService,
[7m [0m [91m            
~~~~~~[0m
[96msrc/attendance-request-q
uery/attendance-request-query
.service.ts[0m:[93m10[0m:
[93m13[0m - 
[91merror[0m[90m TS2300: 
[0mDuplicate identifier 
'prisma'.

[7m10[0m     private 
prisma: PrismaService,
[7m  [0m [91m            
~~~~~~[0m
[96msrc/attendance/attendanc
e.service.ts[0m:[93m10[0m:
[93m13[0m - 
[91merror[0m[90m TS2300: 
[0mDuplicate identifier 
'prisma'.

[7m10[0m     private 
prisma: PrismaService,
[7m  [0m [91m            
~~~~~~[0m
[96msrc/attendance/attendanc
e.service.ts[0m:[93m11[0m:
[93m13[0m - 
[91merror[0m[90m TS2300: 
[0mDuplicate identifier 
'prisma'.

[7m11[0m     private 
prisma: PrismaService,
[7m  [0m [91m            
~~~~~~[0m
[96msrc/auth/auth.controller
.ts[0m:[93m15[0m:[93m31[
0m - [91merror[0m[90m 
TS2307: [0mCannot find 
module '../../database/prisma
.service' or its 
corresponding type 
declarations.

[7m15[0m import { 
PrismaService } from '../../d
atabase/prisma.service';
[7m  [0m [91m             
                 ~~~~~~~~~~~~
~~~~~~~~~~~~~~~~~~~[0m
[96msrc/auth/auth.service.ts
[0m:[93m49[0m:[93m36[0m 
- [91merror[0m[90m 
TS2339: [0mProperty 'user' 
does not exist on type 
'PrismaService'.

[7m49[0m     const user = 
await 
this.prisma.user.findUnique({
[7m  [0m [91m             
                      
~~~~[0m
[96msrc/auth/auth.service.ts
[0m:[93m62[0m:[93m23[0m 
- [91merror[0m[90m 
TS2339: [0mProperty 
'loginHistory' does not 
exist on type 
'PrismaService'.

[7m62[0m     await this.pri
sma.loginHistory.create({
[7m  [0m [91m             
         ~~~~~~~~~~~~[0m
[96msrc/auth/auth.service.ts
[0m:[93m138[0m:[93m42[0m
 - [91merror[0m[90m 
TS2339: [0mProperty 'user' 
does not exist on type 
'PrismaService'.

[7m138[0m     const 
actingUser = await 
this.prisma.user.findUnique({
[7m   [0m [91m            
                             
~~~~[0m
[96msrc/auth/auth.service.ts
[0m:[93m173[0m:[93m40[0m
 - [91merror[0m[90m 
TS2339: [0mProperty 'user' 
does not exist on type 
'PrismaService'.

[7m173[0m     let 
targetUser = await 
this.prisma.user.findFirst({
[7m   [0m [91m            
                           
~~~~[0m
[96msrc/auth/auth.service.ts
[0m:[93m188[0m:[93m38[0m
 - [91merror[0m[90m 
TS2339: [0mProperty 'user' 
does not exist on type 
'PrismaService'.

[7m188[0m       targetUser 
= await 
this.prisma.user.findUnique({
[7m   [0m [91m            
                         
~~~~[0m
[96msrc/auth/auth.service.ts
[0m:[93m197[0m:[93m40[0m
 - [91merror[0m[90m 
TS2339: [0mProperty 'user' 
does not exist on type 
'PrismaService'.

[7m197[0m         
targetUser = await 
this.prisma.user.update({
[7m   [0m [91m            
                           
~~~~[0m
[96msrc/auth/auth.service.ts
[0m:[93m214[0m:[93m40[0m
 - [91merror[0m[90m 
TS2339: [0mProperty 'user' 
does not exist on type 
'PrismaService'.

[7m214[0m         
targetUser = await 
this.prisma.user.create({
[7m   [0m [91m            
                           
~~~~[0m
[96msrc/auth/auth.service.ts
[0m:[93m240[0m:[93m38[0m
 - [91merror[0m[90m 
TS2339: [0mProperty 'user' 
does not exist on type 
'PrismaService'.

[7m240[0m       targetUser 
= await 
this.prisma.user.update({
[7m   [0m [91m            
                         
~~~~[0m
[96msrc/auth/auth.service.ts
[0m:[93m327[0m:[93m36[0m
 - [91merror[0m[90m 
TS2339: [0mProperty 'user' 
does not exist on type 
'PrismaService'.

[7m327[0m     const user = 
await 
this.prisma.user.findUnique({
[7m   [0m [91m            
                       
~~~~[0m
[96msrc/auth/auth.service.ts
[0m:[93m428[0m:[93m36[0m
 - [91merror[0m[90m 
TS2339: [0mProperty 
'tenant' does not exist on 
type 'PrismaService'.

[7m428[0m     let tenant = 
await this.prisma.tenant.find
Unique({
[7m   [0m [91m            
                       
~~~~~~[0m
[96msrc/auth/auth.service.ts
[0m:[93m454[0m:[93m34[0m
 - [91merror[0m[90m 
TS2339: [0mProperty 
'tenant' does not exist on 
type 'PrismaService'.

[7m454[0m       tenant = 
await this.prisma.tenant.find
Unique({
[7m   [0m [91m            
                     
~~~~~~[0m
[96msrc/auth/auth.service.ts
[0m:[93m465[0m:[93m34[0m
 - [91merror[0m[90m 
TS2339: [0mProperty 'user' 
does not exist on type 
'PrismaService'.

[7m465[0m     let user = 
await 
this.prisma.user.findUnique({
[7m   [0m [91m            
                     ~~~~[0m
[96msrc/auth/auth.service.ts
[0m:[93m481[0m:[93m38[0m
 - [91merror[0m[90m 
TS2339: [0mProperty 'role' 
does not exist on type 
'PrismaService'.

[7m481[0m       roleRecord 
= await 
this.prisma.role.findFirst({
[7m   [0m [91m            
                         
~~~~[0m
[96msrc/auth/auth.service.ts
[0m:[93m489[0m:[93m32[0m
 - [91merror[0m[90m 
TS2339: [0mProperty 'user' 
does not exist on type 
'PrismaService'.

[7m489[0m       user = 
await 
this.prisma.user.create({
[7m   [0m [91m            
                   ~~~~[0m
[96msrc/auth/auth.service.ts
[0m:[93m510[0m:[93m32[0m
 - [91merror[0m[90m 
TS2339: [0mProperty 'user' 
does not exist on type 
'PrismaService'.

[7m510[0m       user = 
await 
this.prisma.user.update({
[7m   [0m [91m            
                   ~~~~[0m
[96msrc/auth/auth.service.ts
[0m:[93m561[0m:[93m23[0m
 - [91merror[0m[90m 
TS2339: [0mProperty 
'loginHistory' does not 
exist on type 
'PrismaService'.

[7m561[0m     await this.pr
isma.loginHistory.create({
[7m   [0m [91m            
          ~~~~~~~~~~~~[0m
[96msrc/auth/auth.service.ts
[0m:[93m571[0m:[93m23[0m
 - [91merror[0m[90m 
TS2339: [0mProperty 
'loginHistory' does not 
exist on type 
'PrismaService'.

[7m571[0m     await this.pr
isma.loginHistory.create({
[7m   [0m [91m            
          ~~~~~~~~~~~~[0m
[96msrc/auth/auth.service.ts
[0m:[93m752[0m:[93m42[0m
 - [91merror[0m[90m 
TS2339: [0mProperty 
'company' does not exist on 
type '{ terminalId: string; 
name: string; companyId: 
string | null; posId: 
string; terminalCode: 
string; locationId: string; 
}'.

[7m752[0m     const { 
terminalId, name, companyId, 
company, tenant, posId, 
locationId, terminalCode: 
dbTerminalCode } = 
validation.data;
[7m   [0m [91m            
                             
~~~~~~~[0m
[96msrc/auth/auth.service.ts
[0m:[93m752[0m:[93m51[0m
 - [91merror[0m[90m 
TS2339: [0mProperty 
'tenant' does not exist on 
type '{ terminalId: string; 
name: string; companyId: 
string | null; posId: 
string; terminalCode: 
string; locationId: string; 
}'.

[7m752[0m     const { 
terminalId, name, companyId, 
company, tenant, posId, 
locationId, terminalCode: 
dbTerminalCode } = 
validation.data;
[7m   [0m [91m            
                             
         ~~~~~~[0m
[96msrc/auth/auth.service.ts
[0m:[93m812[0m:[93m38[0m
 - [91merror[0m[90m 
TS2339: [0mProperty 'user' 
does not exist on type 
'PrismaService'.

[7m812[0m       const user 
= await 
this.prisma.user.findUnique({
[7m   [0m [91m            
                         
~~~~[0m
[96msrc/auth/auth.service.ts
[0m:[93m851[0m:[93m35[0m
 - [91merror[0m[90m 
TS2339: [0mProperty 'user' 
does not exist on type 
'PrismaService'.

[7m851[0m     let user = 
(await 
this.prisma.user.findUnique({
[7m   [0m [91m            
                      
~~~~[0m
[96msrc/auth/auth.service.ts
[0m:[93m963[0m:[93m36[0m
 - [91merror[0m[90m 
TS2339: [0mProperty 'user' 
does not exist on type 
'PrismaService'.

[7m963[0m     const user = 
await 
this.prisma.user.findUnique({
[7m   [0m [91m            
                       
~~~~[0m
[96msrc/auth/auth.service.ts
[0m:[93m994[0m:[93m36[0m
 - [91merror[0m[90m 
TS2339: [0mProperty 'user' 
does not exist on type 
'PrismaService'.

[7m994[0m     const user = 
await 
this.prisma.user.findUnique({
[7m   [0m [91m            
                       
~~~~[0m
[96msrc/auth/auth.service.ts
[0m:[93m1009[0m:[93m23[0
m - [91merror[0m[90m 
TS2339: [0mProperty 'user' 
does not exist on type 
'PrismaService'.

[7m1009[0m     await 
this.prisma.user.update({
[7m    [0m [91m           
           ~~~~[0m
[96msrc/auth/auth.service.ts
[0m:[93m1030[0m:[93m37[0
m - [91merror[0m[90m 
TS2339: [0mProperty 'user' 
does not exist on type 
'PrismaService'.

[7m1030[0m     const user 
= (await 
this.prisma.user.update({
[7m    [0m [91m           
                         
~~~~[0m
[96msrc/auth/auth.service.ts
[0m:[93m1077[0m:[93m36[0
m - [91merror[0m[90m 
TS2339: [0mProperty 
'loginHistory' does not 
exist on type 
'PrismaService'.

[7m1077[0m     const logs 
= await this.prisma.loginHist
ory.findMany({
[7m    [0m [91m           
                        
~~~~~~~~~~~~[0m
[96msrc/auth/auth.service.ts
[0m:[93m1086[0m:[93m38[0
m - [91merror[0m[90m 
TS2339: [0mProperty 'user' 
does not exist on type 
'PrismaService'.

[7m1086[0m     const users 
= (await 
this.prisma.user.findMany({
[7m    [0m [91m           
                          
~~~~[0m
[96msrc/auth/auth.service.ts
[0m:[93m1157[0m:[93m44[0
m - [91merror[0m[90m 
TS2339: [0mProperty 'user' 
does not exist on type 
'PrismaService'.

[7m1157[0m     const 
existingUser = await 
this.prisma.user.findUnique({
[7m    [0m [91m           
                             
   ~~~~[0m
[96msrc/auth/auth.service.ts
[0m:[93m1168[0m:[93m47[0
m - [91merror[0m[90m 
TS2339: [0mProperty 'user' 
does not exist on type 
'PrismaService'.

[7m1168[0m         const 
updatedUser = await 
this.prisma.user.update({
[7m    [0m [91m           
                             
      ~~~~[0m
[96msrc/auth/auth.service.ts
[0m:[93m1194[0m:[93m36[0
m - [91merror[0m[90m 
TS2339: [0mProperty 'user' 
does not exist on type 
'PrismaService'.

[7m1194[0m     const user 
= await 
this.prisma.user.create({
[7m    [0m [91m           
                        
~~~~[0m
[96msrc/auth/auth.service.ts
[0m:[93m1206[0m:[93m36[0
m - [91merror[0m[90m 
TS2339: [0mProperty 'user' 
does not exist on type 
'PrismaService'.

[7m1206[0m     const user 
= await 
this.prisma.user.update({ 
where: { id }, data });
[7m    [0m [91m           
                        
~~~~[0m
[96msrc/auth/auth.service.ts
[0m:[93m1211[0m:[93m37[0
m - [91merror[0m[90m 
TS2339: [0mProperty 'role' 
does not exist on type 
'PrismaService'.

[7m1211[0m     const roles 
= await 
this.prisma.role.findMany({
[7m    [0m [91m           
                         
~~~~[0m
[96msrc/auth/auth.service.ts
[0m:[93m1219[0m:[93m43[0
m - [91merror[0m[90m 
TS2339: [0mProperty 
'permission' does not exist 
on type 'PrismaService'.

[7m1219[0m     const 
permissions = await this.pris
ma.permission.findMany({
[7m    [0m [91m           
                             
  ~~~~~~~~~~[0m
[96msrc/auth/auth.service.ts
[0m:[93m1226[0m:[93m36[0
m - [91merror[0m[90m 
TS2339: [0mProperty 
'activityLog' does not exist 
on type 'PrismaService'.

[7m1226[0m     const logs 
= await this.prisma.activityL
og.findMany({
[7m    [0m [91m           
                        
~~~~~~~~~~~[0m
[96msrc/auth/auth.service.ts
[0m:[93m1237[0m:[93m36[0
m - [91merror[0m[90m 
TS2339: [0mProperty 'user' 
does not exist on type 
'PrismaService'.

[7m1237[0m     const user 
= await 
this.prisma.user.findUnique({
[7m    [0m [91m           
                        
~~~~[0m
[96msrc/auth/auth.service.ts
[0m:[93m1262[0m:[93m36[0
m - [91merror[0m[90m 
TS2339: [0mProperty 'user' 
does not exist on type 
'PrismaService'.

[7m1262[0m     const user 
= await 
this.prisma.user.findUnique({
[7m    [0m [91m           
                        
~~~~[0m
[96msrc/auth/auth.service.ts
[0m:[93m1305[0m:[93m36[0
m - [91merror[0m[90m 
TS2339: [0mProperty 'user' 
does not exist on type 
'PrismaService'.

[7m1305[0m     const user 
= await 
this.prisma.user.findUnique({
[7m    [0m [91m           
                        
~~~~[0m
[96msrc/auth/auth.service.ts
[0m:[93m1336[0m:[93m50[0
m - [91merror[0m[90m 
TS2339: [0mProperty 
'userSession' does not exist 
on type 'PrismaService'.

[7m1336[0m       const 
existingSessions = await this
.prisma.userSession.findMany(
{
[7m    [0m [91m           
                             
         ~~~~~~~~~~~[0m
[96msrc/auth/auth.service.ts
[0m:[93m1344[0m:[93m27[0
m - [91merror[0m[90m 
TS2339: [0mProperty 
'userSession' does not exist 
on type 'PrismaService'.

[7m1344[0m         await th
is.prisma.userSession.deleteM
any({
[7m    [0m [91m           
               
~~~~~~~~~~~[0m
[96msrc/auth/auth.service.ts
[0m:[93m1351[0m:[93m25[0
m - [91merror[0m[90m 
TS2339: [0mProperty 
'userSession' does not exist 
on type 'PrismaService'.

[7m1351[0m       await this
.prisma.userSession.deleteMan
y({
[7m    [0m [91m           
             ~~~~~~~~~~~[0m
[96msrc/auth/auth.service.ts
[0m:[93m1360[0m:[93m42[0
m - [91merror[0m[90m 
TS2339: [0mProperty 
'userSession' does not exist 
on type 'PrismaService'.

[7m1360[0m     const 
newSession = await this.prism
a.userSession.create({
[7m    [0m [91m           
                             
 ~~~~~~~~~~~[0m
[96msrc/auth/auth.service.ts
[0m:[93m1380[0m:[93m40[0
m - [91merror[0m[90m 
TS2339: [0mProperty 
'userSession' does not exist 
on type 'PrismaService'.

[7m1380[0m     const 
sessions = await this.prisma.
userSession.findMany({
[7m    [0m [91m           
                            
~~~~~~~~~~~[0m
[96msrc/auth/auth.service.ts
[0m:[93m1421[0m:[93m36[0
m - [91merror[0m[90m 
TS2339: [0mProperty 'user' 
does not exist on type 
'PrismaService'.

[7m1421[0m     const user 
= await 
this.prisma.user.findUnique({
[7m    [0m [91m           
                        
~~~~[0m
[96msrc/auth/auth.service.ts
[0m:[93m1524[0m:[93m23[0
m - [91merror[0m[90m 
TS2339: [0mProperty 
'loginHistory' does not 
exist on type 
'PrismaService'.

[7m1524[0m     await this.p
risma.loginHistory.create({
[7m    [0m [91m           
           ~~~~~~~~~~~~[0m
[96msrc/auth/auth.service.ts
[0m:[93m1565[0m:[93m38[0
m - [91merror[0m[90m 
TS2339: [0mProperty 'user' 
does not exist on type 
'PrismaService'.

[7m1565[0m       const 
user = await 
this.prisma.user.findUnique({
[7m    [0m [91m           
                          
~~~~[0m
[96msrc/bonus/bonus.service.
ts[0m:[93m14[0m:[93m13[0
m - [91merror[0m[90m 
TS2300: [0mDuplicate 
identifier 'prisma'.

[7m14[0m     private 
prisma: PrismaService,
[7m  [0m [91m            
~~~~~~[0m
[96msrc/bonus/bonus.service.
ts[0m:[93m15[0m:[93m13[0
m - [91merror[0m[90m 
TS2300: [0mDuplicate 
identifier 'prisma'.

[7m15[0m     private 
prisma: PrismaService,
[7m  [0m [91m            
~~~~~~[0m
[96msrc/bonus/bonus.service.
ts[0m:[93m43[0m:[93m25[0
m - [91merror[0m[90m 
TS2339: [0mProperty 'user' 
does not exist on type 
'PrismaService'.

[7m43[0m           ? 
this.prisma.user.findUnique({
[7m  [0m [91m             
           ~~~~[0m
[96msrc/bonus/bonus.service.
ts[0m:[93m54[0m:[93m25[0
m - [91merror[0m[90m 
TS2339: [0mProperty 'user' 
does not exist on type 
'PrismaService'.

[7m54[0m           ? 
this.prisma.user.findUnique({
[7m  [0m [91m             
           ~~~~[0m
[96msrc/bonus/bonus.service.
ts[0m:[93m178[0m:[93m23[
0m - [91merror[0m[90m 
TS2339: [0mProperty 'user' 
does not exist on type 
'PrismaService'.

[7m178[0m           
this.prisma.user.findMany({
[7m   [0m [91m            
          ~~~~[0m
[96msrc/common/guards/jwt-au
th.guard.ts[0m:[93m49[0m:
[93m36[0m - 
[91merror[0m[90m TS2339: 
[0mProperty 'prisma' does 
not exist on type 
'JwtAuthGuard'.

[7m49[0m         const 
session = await this.prisma.u
serSession.findUnique({
[7m  [0m [91m             
                      
~~~~~~[0m
[96msrc/common/guards/jwt-au
th.guard.ts[0m:[93m80[0m:
[93m31[0m - 
[91merror[0m[90m TS2339: 
[0mProperty 'prisma' does 
not exist on type 
'JwtAuthGuard'.

[7m80[0m       const user 
= await 
this.prisma.user.findUnique({
[7m  [0m [91m             
                 ~~~~~~[0m
[96msrc/common/guards/permis
sions.guard.ts[0m:[93m55[0
m:[93m29[0m - 
[91merror[0m[90m TS2339: 
[0mProperty 'prisma' does 
not exist on type 
'PermissionsGuard'.

[7m55[0m     const role = 
await 
this.prisma.role.findUnique({
[7m  [0m [91m             
               ~~~~~~[0m
[96msrc/dashboard/dashboard.
service.ts[0m:[93m8[0m:[9
3m13[0m - 
[91merror[0m[90m TS2300: 
[0mDuplicate identifier 
'prisma'.

[7m8[0m     private 
prisma: PrismaService,
[7m [0m [91m            
~~~~~~[0m
[96msrc/dashboard/dashboard.
service.ts[0m:[93m9[0m:[9
3m13[0m - 
[91merror[0m[90m TS2300: 
[0mDuplicate identifier 
'prisma'.

[7m9[0m     private 
prisma: PrismaService,
[7m [0m [91m            
~~~~~~[0m
[96msrc/dashboard/dashboard.
service.ts[0m:[93m322[0m:
[93m40[0m - 
[91merror[0m[90m TS2339: 
[0mProperty 'user' does not 
exist on type 
'PrismaService'.

[7m322[0m         const 
user = await 
this.prisma.user.findUnique({
[7m   [0m [91m            
                           
~~~~[0m
[96msrc/database/tenant-data
base.service.ts[0m:[93m50[
0m:[93m25[0m - 
[91merror[0m[90m TS2339: 
[0mProperty 'prisma' does 
not exist on type 
'TenantDatabaseService'.

[7m50[0m       const pool 
= this.prisma.getPool();
[7m  [0m [91m             
           ~~~~~~[0m
[96msrc/database/tenant-data
base.service.ts[0m:[93m64[
0m:[93m25[0m - 
[91merror[0m[90m TS2339: 
[0mProperty 'prisma' does 
not exist on type 
'TenantDatabaseService'.

[7m64[0m       const pool 
= this.prisma.getPool();
[7m  [0m [91m             
           ~~~~~~[0m
[96msrc/database/tenant-data
base.service.ts[0m:[93m80[
0m:[93m23[0m - 
[91merror[0m[90m TS2339: 
[0mProperty 'prisma' does 
not exist on type 
'TenantDatabaseService'.

[7m80[0m     const pool = 
this.prisma.getPool();
[7m  [0m [91m             
         ~~~~~~[0m
[96msrc/database/tenant-data
base.service.ts[0m:[93m116
[0m:[93m23[0m - 
[91merror[0m[90m TS2339: 
[0mProperty 'prisma' does 
not exist on type 
'TenantDatabaseService'.

[7m116[0m     const pool = 
this.prisma.getPool();
[7m   [0m [91m            
          ~~~~~~[0m
[96msrc/database/tenant-data
base.service.ts[0m:[93m299
[0m:[93m23[0m - 
[91merror[0m[90m TS2339: 
[0mProperty 'prisma' does 
not exist on type 
'TenantDatabaseService'.

[7m299[0m     const pool = 
this.prisma.getPool();
[7m   [0m [91m            
          ~~~~~~[0m
[96msrc/database/tenant-data
base.service.ts[0m:[93m327
[0m:[93m23[0m - 
[91merror[0m[90m TS2339: 
[0mProperty 'prisma' does 
not exist on type 
'TenantDatabaseService'.

[7m327[0m     const pool = 
this.prisma.getPool();
[7m   [0m [91m            
          ~~~~~~[0m
[96msrc/database/tenant.midd
leware.ts[0m:[93m130[0m:[
93m34[0m - 
[91merror[0m[90m TS2339: 
[0mProperty 'prisma' does 
not exist on type 
'TenantMiddleware'.

[7m130[0m       const 
company = await this.prisma.c
ompany.findFirst({
[7m   [0m [91m            
                     
~~~~~~[0m
[96msrc/database/tenant.midd
leware.ts[0m:[93m147[0m:[
93m33[0m - 
[91merror[0m[90m TS2339: 
[0mProperty 'prisma' does 
not exist on type 
'TenantMiddleware'.

[7m147[0m       const 
tenant = await this.prisma.te
nant.findFirst({
[7m   [0m [91m            
                    
~~~~~~[0m
[96msrc/deduction/deduction.
service.ts[0m:[93m14[0m:[
93m13[0m - 
[91merror[0m[90m TS2300: 
[0mDuplicate identifier 
'prisma'.

[7m14[0m     private 
prisma: PrismaService,
[7m  [0m [91m            
~~~~~~[0m
[96msrc/deduction/deduction.
service.ts[0m:[93m15[0m:[
93m13[0m - 
[91merror[0m[90m TS2300: 
[0mDuplicate identifier 
'prisma'.

[7m15[0m     private 
prisma: PrismaService,
[7m  [0m [91m            
~~~~~~[0m
[96msrc/deduction/deduction.
service.ts[0m:[93m203[0m:
[93m27[0m - 
[91merror[0m[90m TS2339: 
[0mProperty 'user' does not 
exist on type 
'PrismaService'.

[7m203[0m             ? 
this.prisma.user.findUnique({
[7m   [0m [91m            
              ~~~~[0m
[96msrc/deduction/deduction.
service.ts[0m:[93m214[0m:
[93m27[0m - 
[91merror[0m[90m TS2339: 
[0mProperty 'user' does not 
exist on type 
'PrismaService'.

[7m214[0m             ? 
this.prisma.user.findUnique({
[7m   [0m [91m            
              ~~~~[0m
[96msrc/employee/employee.se
rvice.ts[0m:[93m9[0m:[93m
10[0m - [91merror[0m[90m 
TS2305: [0mModule '"@prisma/
management-client"' has no 
exported member 
'SocialSecurityInstitution'.

[7m9[0m import { 
SocialSecurityInstitution } 
from 
'@prisma/management-client';
[7m [0m [91m         
~~~~~~~~~~~~~~~~~~~~~~~~~[0m
[96msrc/employee/employee.se
rvice.ts[0m:[93m95[0m:[93
m19[0m - 
[91merror[0m[90m TS2339: 
[0mProperty 'user' does not 
exist on type 
'PrismaService'.

[7m95[0m       
this.prisma.user.findMany({
[7m  [0m [91m             
     ~~~~[0m
[96msrc/employee/employee.se
rvice.ts[0m:[93m133[0m:[9
3m26[0m - 
[91merror[0m[90m TS2339: 
[0mProperty 'avatar' does 
not exist on type '{}'.

[7m133[0m         
avatarUrl: user?.avatar || 
null,
[7m   [0m [91m            
             ~~~~~~[0m
[96msrc/employee/employee.se
rvice.ts[0m:[93m348[0m:[9
3m23[0m - 
[91merror[0m[90m TS2339: 
[0mProperty 'user' does not 
exist on type 
'PrismaService'.

[7m348[0m         ? 
this.prisma.user.findUnique({
[7m   [0m [91m            
          ~~~~[0m
[96msrc/employee/employee.se
rvice.ts[0m:[93m904[0m:[9
3m38[0m - 
[91merror[0m[90m TS2339: 
[0mProperty 'user' does not 
exist on type 
'PrismaService'.

[7m904[0m         let user 
= await 
this.prisma.user.findUnique({
[7m   [0m [91m            
                         
~~~~[0m
[96msrc/employee/employee.se
rvice.ts[0m:[93m914[0m:[9
3m31[0m - 
[91merror[0m[90m TS2339: 
[0mProperty 'user' does not 
exist on type 
'PrismaService'.

[7m914[0m             
await 
this.prisma.user.update({
[7m   [0m [91m            
                  ~~~~[0m
[96msrc/employee/employee.se
rvice.ts[0m:[93m936[0m:[9
3m36[0m - 
[91merror[0m[90m TS2339: 
[0mProperty 'user' does not 
exist on type 
'PrismaService'.

[7m936[0m           user = 
await 
this.prisma.user.create({
[7m   [0m [91m            
                       
~~~~[0m
[96msrc/employee/employee.se
rvice.ts[0m:[93m1849[0m:[
93m31[0m - 
[91merror[0m[90m TS2339: 
[0mProperty 'user' does not 
exist on type 
'PrismaService'.

[7m1849[0m             
await 
this.prisma.user.update({
[7m    [0m [91m           
                   ~~~~[0m
[96msrc/employee/employee.se
rvice.ts[0m:[93m1856[0m:[
93m40[0m - 
[91merror[0m[90m TS2339: 
[0mProperty 'user' does not 
exist on type 
'PrismaService'.

[7m1856[0m           let 
user = await 
this.prisma.user.findUnique({
[7m    [0m [91m           
                            
~~~~[0m
[96msrc/employee/employee.se
rvice.ts[0m:[93m1868[0m:[
93m33[0m - 
[91merror[0m[90m TS2339: 
[0mProperty 'user' does not 
exist on type 
'PrismaService'.

[7m1868[0m               
await 
this.prisma.user.update({
[7m    [0m [91m           
                     ~~~~[0m
[96msrc/employee/employee.se
rvice.ts[0m:[93m1889[0m:[
93m38[0m - 
[91merror[0m[90m TS2339: 
[0mProperty 'user' does not 
exist on type 
'PrismaService'.

[7m1889[0m             
user = await 
this.prisma.user.create({
[7m    [0m [91m           
                          
~~~~[0m
[96msrc/employee/employee.se
rvice.ts[0m:[93m2214[0m:[
93m20[0m - 
[91merror[0m[90m TS2551: 
[0mProperty 'departmentId' 
does not exist on type 
'EmployeeUpdateInput'. Did 
you mean 'department'?

[7m2214[0m         
updateData.departmentId = 
resolvedDepartmentId;
[7m    [0m [91m           
        ~~~~~~~~~~~~[0m

  [96mnode_modules/.prisma/c
lient/index.d.ts[0m:[93m173
138[0m:[93m5[0m
    [7m173138[0m     
department?: DepartmentUpdate
OneRequiredWithoutEmployeesNe
stedInput
    [7m      [0m [96m    
~~~~~~~~~~[0m
    'department' is declared 
here.
[96msrc/employee/employee.se
rvice.ts[0m:[93m2225[0m:[
93m20[0m - 
[91merror[0m[90m TS2551: 
[0mProperty 
'subDepartmentId' does not 
exist on type 
'EmployeeUpdateInput'. Did 
you mean 'subDepartment'?

[7m2225[0m         
updateData.subDepartmentId = 
resolvedSubDepartmentId;
[7m    [0m [91m           
        ~~~~~~~~~~~~~~~[0m

  [96mnode_modules/.prisma/c
lient/index.d.ts[0m:[93m173
139[0m:[93m5[0m
    [7m173139[0m     
subDepartment?: SubDepartment
UpdateOneWithoutEmployeesNest
edInput
    [7m      [0m [96m    
~~~~~~~~~~~~~[0m
    'subDepartment' is 
declared here.
[96msrc/employee/employee.se
rvice.ts[0m:[93m2236[0m:[
93m20[0m - 
[91merror[0m[90m TS2551: 
[0mProperty 
'employeeGradeId' does not 
exist on type 
'EmployeeUpdateInput'. Did 
you mean 'employeeGrade'?

[7m2236[0m         
updateData.employeeGradeId = 
resolvedEmployeeGradeId;
[7m    [0m [91m           
        ~~~~~~~~~~~~~~~[0m

  [96mnode_modules/.prisma/c
lient/index.d.ts[0m:[93m173
140[0m:[93m5[0m
    [7m173140[0m     
employeeGrade?: EmployeeGrade
UpdateOneRequiredWithoutEmplo
yeesNestedInput
    [7m      [0m [96m    
~~~~~~~~~~~~~[0m
    'employeeGrade' is 
declared here.
[96msrc/employee/employee.se
rvice.ts[0m:[93m2247[0m:[
93m20[0m - 
[91merror[0m[90m TS2551: 
[0mProperty 'designationId' 
does not exist on type 
'EmployeeUpdateInput'. Did 
you mean 'designation'?

[7m2247[0m         
updateData.designationId = 
resolvedDesignationId;
[7m    [0m [91m           
        ~~~~~~~~~~~~~[0m

  [96mnode_modules/.prisma/c
lient/index.d.ts[0m:[93m173
141[0m:[93m5[0m
    [7m173141[0m     
designation?: DesignationUpda
teOneRequiredWithoutEmployees
NestedInput
    [7m      [0m [96m    
~~~~~~~~~~~[0m
    'designation' is 
declared here.
[96msrc/employee/employee.se
rvice.ts[0m:[93m2258[0m:[
93m20[0m - 
[91merror[0m[90m TS2551: 
[0mProperty 
'maritalStatusId' does not 
exist on type 
'EmployeeUpdateInput'. Did 
you mean 'maritalStatus'?

[7m2258[0m         
updateData.maritalStatusId = 
resolvedMaritalStatusId;
[7m    [0m [91m           
        ~~~~~~~~~~~~~~~[0m

  [96mnode_modules/.prisma/c
lient/index.d.ts[0m:[93m173
142[0m:[93m5[0m
    [7m173142[0m     
maritalStatus?: MaritalStatus
UpdateOneWithoutEmployeesNest
edInput
    [7m      [0m [96m    
~~~~~~~~~~~~~[0m
    'maritalStatus' is 
declared here.
[96msrc/employee/employee.se
rvice.ts[0m:[93m2270[0m:[
93m20[0m - 
[91merror[0m[90m TS2551: 
[0mProperty 
'employmentStatusId' does 
not exist on type 
'EmployeeUpdateInput'. Did 
you mean 'employmentStatus'?

[7m2270[0m         updateDa
ta.employmentStatusId = 
resolvedEmploymentStatusId;
[7m    [0m [91m           
        
~~~~~~~~~~~~~~~~~~[0m

  [96mnode_modules/.prisma/c
lient/index.d.ts[0m:[93m173
143[0m:[93m5[0m
    [7m173143[0m     
employmentStatus?: EmployeeSt
atusUpdateOneWithoutEmployees
NestedInput
    [7m      [0m [96m    
~~~~~~~~~~~~~~~~[0m
    'employmentStatus' is 
declared here.
[96msrc/employee/employee.se
rvice.ts[0m:[93m2337[0m:[
93m20[0m - 
[91merror[0m[90m TS2551: 
[0mProperty 'countryId' 
does not exist on type 
'EmployeeUpdateInput'. Did 
you mean 'country'?

[7m2337[0m         
updateData.countryId = 
resolvedCountryId;
[7m    [0m [91m           
        ~~~~~~~~~[0m

  [96mnode_modules/.prisma/c
lient/index.d.ts[0m:[93m173
144[0m:[93m5[0m
    [7m173144[0m     
country?: CountryUpdateOneReq
uiredWithoutEmployeesNestedIn
put
    [7m      [0m [96m    
~~~~~~~[0m
    'country' is declared 
here.
[96msrc/employee/employee.se
rvice.ts[0m:[93m2348[0m:[
93m20[0m - 
[91merror[0m[90m TS2551: 
[0mProperty 'stateId' does 
not exist on type 
'EmployeeUpdateInput'. Did 
you mean 'state'?

[7m2348[0m         
updateData.stateId = 
resolvedStateId;
[7m    [0m [91m           
        ~~~~~~~[0m

  [96mnode_modules/.prisma/c
lient/index.d.ts[0m:[93m173
145[0m:[93m5[0m
    [7m173145[0m     
state?: StateUpdateOneRequire
dWithoutEmployeesNestedInput
    [7m      [0m [96m    
~~~~~[0m
    'state' is declared here.
[96msrc/employee/employee.se
rvice.ts[0m:[93m2359[0m:[
93m20[0m - 
[91merror[0m[90m TS2551: 
[0mProperty 'cityId' does 
not exist on type 
'EmployeeUpdateInput'. Did 
you mean 'city'?

[7m2359[0m         
updateData.cityId = 
resolvedCityId;
[7m    [0m [91m           
        ~~~~~~[0m

  [96mnode_modules/.prisma/c
lient/index.d.ts[0m:[93m173
146[0m:[93m5[0m
    [7m173146[0m     
city?: CityUpdateOneRequiredW
ithoutEmployeesNestedInput
    [7m      [0m [96m    
~~~~[0m
    'city' is declared here.
[96msrc/employee/employee.se
rvice.ts[0m:[93m2413[0m:[
93m20[0m - 
[91merror[0m[90m TS2551: 
[0mProperty 
'workingHoursPolicyId' does 
not exist on type 
'EmployeeUpdateInput'. Did 
you mean 
'workingHoursPolicy'?

[7m2413[0m         updateDa
ta.workingHoursPolicyId = 
resolvedWorkingHoursPolicyId;
[7m    [0m [91m           
        
~~~~~~~~~~~~~~~~~~~~[0m

  [96mnode_modules/.prisma/c
lient/index.d.ts[0m:[93m173
147[0m:[93m5[0m
    [7m173147[0m     
workingHoursPolicy?: WorkingH
oursPolicyUpdateOneRequiredWi
thoutEmployeesNestedInput
    [7m      [0m [96m    
~~~~~~~~~~~~~~~~~~[0m
    'workingHoursPolicy' is 
declared here.
[96msrc/employee/employee.se
rvice.ts[0m:[93m2424[0m:[
93m20[0m - 
[91merror[0m[90m TS2551: 
[0mProperty 'locationId' 
does not exist on type 
'EmployeeUpdateInput'. Did 
you mean 'location'?

[7m2424[0m         
updateData.locationId = 
resolvedLocationId;
[7m    [0m [91m           
        ~~~~~~~~~~[0m

  [96mnode_modules/.prisma/c
lient/index.d.ts[0m:[93m173
148[0m:[93m5[0m
    [7m173148[0m     
location?: LocationUpdateOneW
ithoutEmployeesNestedInput
    [7m      [0m [96m    
~~~~~~~~[0m
    'location' is declared 
here.
[96msrc/employee/employee.se
rvice.ts[0m:[93m2435[0m:[
93m20[0m - 
[91merror[0m[90m TS2551: 
[0mProperty 
'leavesPolicyId' does not 
exist on type 
'EmployeeUpdateInput'. Did 
you mean 'leavesPolicy'?

[7m2435[0m         
updateData.leavesPolicyId = 
resolvedLeavesPolicyId;
[7m    [0m [91m           
        ~~~~~~~~~~~~~~[0m

  [96mnode_modules/.prisma/c
lient/index.d.ts[0m:[93m173
150[0m:[93m5[0m
    [7m173150[0m     
leavesPolicy?: LeavesPolicyUp
dateOneRequiredWithoutEmploye
esNestedInput
    [7m      [0m [96m    
~~~~~~~~~~~~[0m
    'leavesPolicy' is 
declared here.
[96msrc/employee/employee.se
rvice.ts[0m:[93m2465[0m:[
93m20[0m - 
[91merror[0m[90m TS2551: 
[0mProperty 'socialSecurityI
nstitutionId' does not exist 
on type 
'EmployeeUpdateInput'. Did 
you mean 
'socialSecurityInstitution'?

[7m2465[0m         updateDa
ta.socialSecurityInstitutionI
d = (
[7m    [0m [91m           
        ~~~~~~~~~~~~~~~~~~~~~
~~~~~~[0m

  [96mnode_modules/.prisma/c
lient/index.d.ts[0m:[93m173
151[0m:[93m5[0m
    [7m173151[0m     
socialSecurityInstitution?: S
ocialSecurityInstitutionUpdat
eOneWithoutEmployeesNestedInp
ut
    [7m      [0m [96m    
~~~~~~~~~~~~~~~~~~~~~~~~~[0m
    
'socialSecurityInstitution' 
is declared here.
[96msrc/employee/employee.se
rvice.ts[0m:[93m2630[0m:[
93m25[0m - 
[91merror[0m[90m TS2551: 
[0mProperty 'departmentId' 
does not exist on type 
'EmployeeUpdateInput'. Did 
you mean 'department'?

[7m2630[0m             
(updateData.departmentId as 
any) || 
existing.departmentId,
[7m    [0m [91m           
             ~~~~~~~~~~~~[0m

  [96mnode_modules/.prisma/c
lient/index.d.ts[0m:[93m173
138[0m:[93m5[0m
    [7m173138[0m     
department?: DepartmentUpdate
OneRequiredWithoutEmployeesNe
stedInput
    [7m      [0m [96m    
~~~~~~~~~~[0m
    'department' is declared 
here.
[96msrc/employee/employee.se
rvice.ts[0m:[93m2633[0m:[
93m25[0m - 
[91merror[0m[90m TS2551: 
[0mProperty 'designationId' 
does not exist on type 
'EmployeeUpdateInput'. Did 
you mean 'designation'?

[7m2633[0m             
(updateData.designationId as 
any) || 
existing.designationId,
[7m    [0m [91m           
             
~~~~~~~~~~~~~[0m

  [96mnode_modules/.prisma/c
lient/index.d.ts[0m:[93m173
141[0m:[93m5[0m
    [7m173141[0m     
designation?: DesignationUpda
teOneRequiredWithoutEmployees
NestedInput
    [7m      [0m [96m    
~~~~~~~~~~~[0m
    'designation' is 
declared here.
[96msrc/employee/employee.se
rvice.ts[0m:[93m2657[0m:[
93m27[0m - 
[91merror[0m[90m TS2339: 
[0mProperty 'user' does not 
exist on type 
'PrismaService'.

[7m2657[0m         await 
this.prisma.user.update({
[7m    [0m [91m           
               ~~~~[0m
[96msrc/employee/transfer/tr
ansfer.service.ts[0m:[93m13
[0m:[93m13[0m - 
[91merror[0m[90m TS2300: 
[0mDuplicate identifier 
'prisma'.

[7m13[0m     private 
prisma: PrismaService,
[7m  [0m [91m            
~~~~~~[0m
[96msrc/employee/transfer/tr
ansfer.service.ts[0m:[93m14
[0m:[93m13[0m - 
[91merror[0m[90m TS2300: 
[0mDuplicate identifier 
'prisma'.

[7m14[0m     private 
prisma: PrismaService,
[7m  [0m [91m            
~~~~~~[0m
[96msrc/employee/transfer/tr
ansfer.service.ts[0m:[93m12
6[0m:[93m19[0m - 
[91merror[0m[90m TS2339: 
[0mProperty 'user' does not 
exist on type 
'PrismaService'.

[7m126[0m       
this.prisma.user.findMany({
[7m   [0m [91m            
      ~~~~[0m
[96msrc/exit-clearance/exit-
clearance.service.ts[0m:[93
m9[0m:[93m13[0m - 
[91merror[0m[90m TS2300: 
[0mDuplicate identifier 
'prisma'.

[7m9[0m     private 
prisma: PrismaService,
[7m [0m [91m            
~~~~~~[0m
[96msrc/exit-clearance/exit-
clearance.service.ts[0m:[93
m10[0m:[93m13[0m - 
[91merror[0m[90m TS2300: 
[0mDuplicate identifier 
'prisma'.

[7m10[0m     private 
prisma: PrismaService,
[7m  [0m [91m            
~~~~~~[0m
[96msrc/finance/item/item.se
rvice.ts[0m:[93m9[0m:[93m
13[0m - [91merror[0m[90m 
TS2300: [0mDuplicate 
identifier 'prisma'.

[7m9[0m     private 
prisma: PrismaService,
[7m [0m [91m            
~~~~~~[0m
[96msrc/finance/item/item.se
rvice.ts[0m:[93m10[0m:[93
m13[0m - 
[91merror[0m[90m TS2300: 
[0mDuplicate identifier 
'prisma'.

[7m10[0m     private 
prisma: PrismaService,
[7m  [0m [91m            
~~~~~~[0m
[96msrc/increment/increment.
service.ts[0m:[93m13[0m:[
93m13[0m - 
[91merror[0m[90m TS2300: 
[0mDuplicate identifier 
'prisma'.

[7m13[0m     private 
prisma: PrismaService,
[7m  [0m [91m            
~~~~~~[0m
[96msrc/increment/increment.
service.ts[0m:[93m14[0m:[
93m13[0m - 
[91merror[0m[90m TS2300: 
[0mDuplicate identifier 
'prisma'.

[7m14[0m     private 
prisma: PrismaService,
[7m  [0m [91m            
~~~~~~[0m
[96msrc/increment/increment.
service.ts[0m:[93m54[0m:[
93m23[0m - 
[91merror[0m[90m TS2339: 
[0mProperty 'user' does not 
exist on type 
'PrismaService'.

[7m54[0m         ? 
this.prisma.user.findUnique({
[7m  [0m [91m             
         ~~~~[0m
[96msrc/increment/increment.
service.ts[0m:[93m60[0m:[
93m23[0m - 
[91merror[0m[90m TS2339: 
[0mProperty 'user' does not 
exist on type 
'PrismaService'.

[7m60[0m         ? 
this.prisma.user.findUnique({
[7m  [0m [91m             
         ~~~~[0m
[96msrc/integration/integrat
ion.service.ts[0m:[93m27[0
m:[93m29[0m - 
[91merror[0m[90m TS2339: 
[0mProperty 'prisma' does 
not exist on type 
'IntegrationService'.

[7m27[0m     let tenant = 
await this.prisma.tenant.find
Unique({
[7m  [0m [91m             
               ~~~~~~[0m
[96msrc/integration/integrat
ion.service.ts[0m:[93m34[0
m:[93m27[0m - 
[91merror[0m[90m TS2339: 
[0mProperty 'prisma' does 
not exist on type 
'IntegrationService'.

[7m34[0m       tenant = 
await 
this.prisma.tenant.update({
[7m  [0m [91m             
             ~~~~~~[0m
[96msrc/integration/integrat
ion.service.ts[0m:[93m60[0
m:[93m27[0m - 
[91merror[0m[90m TS2339: 
[0mProperty 'prisma' does 
not exist on type 
'IntegrationService'.

[7m60[0m       tenant = 
await this.prisma.tenant.find
Unique({
[7m  [0m [91m             
             ~~~~~~[0m
[96msrc/integration/integrat
ion.service.ts[0m:[93m94[0
m:[93m31[0m - 
[91merror[0m[90m TS2339: 
[0mProperty 'prisma' does 
not exist on type 
'IntegrationService'.

[7m94[0m     const tenant 
= await this.prisma.tenant.fi
ndUnique({
[7m  [0m [91m             
                 ~~~~~~[0m
[96msrc/integration/integrat
ion.service.ts[0m:[93m109[
0m:[93m31[0m - 
[91merror[0m[90m TS2339: 
[0mProperty 'prisma' does 
not exist on type 
'IntegrationService'.

[7m109[0m       roleRecord 
= await 
this.prisma.role.findFirst({
[7m   [0m [91m            
                  ~~~~~~[0m
[96msrc/integration/integrat
ion.service.ts[0m:[93m115[
0m:[93m27[0m - 
[91merror[0m[90m TS2339: 
[0mProperty 'prisma' does 
not exist on type 
'IntegrationService'.

[7m115[0m     let user = 
await 
this.prisma.user.findUnique({
[7m   [0m [91m            
              ~~~~~~[0m
[96msrc/integration/integrat
ion.service.ts[0m:[93m122[
0m:[93m25[0m - 
[91merror[0m[90m TS2339: 
[0mProperty 'prisma' does 
not exist on type 
'IntegrationService'.

[7m122[0m       user = 
await 
this.prisma.user.update({
[7m   [0m [91m            
            ~~~~~~[0m
[96msrc/integration/integrat
ion.service.ts[0m:[93m136[
0m:[93m25[0m - 
[91merror[0m[90m TS2339: 
[0mProperty 'prisma' does 
not exist on type 
'IntegrationService'.

[7m136[0m       user = 
await 
this.prisma.user.create({
[7m   [0m [91m            
            ~~~~~~[0m
[96msrc/integration/integrat
ion.service.ts[0m:[93m171[
0m:[93m31[0m - 
[91merror[0m[90m TS2339: 
[0mProperty 'prisma' does 
not exist on type 
'IntegrationService'.

[7m171[0m     const tenant 
= await this.prisma.tenant.fi
ndUnique({
[7m   [0m [91m            
                  ~~~~~~[0m
[96msrc/integration/integrat
ion.service.ts[0m:[93m180[
0m:[93m16[0m - 
[91merror[0m[90m TS2339: 
[0mProperty 'prisma' does 
not exist on type 
'IntegrationService'.

[7m180[0m     await 
this.prisma.tenant.update({
[7m   [0m [91m            
   ~~~~~~[0m
[96msrc/integration/integrat
ion.service.ts[0m:[93m186[
0m:[93m16[0m - 
[91merror[0m[90m TS2339: 
[0mProperty 'prisma' does 
not exist on type 
'IntegrationService'.

[7m186[0m     await 
this.prisma.user.updateMany({
[7m   [0m [91m            
   ~~~~~~[0m
[96msrc/leave-application/le
ave-application.service.ts[0
m:[93m10[0m:[93m13[0m - 
[91merror[0m[90m TS2300: 
[0mDuplicate identifier 
'prisma'.

[7m10[0m     private 
prisma: PrismaService,
[7m  [0m [91m            
~~~~~~[0m
[96msrc/leave-application/le
ave-application.service.ts[0
m:[93m11[0m:[93m13[0m - 
[91merror[0m[90m TS2300: 
[0mDuplicate identifier 
'prisma'.

[7m11[0m     private 
prisma: PrismaService,
[7m  [0m [91m            
~~~~~~[0m
[96msrc/leave-application/le
ave-application.service.ts[0
m:[93m710[0m:[93m38[0m - 
[91merror[0m[90m TS2339: 
[0mProperty 'user' does not 
exist on type 
'PrismaService'.

[7m710[0m       const user 
= await 
this.prisma.user.findUnique({
[7m   [0m [91m            
                         
~~~~[0m
[96msrc/leave-application/le
ave-application.service.ts[0
m:[93m1000[0m:[93m38[0m 
- [91merror[0m[90m 
TS2339: [0mProperty 'user' 
does not exist on type 
'PrismaService'.

[7m1000[0m       const 
user = await 
this.prisma.user.findUnique({
[7m    [0m [91m           
                          
~~~~[0m
[96msrc/leave-encashment/lea
ve-encashment.service.ts[0m:
[93m14[0m:[93m13[0m - 
[91merror[0m[90m TS2300: 
[0mDuplicate identifier 
'prisma'.

[7m14[0m     private 
prisma: PrismaService,
[7m  [0m [91m            
~~~~~~[0m
[96msrc/leave-encashment/lea
ve-encashment.service.ts[0m:
[93m15[0m:[93m13[0m - 
[91merror[0m[90m TS2300: 
[0mDuplicate identifier 
'prisma'.

[7m15[0m     private 
prisma: PrismaService,
[7m  [0m [91m            
~~~~~~[0m
[96msrc/leave-encashment/lea
ve-encashment.service.ts[0m:
[93m110[0m:[93m25[0m - 
[91merror[0m[90m TS2339: 
[0mProperty 'user' does not 
exist on type 
'PrismaService'.

[7m110[0m           ? 
this.prisma.user.findUnique({
[7m   [0m [91m            
            ~~~~[0m
[96msrc/leave-encashment/lea
ve-encashment.service.ts[0m:
[93m121[0m:[93m25[0m - 
[91merror[0m[90m TS2339: 
[0mProperty 'user' does not 
exist on type 
'PrismaService'.

[7m121[0m           ? 
this.prisma.user.findUnique({
[7m   [0m [91m            
            ~~~~[0m
[96msrc/leave-encashment/lea
ve-encashment.service.ts[0m:
[93m132[0m:[93m25[0m - 
[91merror[0m[90m TS2339: 
[0mProperty 'user' does not 
exist on type 
'PrismaService'.

[7m132[0m           ? 
this.prisma.user.findUnique({
[7m   [0m [91m            
            ~~~~[0m
[96msrc/leave-encashment/lea
ve-encashment.service.ts[0m:
[93m272[0m:[93m21[0m - 
[91merror[0m[90m TS2339: 
[0mProperty 'user' does not 
exist on type 
'PrismaService'.

[7m272[0m         
this.prisma.user.findMany({
[7m   [0m [91m            
        ~~~~[0m
[96msrc/loan-request/loan-re
quest.service.ts[0m:[93m14
[0m:[93m13[0m - 
[91merror[0m[90m TS2300: 
[0mDuplicate identifier 
'prisma'.

[7m14[0m     private 
prisma: PrismaService,
[7m  [0m [91m            
~~~~~~[0m
[96msrc/loan-request/loan-re
quest.service.ts[0m:[93m15
[0m:[93m13[0m - 
[91merror[0m[90m TS2300: 
[0mDuplicate identifier 
'prisma'.

[7m15[0m     private 
prisma: PrismaService,
[7m  [0m [91m            
~~~~~~[0m
[96msrc/loan-request/loan-re
quest.service.ts[0m:[93m144
[0m:[93m23[0m - 
[91merror[0m[90m TS2339: 
[0mProperty 'user' does not 
exist on type 
'PrismaService'.

[7m144[0m         ? 
this.prisma.user.findUnique({
[7m   [0m [91m            
          ~~~~[0m
[96msrc/loan-request/loan-re
quest.service.ts[0m:[93m150
[0m:[93m23[0m - 
[91merror[0m[90m TS2339: 
[0mProperty 'user' does not 
exist on type 
'PrismaService'.

[7m150[0m         ? 
this.prisma.user.findUnique({
[7m   [0m [91m            
          ~~~~[0m
[96msrc/loan-request/loan-re
quest.service.ts[0m:[93m156
[0m:[93m23[0m - 
[91merror[0m[90m TS2339: 
[0mProperty 'user' does not 
exist on type 
'PrismaService'.

[7m156[0m         ? 
this.prisma.user.findUnique({
[7m   [0m [91m            
          ~~~~[0m
[96msrc/loan-request/loan-re
quest.service.ts[0m:[93m291
[0m:[93m23[0m - 
[91merror[0m[90m TS2339: 
[0mProperty 'user' does not 
exist on type 
'PrismaService'.

[7m291[0m           
this.prisma.user.findMany({
[7m   [0m [91m            
          ~~~~[0m
[96msrc/loan-request/loan-re
quest.service.ts[0m:[93m401
[0m:[93m25[0m - 
[91merror[0m[90m TS2339: 
[0mProperty 'user' does not 
exist on type 
'PrismaService'.

[7m401[0m           ? 
this.prisma.user.findUnique({
[7m   [0m [91m            
            ~~~~[0m
[96msrc/loan-request/loan-re
quest.service.ts[0m:[93m412
[0m:[93m25[0m - 
[91merror[0m[90m TS2339: 
[0mProperty 'user' does not 
exist on type 
'PrismaService'.

[7m412[0m           ? 
this.prisma.user.findUnique({
[7m   [0m [91m            
            ~~~~[0m
[96msrc/loan-request/loan-re
quest.service.ts[0m:[93m423
[0m:[93m25[0m - 
[91merror[0m[90m TS2339: 
[0mProperty 'user' does not 
exist on type 
'PrismaService'.

[7m423[0m           ? 
this.prisma.user.findUnique({
[7m   [0m [91m            
            ~~~~[0m
[96msrc/loan-request/loan-re
quest.service.ts[0m:[93m652
[0m:[93m29[0m - 
[91merror[0m[90m TS2339: 
[0mProperty 'user' does not 
exist on type 
'PrismaService'.

[7m652[0m               ? 
this.prisma.user.findUnique({
[7m   [0m [91m            
                ~~~~[0m
[96msrc/loan-request/loan-re
quest.service.ts[0m:[93m821
[0m:[93m25[0m - 
[91merror[0m[90m TS2339: 
[0mProperty 'user' does not 
exist on type 
'PrismaService'.

[7m821[0m           ? 
this.prisma.user.findUnique({
[7m   [0m [91m            
            ~~~~[0m
[96msrc/loan-request/loan-re
quest.service.ts[0m:[93m832
[0m:[93m25[0m - 
[91merror[0m[90m TS2339: 
[0mProperty 'user' does not 
exist on type 
'PrismaService'.

[7m832[0m           ? 
this.prisma.user.findUnique({
[7m   [0m [91m            
            ~~~~[0m
[96msrc/loan-request/loan-re
quest.service.ts[0m:[93m843
[0m:[93m25[0m - 
[91merror[0m[90m TS2339: 
[0mProperty 'user' does not 
exist on type 
'PrismaService'.

[7m843[0m           ? 
this.prisma.user.findUnique({
[7m   [0m [91m            
            ~~~~[0m
[96msrc/master/advance-salar
y/advance-salary.service.ts[
0m:[93m15[0m:[93m13[0m - 
[91merror[0m[90m TS2300: 
[0mDuplicate identifier 
'prisma'.

[7m15[0m     private 
prisma: PrismaService,
[7m  [0m [91m            
~~~~~~[0m
[96msrc/master/advance-salar
y/advance-salary.service.ts[
0m:[93m16[0m:[93m13[0m - 
[91merror[0m[90m TS2300: 
[0mDuplicate identifier 
'prisma'.

[7m16[0m     private 
prisma: PrismaService,
[7m  [0m [91m            
~~~~~~[0m
[96msrc/master/advance-salar
y/advance-salary.service.ts[
0m:[93m182[0m:[93m21[0m 
- [91merror[0m[90m 
TS2339: [0mProperty 'user' 
does not exist on type 
'PrismaService'.

[7m182[0m         
this.prisma.user.findMany({
[7m   [0m [91m            
        ~~~~[0m
[96msrc/master/advance-salar
y/advance-salary.service.ts[
0m:[93m260[0m:[93m21[0m 
- [91merror[0m[90m 
TS2339: [0mProperty 'user' 
does not exist on type 
'PrismaService'.

[7m260[0m         
this.prisma.user.findMany({
[7m   [0m [91m            
        ~~~~[0m
[96msrc/master/allocation/al
location.service.ts[0m:[93m
2[0m:[93m10[0m - 
[91merror[0m[90m TS2300: 
[0mDuplicate identifier 
'PrismaService'.

[7m2[0m import { 
PrismaService } from '../../d
atabase/prisma.service';
[7m [0m [91m         
~~~~~~~~~~~~~[0m
[96msrc/master/allocation/al
location.service.ts[0m:[93m
4[0m:[93m10[0m - 
[91merror[0m[90m TS2300: 
[0mDuplicate identifier 
'PrismaService'.

[7m4[0m import { 
PrismaService } from '../../d
atabase/prisma.service';
[7m [0m [91m         
~~~~~~~~~~~~~[0m
[96msrc/master/allocation/al
location.service.ts[0m:[93m
9[0m:[93m13[0m - 
[91merror[0m[90m TS2300: 
[0mDuplicate identifier 
'prisma'.

[7m9[0m     private 
prisma: PrismaService,
[7m [0m [91m            
~~~~~~[0m
[96msrc/master/allocation/al
location.service.ts[0m:[93m
10[0m:[93m13[0m - 
[91merror[0m[90m TS2300: 
[0mDuplicate identifier 
'prisma'.

[7m10[0m     private 
prisma: PrismaService,
[7m  [0m [91m            
~~~~~~[0m
[96msrc/master/allocation/al
location.service.ts[0m:[93m
127[0m:[93m39[0m - 
[91merror[0m[90m TS2339: 
[0mProperty 'user' does not 
exist on type 
'PrismaService'.

[7m127[0m       const 
users = await 
this.prisma.user.findMany({
[7m   [0m [91m            
                          
~~~~[0m
[96msrc/master/allocation/al
location.service.ts[0m:[93m
157[0m:[93m39[0m - 
[91merror[0m[90m TS2339: 
[0mProperty 'user' does not 
exist on type 
'PrismaService'.

[7m157[0m         
createdBy = await 
this.prisma.user.findUnique({
[7m   [0m [91m            
                          
~~~~[0m
[96msrc/master/brand/brand.s
ervice.ts[0m:[93m17[0m:[9
3m13[0m - 
[91merror[0m[90m TS2300: 
[0mDuplicate identifier 
'prisma'.

[7m17[0m     private 
prisma: PrismaService,
[7m  [0m [91m            
~~~~~~[0m
[96msrc/master/brand/brand.s
ervice.ts[0m:[93m18[0m:[9
3m13[0m - 
[91merror[0m[90m TS2300: 
[0mDuplicate identifier 
'prisma'.

[7m18[0m     private 
prisma: PrismaService,
[7m  [0m [91m            
~~~~~~[0m
[96msrc/master/brand/brand.s
ervice.ts[0m:[93m42[0m:[9
3m37[0m - 
[91merror[0m[90m TS2339: 
[0mProperty 'user' does not 
exist on type 
'PrismaService'.

[7m42[0m     const users = 
await 
this.prisma.user.findMany({
[7m  [0m [91m             
                       
~~~~[0m
[96msrc/master/brand/brand.s
ervice.ts[0m:[93m53[0m:[9
3m24[0m - 
[91merror[0m[90m TS2339: 
[0mProperty 'firstName' 
does not exist on type '{}'.

[7m53[0m           ? 
`${creator.firstName} 
${creator.lastName || 
''}`.trim()
[7m  [0m [91m             
          ~~~~~~~~~[0m
[96msrc/master/brand/brand.s
ervice.ts[0m:[93m53[0m:[9
3m45[0m - 
[91merror[0m[90m TS2339: 
[0mProperty 'lastName' does 
not exist on type '{}'.

[7m53[0m           ? 
`${creator.firstName} 
${creator.lastName || 
''}`.trim()
[7m  [0m [91m             
                             
  ~~~~~~~~[0m
[96msrc/master/brand/brand.s
ervice.ts[0m:[93m72[0m:[9
3m38[0m - 
[91merror[0m[90m TS2339: 
[0mProperty 'user' does not 
exist on type 
'PrismaService'.

[7m72[0m       const user 
= await 
this.prisma.user.findUnique({
[7m  [0m [91m             
                        
~~~~[0m
[96msrc/master/brand/brand.s
ervice.ts[0m:[93m271[0m:[
93m37[0m - 
[91merror[0m[90m TS2339: 
[0mProperty 'user' does not 
exist on type 
'PrismaService'.

[7m271[0m     const users 
= await 
this.prisma.user.findMany({
[7m   [0m [91m            
                        
~~~~[0m
[96msrc/master/brand/brand.s
ervice.ts[0m:[93m283[0m:[
93m24[0m - 
[91merror[0m[90m TS2339: 
[0mProperty 'firstName' 
does not exist on type '{}'.

[7m283[0m           ? 
`${creator.firstName} 
${creator.lastName || 
''}`.trim()
[7m   [0m [91m            
           ~~~~~~~~~[0m
[96msrc/master/brand/brand.s
ervice.ts[0m:[93m283[0m:[
93m45[0m - 
[91merror[0m[90m TS2339: 
[0mProperty 'lastName' does 
not exist on type '{}'.

[7m283[0m           ? 
`${creator.firstName} 
${creator.lastName || 
''}`.trim()
[7m   [0m [91m            
                             
   ~~~~~~~~[0m
[96msrc/master/channel-class
/channel-class.service.ts[0m
:[93m16[0m:[93m13[0m - 
[91merror[0m[90m TS2300: 
[0mDuplicate identifier 
'prisma'.

[7m16[0m     private 
prisma: PrismaService,
[7m  [0m [91m            
~~~~~~[0m
[96msrc/master/channel-class
/channel-class.service.ts[0m
:[93m17[0m:[93m13[0m - 
[91merror[0m[90m TS2300: 
[0mDuplicate identifier 
'prisma'.

[7m17[0m     private 
prisma: PrismaService,
[7m  [0m [91m            
~~~~~~[0m
[96msrc/master/channel-class
/channel-class.service.ts[0m
:[93m36[0m:[93m37[0m - 
[91merror[0m[90m TS2339: 
[0mProperty 'user' does not 
exist on type 
'PrismaService'.

[7m36[0m     const users = 
await 
this.prisma.user.findMany({
[7m  [0m [91m             
                       
~~~~[0m
[96msrc/master/channel-class
/channel-class.service.ts[0m
:[93m47[0m:[93m24[0m - 
[91merror[0m[90m TS2339: 
[0mProperty 'firstName' 
does not exist on type '{}'.

[7m47[0m           ? 
`${creator.firstName} 
${creator.lastName || 
''}`.trim()
[7m  [0m [91m             
          ~~~~~~~~~[0m
[96msrc/master/channel-class
/channel-class.service.ts[0m
:[93m47[0m:[93m45[0m - 
[91merror[0m[90m TS2339: 
[0mProperty 'lastName' does 
not exist on type '{}'.

[7m47[0m           ? 
`${creator.firstName} 
${creator.lastName || 
''}`.trim()
[7m  [0m [91m             
                             
  ~~~~~~~~[0m
[96msrc/master/channel-class
/channel-class.service.ts[0m
:[93m64[0m:[93m38[0m - 
[91merror[0m[90m TS2339: 
[0mProperty 'user' does not 
exist on type 
'PrismaService'.

[7m64[0m       const user 
= await 
this.prisma.user.findUnique({
[7m  [0m [91m             
                        
~~~~[0m
[96msrc/master/color/color.s
ervice.ts[0m:[93m16[0m:[9
3m13[0m - 
[91merror[0m[90m TS2300: 
[0mDuplicate identifier 
'prisma'.

[7m16[0m     private 
prisma: PrismaService,
[7m  [0m [91m            
~~~~~~[0m
[96msrc/master/color/color.s
ervice.ts[0m:[93m17[0m:[9
3m13[0m - 
[91merror[0m[90m TS2300: 
[0mDuplicate identifier 
'prisma'.

[7m17[0m     private 
prisma: PrismaService,
[7m  [0m [91m            
~~~~~~[0m
[96msrc/master/color/color.s
ervice.ts[0m:[93m36[0m:[9
3m37[0m - 
[91merror[0m[90m TS2339: 
[0mProperty 'user' does not 
exist on type 
'PrismaService'.

[7m36[0m     const users = 
await 
this.prisma.user.findMany({
[7m  [0m [91m             
                       
~~~~[0m
[96msrc/master/color/color.s
ervice.ts[0m:[93m47[0m:[9
3m24[0m - 
[91merror[0m[90m TS2339: 
[0mProperty 'firstName' 
does not exist on type '{}'.

[7m47[0m           ? 
`${creator.firstName} 
${creator.lastName || 
''}`.trim()
[7m  [0m [91m             
          ~~~~~~~~~[0m
[96msrc/master/color/color.s
ervice.ts[0m:[93m47[0m:[9
3m45[0m - 
[91merror[0m[90m TS2339: 
[0mProperty 'lastName' does 
not exist on type '{}'.

[7m47[0m           ? 
`${creator.firstName} 
${creator.lastName || 
''}`.trim()
[7m  [0m [91m             
                             
  ~~~~~~~~[0m
[96msrc/master/color/color.s
ervice.ts[0m:[93m64[0m:[9
3m38[0m - 
[91merror[0m[90m TS2339: 
[0mProperty 'user' does not 
exist on type 
'PrismaService'.

[7m64[0m       const user 
= await 
this.prisma.user.findUnique({
[7m  [0m [91m             
                        
~~~~[0m
[96msrc/master/department/de
partment.service.ts[0m:[93m
17[0m:[93m13[0m - 
[91merror[0m[90m TS2300: 
[0mDuplicate identifier 
'prisma'.

[7m17[0m     private 
prisma: PrismaService,
[7m  [0m [91m            
~~~~~~[0m
[96msrc/master/department/de
partment.service.ts[0m:[93m
18[0m:[93m13[0m - 
[91merror[0m[90m TS2300: 
[0mDuplicate identifier 
'prisma'.

[7m18[0m     private 
prisma: PrismaService,
[7m  [0m [91m            
~~~~~~[0m
[96msrc/master/department/de
partment.service.ts[0m:[93m
53[0m:[93m19[0m - 
[91merror[0m[90m TS2339: 
[0mProperty 'user' does not 
exist on type 
'PrismaService'.

[7m53[0m       
this.prisma.user.findMany({
[7m  [0m [91m             
     ~~~~[0m
[96msrc/master/department/de
partment.service.ts[0m:[93m
73[0m:[93m24[0m - 
[91merror[0m[90m TS2339: 
[0mProperty 'firstName' 
does not exist on type '{}'.

[7m73[0m           ? 
`${creator.firstName} 
${creator.lastName || 
''}`.trim()
[7m  [0m [91m             
          ~~~~~~~~~[0m
[96msrc/master/department/de
partment.service.ts[0m:[93m
73[0m:[93m45[0m - 
[91merror[0m[90m TS2339: 
[0mProperty 'lastName' does 
not exist on type '{}'.

[7m73[0m           ? 
`${creator.firstName} 
${creator.lastName || 
''}`.trim()
[7m  [0m [91m             
                             
  ~~~~~~~~[0m
[96msrc/master/department/de
partment.service.ts[0m:[93m
75[0m:[93m34[0m - 
[91merror[0m[90m TS2339: 
[0mProperty 'employeeName' 
does not exist on type '{}'.

[7m75[0m         headName: 
head ? `${head.employeeName} 
(${head.employeeId})` : null,
[7m  [0m [91m             
                    
~~~~~~~~~~~~[0m
[96msrc/master/department/de
partment.service.ts[0m:[93m
75[0m:[93m56[0m - 
[91merror[0m[90m TS2339: 
[0mProperty 'employeeId' 
does not exist on type '{}'.

[7m75[0m         headName: 
head ? `${head.employeeName} 
(${head.employeeId})` : null,
[7m  [0m [91m             
                             
             ~~~~~~~~~~[0m
[96msrc/master/department/de
partment.service.ts[0m:[93m
82[0m:[93m27[0m - 
[91merror[0m[90m TS2339: 
[0mProperty 'employeeName' 
does not exist on type '{}'.

[7m82[0m               ? 
`${sdHead.employeeName} 
(${sdHead.employeeId})`
[7m  [0m [91m             
             ~~~~~~~~~~~~[0m
[96msrc/master/department/de
partment.service.ts[0m:[93m
82[0m:[93m51[0m - 
[91merror[0m[90m TS2339: 
[0mProperty 'employeeId' 
does not exist on type '{}'.

[7m82[0m               ? 
`${sdHead.employeeName} 
(${sdHead.employeeId})`
[7m  [0m [91m             
                             
        ~~~~~~~~~~[0m
[96msrc/master/department/de
partment.service.ts[0m:[93m
110[0m:[93m19[0m - 
[91merror[0m[90m TS2339: 
[0mProperty 'user' does not 
exist on type 
'PrismaService'.

[7m110[0m       
this.prisma.user.findMany({
[7m   [0m [91m            
      ~~~~[0m
[96msrc/master/department/de
partment.service.ts[0m:[93m
131[0m:[93m22[0m - 
[91merror[0m[90m TS2339: 
[0mProperty 'firstName' 
does not exist on type '{}'.

[7m131[0m         ? 
`${creator.firstName} 
${creator.lastName || 
''}`.trim()
[7m   [0m [91m            
         ~~~~~~~~~[0m
[96msrc/master/department/de
partment.service.ts[0m:[93m
131[0m:[93m43[0m - 
[91merror[0m[90m TS2339: 
[0mProperty 'lastName' does 
not exist on type '{}'.

[7m131[0m         ? 
`${creator.firstName} 
${creator.lastName || 
''}`.trim()
[7m   [0m [91m            
                             
 ~~~~~~~~[0m
[96msrc/master/department/de
partment.service.ts[0m:[93m
133[0m:[93m32[0m - 
[91merror[0m[90m TS2339: 
[0mProperty 'employeeName' 
does not exist on type '{}'.

[7m133[0m       headName: 
head ? `${head.employeeName} 
(${head.employeeId})` : null,
[7m   [0m [91m            
                   
~~~~~~~~~~~~[0m
[96msrc/master/department/de
partment.service.ts[0m:[93m
133[0m:[93m54[0m - 
[91merror[0m[90m TS2339: 
[0mProperty 'employeeId' 
does not exist on type '{}'.

[7m133[0m       headName: 
head ? `${head.employeeName} 
(${head.employeeId})` : null,
[7m   [0m [91m            
                             
            ~~~~~~~~~~[0m
[96msrc/master/department/de
partment.service.ts[0m:[93m
140[0m:[93m25[0m - 
[91merror[0m[90m TS2339: 
[0mProperty 'employeeName' 
does not exist on type '{}'.

[7m140[0m             ? 
`${sdHead.employeeName} 
(${sdHead.employeeId})`
[7m   [0m [91m            
            ~~~~~~~~~~~~[0m
[96msrc/master/department/de
partment.service.ts[0m:[93m
140[0m:[93m49[0m - 
[91merror[0m[90m TS2339: 
[0mProperty 'employeeId' 
does not exist on type '{}'.

[7m140[0m             ? 
`${sdHead.employeeName} 
(${sdHead.employeeId})`
[7m   [0m [91m            
                             
       ~~~~~~~~~~[0m
[96msrc/master/department/de
partment.service.ts[0m:[93m
447[0m:[93m19[0m - 
[91merror[0m[90m TS2339: 
[0mProperty 'user' does not 
exist on type 
'PrismaService'.

[7m447[0m       
this.prisma.user.findMany({
[7m   [0m [91m            
      ~~~~[0m
[96msrc/master/department/de
partment.service.ts[0m:[93m
468[0m:[93m24[0m - 
[91merror[0m[90m TS2339: 
[0mProperty 'firstName' 
does not exist on type '{}'.

[7m468[0m           ? 
`${creator.firstName} 
${creator.lastName || 
''}`.trim()
[7m   [0m [91m            
           ~~~~~~~~~[0m
[96msrc/master/department/de
partment.service.ts[0m:[93m
468[0m:[93m45[0m - 
[91merror[0m[90m TS2339: 
[0mProperty 'lastName' does 
not exist on type '{}'.

[7m468[0m           ? 
`${creator.firstName} 
${creator.lastName || 
''}`.trim()
[7m   [0m [91m            
                             
   ~~~~~~~~[0m
[96msrc/master/department/de
partment.service.ts[0m:[93m
470[0m:[93m34[0m - 
[91merror[0m[90m TS2339: 
[0mProperty 'employeeName' 
does not exist on type '{}'.

[7m470[0m         
headName: head ? 
`${head.employeeName} 
(${head.employeeId})` : null,
[7m   [0m [91m            
                     
~~~~~~~~~~~~[0m
[96msrc/master/department/de
partment.service.ts[0m:[93m
470[0m:[93m56[0m - 
[91merror[0m[90m TS2339: 
[0mProperty 'employeeId' 
does not exist on type '{}'.

[7m470[0m         
headName: head ? 
`${head.employeeName} 
(${head.employeeId})` : null,
[7m   [0m [91m            
                             
              ~~~~~~~~~~[0m
[96msrc/master/department/de
partment.service.ts[0m:[93m
499[0m:[93m19[0m - 
[91merror[0m[90m TS2339: 
[0mProperty 'user' does not 
exist on type 
'PrismaService'.

[7m499[0m       
this.prisma.user.findMany({
[7m   [0m [91m            
      ~~~~[0m
[96msrc/master/department/de
partment.service.ts[0m:[93m
520[0m:[93m24[0m - 
[91merror[0m[90m TS2339: 
[0mProperty 'firstName' 
does not exist on type '{}'.

[7m520[0m           ? 
`${creator.firstName} 
${creator.lastName || 
''}`.trim()
[7m   [0m [91m            
           ~~~~~~~~~[0m
[96msrc/master/department/de
partment.service.ts[0m:[93m
520[0m:[93m45[0m - 
[91merror[0m[90m TS2339: 
[0mProperty 'lastName' does 
not exist on type '{}'.

[7m520[0m           ? 
`${creator.firstName} 
${creator.lastName || 
''}`.trim()
[7m   [0m [91m            
                             
   ~~~~~~~~[0m
[96msrc/master/department/de
partment.service.ts[0m:[93m
522[0m:[93m34[0m - 
[91merror[0m[90m TS2339: 
[0mProperty 'employeeName' 
does not exist on type '{}'.

[7m522[0m         
headName: head ? 
`${head.employeeName} 
(${head.employeeId})` : null,
[7m   [0m [91m            
                     
~~~~~~~~~~~~[0m
[96msrc/master/department/de
partment.service.ts[0m:[93m
522[0m:[93m56[0m - 
[91merror[0m[90m TS2339: 
[0mProperty 'employeeId' 
does not exist on type '{}'.

[7m522[0m         
headName: head ? 
`${head.employeeName} 
(${head.employeeId})` : null,
[7m   [0m [91m            
                             
              ~~~~~~~~~~[0m
[96msrc/master/gender/gender
.service.ts[0m:[93m16[0m:
[93m13[0m - 
[91merror[0m[90m TS2300: 
[0mDuplicate identifier 
'prisma'.

[7m16[0m     private 
prisma: PrismaService,
[7m  [0m [91m            
~~~~~~[0m
[96msrc/master/gender/gender
.service.ts[0m:[93m17[0m:
[93m13[0m - 
[91merror[0m[90m TS2300: 
[0mDuplicate identifier 
'prisma'.

[7m17[0m     private 
prisma: PrismaService,
[7m  [0m [91m            
~~~~~~[0m
[96msrc/master/gender/gender
.service.ts[0m:[93m36[0m:
[93m37[0m - 
[91merror[0m[90m TS2339: 
[0mProperty 'user' does not 
exist on type 
'PrismaService'.

[7m36[0m     const users = 
await 
this.prisma.user.findMany({
[7m  [0m [91m             
                       
~~~~[0m
[96msrc/master/gender/gender
.service.ts[0m:[93m49[0m:
[93m24[0m - 
[91merror[0m[90m TS2339: 
[0mProperty 'firstName' 
does not exist on type '{}'.

[7m49[0m           ? 
`${creator.firstName} 
${creator.lastName || 
''}`.trim()
[7m  [0m [91m             
          ~~~~~~~~~[0m
[96msrc/master/gender/gender
.service.ts[0m:[93m49[0m:
[93m45[0m - 
[91merror[0m[90m TS2339: 
[0mProperty 'lastName' does 
not exist on type '{}'.

[7m49[0m           ? 
`${creator.firstName} 
${creator.lastName || 
''}`.trim()
[7m  [0m [91m             
                             
  ~~~~~~~~[0m
[96msrc/master/gender/gender
.service.ts[0m:[93m66[0m:
[93m38[0m - 
[91merror[0m[90m TS2339: 
[0mProperty 'user' does not 
exist on type 
'PrismaService'.

[7m66[0m       const user 
= await 
this.prisma.user.findUnique({
[7m  [0m [91m             
                        
~~~~[0m
[96msrc/master/holiday/holid
ay.service.ts[0m:[93m3[0m:
[93m10[0m - 
[91merror[0m[90m TS2305: 
[0mModule '"@prisma/manageme
nt-client"' has no exported 
member 'Holiday'.

[7m3[0m import { Holiday } 
from 
'@prisma/management-client';
[7m [0m [91m         
~~~~~~~[0m
[96msrc/master/item-class/it
em-class.service.ts[0m:[93m
39[0m:[93m37[0m - 
[91merror[0m[90m TS2339: 
[0mProperty 'user' does not 
exist on type 
'PrismaService'.

[7m39[0m     const users = 
await 
this.prisma.user.findMany({
[7m  [0m [91m             
                       
~~~~[0m
[96msrc/master/item-class/it
em-class.service.ts[0m:[93m
52[0m:[93m24[0m - 
[91merror[0m[90m TS2339: 
[0mProperty 'firstName' 
does not exist on type '{}'.

[7m52[0m           ? 
`${creator.firstName} 
${creator.lastName || 
''}`.trim()
[7m  [0m [91m             
          ~~~~~~~~~[0m
[96msrc/master/item-class/it
em-class.service.ts[0m:[93m
52[0m:[93m45[0m - 
[91merror[0m[90m TS2339: 
[0mProperty 'lastName' does 
not exist on type '{}'.

[7m52[0m           ? 
`${creator.firstName} 
${creator.lastName || 
''}`.trim()
[7m  [0m [91m             
                             
  ~~~~~~~~[0m
[96msrc/master/item-class/it
em-class.service.ts[0m:[93m
71[0m:[93m38[0m - 
[91merror[0m[90m TS2339: 
[0mProperty 'user' does not 
exist on type 
'PrismaService'.

[7m71[0m       const user 
= await 
this.prisma.user.findUnique({
[7m  [0m [91m             
                        
~~~~[0m
[96msrc/master/item-subclass
/item-subclass.service.ts[0m
:[93m39[0m:[93m37[0m - 
[91merror[0m[90m TS2339: 
[0mProperty 'user' does not 
exist on type 
'PrismaService'.

[7m39[0m     const users = 
await 
this.prisma.user.findMany({
[7m  [0m [91m             
                       
~~~~[0m
[96msrc/master/item-subclass
/item-subclass.service.ts[0m
:[93m53[0m:[93m24[0m - 
[91merror[0m[90m TS2339: 
[0mProperty 'firstName' 
does not exist on type '{}'.

[7m53[0m           ? 
`${creator.firstName} 
${creator.lastName || 
''}`.trim()
[7m  [0m [91m             
          ~~~~~~~~~[0m
[96msrc/master/item-subclass
/item-subclass.service.ts[0m
:[93m53[0m:[93m45[0m - 
[91merror[0m[90m TS2339: 
[0mProperty 'lastName' does 
not exist on type '{}'.

[7m53[0m           ? 
`${creator.firstName} 
${creator.lastName || 
''}`.trim()
[7m  [0m [91m             
                             
  ~~~~~~~~[0m
[96msrc/master/item-subclass
/item-subclass.service.ts[0m
:[93m71[0m:[93m38[0m - 
[91merror[0m[90m TS2339: 
[0mProperty 'user' does not 
exist on type 
'PrismaService'.

[7m71[0m       const user 
= await 
this.prisma.user.findUnique({
[7m  [0m [91m             
                        
~~~~[0m
[96msrc/master/location/loca
tion.service.ts[0m:[93m9[0
m:[93m13[0m - 
[91merror[0m[90m TS2300: 
[0mDuplicate identifier 
'prisma'.

[7m9[0m     private 
prisma: PrismaService,
[7m [0m [91m            
~~~~~~[0m
[96msrc/master/location/loca
tion.service.ts[0m:[93m10[
0m:[93m13[0m - 
[91merror[0m[90m TS2300: 
[0mDuplicate identifier 
'prisma'.

[7m10[0m     private 
prisma: PrismaService,
[7m  [0m [91m            
~~~~~~[0m
[96msrc/master/old-season/ol
d-season.service.ts[0m:[93m
36[0m:[93m37[0m - 
[91merror[0m[90m TS2339: 
[0mProperty 'user' does not 
exist on type 
'PrismaService'.

[7m36[0m     const users = 
await 
this.prisma.user.findMany({
[7m  [0m [91m             
                       
~~~~[0m
[96msrc/master/old-season/ol
d-season.service.ts[0m:[93m
49[0m:[93m24[0m - 
[91merror[0m[90m TS2339: 
[0mProperty 'firstName' 
does not exist on type '{}'.

[7m49[0m           ? 
`${creator.firstName} 
${creator.lastName || 
''}`.trim()
[7m  [0m [91m             
          ~~~~~~~~~[0m
[96msrc/master/old-season/ol
d-season.service.ts[0m:[93m
49[0m:[93m45[0m - 
[91merror[0m[90m TS2339: 
[0mProperty 'lastName' does 
not exist on type '{}'.

[7m49[0m           ? 
`${creator.firstName} 
${creator.lastName || 
''}`.trim()
[7m  [0m [91m             
                             
  ~~~~~~~~[0m
[96msrc/master/old-season/ol
d-season.service.ts[0m:[93m
66[0m:[93m38[0m - 
[91merror[0m[90m TS2339: 
[0mProperty 'user' does not 
exist on type 
'PrismaService'.

[7m66[0m       const user 
= await 
this.prisma.user.findUnique({
[7m  [0m [91m             
                        
~~~~[0m
[96msrc/master/pos/pos.servi
ce.ts[0m:[93m245[0m:[93m9
[0m - [91merror[0m[90m 
TS2353: [0mObject literal 
may only specify known 
properties, and 'company' 
does not exist in type 
'PosInclude<DefaultArgs>'.

[7m245[0m         company: 
{
[7m   [0m [91m        
~~~~~~~[0m

  [96mnode_modules/.prisma/c
lient/index.d.ts[0m:[93m110
705[0m:[93m5[0m
    [7m110705[0m     
include?: 
PosInclude<ExtArgs> | null
    [7m      [0m [96m    
~~~~~~~[0m
    The expected type comes 
from property 'include' 
which is declared here on 
type '{ select?: 
PosSelect<DefaultArgs> | 
null | undefined; omit?: 
PosOmit<DefaultArgs> | null 
| undefined; include?: 
PosInclude<DefaultArgs> | 
null | undefined; where: 
PosWhereUniqueInput; }'
[96msrc/master/pos/pos.servi
ce.ts[0m:[93m275[0m:[93m9
[0m - [91merror[0m[90m 
TS1117: [0mAn object 
literal cannot have multiple 
properties with the same 
name.

[7m275[0m         
companyId: 
terminal.companyId,
[7m   [0m [91m        
~~~~~~~~~[0m
[96msrc/master/season/season
.service.ts[0m:[93m36[0m:
[93m37[0m - 
[91merror[0m[90m TS2339: 
[0mProperty 'user' does not 
exist on type 
'PrismaService'.

[7m36[0m     const users = 
await 
this.prisma.user.findMany({
[7m  [0m [91m             
                       
~~~~[0m
[96msrc/master/season/season
.service.ts[0m:[93m49[0m:
[93m24[0m - 
[91merror[0m[90m TS2339: 
[0mProperty 'firstName' 
does not exist on type '{}'.

[7m49[0m           ? 
`${creator.firstName} 
${creator.lastName || 
''}`.trim()
[7m  [0m [91m             
          ~~~~~~~~~[0m
[96msrc/master/season/season
.service.ts[0m:[93m49[0m:
[93m45[0m - 
[91merror[0m[90m TS2339: 
[0mProperty 'lastName' does 
not exist on type '{}'.

[7m49[0m           ? 
`${creator.firstName} 
${creator.lastName || 
''}`.trim()
[7m  [0m [91m             
                             
  ~~~~~~~~[0m
[96msrc/master/season/season
.service.ts[0m:[93m66[0m:
[93m38[0m - 
[91merror[0m[90m TS2339: 
[0mProperty 'user' does not 
exist on type 
'PrismaService'.

[7m66[0m       const user 
= await 
this.prisma.user.findUnique({
[7m  [0m [91m             
                        
~~~~[0m
[96msrc/master/segment/segme
nt.service.ts[0m:[93m36[0m
:[93m37[0m - 
[91merror[0m[90m TS2339: 
[0mProperty 'user' does not 
exist on type 
'PrismaService'.

[7m36[0m     const users = 
await 
this.prisma.user.findMany({
[7m  [0m [91m             
                       
~~~~[0m
[96msrc/master/segment/segme
nt.service.ts[0m:[93m49[0m
:[93m24[0m - 
[91merror[0m[90m TS2339: 
[0mProperty 'firstName' 
does not exist on type '{}'.

[7m49[0m           ? 
`${creator.firstName} 
${creator.lastName || 
''}`.trim()
[7m  [0m [91m             
          ~~~~~~~~~[0m
[96msrc/master/segment/segme
nt.service.ts[0m:[93m49[0m
:[93m45[0m - 
[91merror[0m[90m TS2339: 
[0mProperty 'lastName' does 
not exist on type '{}'.

[7m49[0m           ? 
`${creator.firstName} 
${creator.lastName || 
''}`.trim()
[7m  [0m [91m             
                             
  ~~~~~~~~[0m
[96msrc/master/segment/segme
nt.service.ts[0m:[93m66[0m
:[93m38[0m - 
[91merror[0m[90m TS2339: 
[0mProperty 'user' does not 
exist on type 
'PrismaService'.

[7m66[0m       const user 
= await 
this.prisma.user.findUnique({
[7m  [0m [91m             
                        
~~~~[0m
[96msrc/master/silhouette/si
lhouette.service.ts[0m:[93m
16[0m:[93m13[0m - 
[91merror[0m[90m TS2300: 
[0mDuplicate identifier 
'prisma'.

[7m16[0m     private 
prisma: PrismaService,
[7m  [0m [91m            
~~~~~~[0m
[96msrc/master/silhouette/si
lhouette.service.ts[0m:[93m
17[0m:[93m13[0m - 
[91merror[0m[90m TS2300: 
[0mDuplicate identifier 
'prisma'.

[7m17[0m     private 
prisma: PrismaService,
[7m  [0m [91m            
~~~~~~[0m
[96msrc/master/silhouette/si
lhouette.service.ts[0m:[93m
36[0m:[93m37[0m - 
[91merror[0m[90m TS2339: 
[0mProperty 'user' does not 
exist on type 
'PrismaService'.

[7m36[0m     const users = 
await 
this.prisma.user.findMany({
[7m  [0m [91m             
                       
~~~~[0m
[96msrc/master/silhouette/si
lhouette.service.ts[0m:[93m
49[0m:[93m24[0m - 
[91merror[0m[90m TS2339: 
[0mProperty 'firstName' 
does not exist on type '{}'.

[7m49[0m           ? 
`${creator.firstName} 
${creator.lastName || 
''}`.trim()
[7m  [0m [91m             
          ~~~~~~~~~[0m
[96msrc/master/silhouette/si
lhouette.service.ts[0m:[93m
49[0m:[93m45[0m - 
[91merror[0m[90m TS2339: 
[0mProperty 'lastName' does 
not exist on type '{}'.

[7m49[0m           ? 
`${creator.firstName} 
${creator.lastName || 
''}`.trim()
[7m  [0m [91m             
                             
  ~~~~~~~~[0m
[96msrc/master/silhouette/si
lhouette.service.ts[0m:[93m
66[0m:[93m38[0m - 
[91merror[0m[90m TS2339: 
[0mProperty 'user' does not 
exist on type 
'PrismaService'.

[7m66[0m       const user 
= await 
this.prisma.user.findUnique({
[7m  [0m [91m             
                        
~~~~[0m
[96msrc/master/size/size.ser
vice.ts[0m:[93m16[0m:[93m
13[0m - [91merror[0m[90m 
TS2300: [0mDuplicate 
identifier 'prisma'.

[7m16[0m     private 
prisma: PrismaService,
[7m  [0m [91m            
~~~~~~[0m
[96msrc/master/size/size.ser
vice.ts[0m:[93m17[0m:[93m
13[0m - [91merror[0m[90m 
TS2300: [0mDuplicate 
identifier 'prisma'.

[7m17[0m     private 
prisma: PrismaService,
[7m  [0m [91m            
~~~~~~[0m
[96msrc/master/size/size.ser
vice.ts[0m:[93m36[0m:[93m
37[0m - [91merror[0m[90m 
TS2339: [0mProperty 'user' 
does not exist on type 
'PrismaService'.

[7m36[0m     const users = 
await 
this.prisma.user.findMany({
[7m  [0m [91m             
                       
~~~~[0m
[96msrc/master/size/size.ser
vice.ts[0m:[93m47[0m:[93m
24[0m - [91merror[0m[90m 
TS2339: [0mProperty 
'firstName' does not exist 
on type '{}'.

[7m47[0m           ? 
`${creator.firstName} 
${creator.lastName || 
''}`.trim()
[7m  [0m [91m             
          ~~~~~~~~~[0m
[96msrc/master/size/size.ser
vice.ts[0m:[93m47[0m:[93m
45[0m - [91merror[0m[90m 
TS2339: [0mProperty 
'lastName' does not exist on 
type '{}'.

[7m47[0m           ? 
`${creator.firstName} 
${creator.lastName || 
''}`.trim()
[7m  [0m [91m             
                             
  ~~~~~~~~[0m
[96msrc/master/size/size.ser
vice.ts[0m:[93m64[0m:[93m
38[0m - [91merror[0m[90m 
TS2339: [0mProperty 'user' 
does not exist on type 
'PrismaService'.

[7m64[0m       const user 
= await 
this.prisma.user.findUnique({
[7m  [0m [91m             
                        
~~~~[0m
[96msrc/master/social-securi
ty/social-security.service.ts
[0m:[93m19[0m:[93m13[0m 
- [91merror[0m[90m 
TS2300: [0mDuplicate 
identifier 'prisma'.

[7m19[0m     private 
prisma: PrismaService,
[7m  [0m [91m            
~~~~~~[0m
[96msrc/master/social-securi
ty/social-security.service.ts
[0m:[93m20[0m:[93m13[0m 
- [91merror[0m[90m 
TS2300: [0mDuplicate 
identifier 'prisma'.

[7m20[0m     private 
prisma: PrismaService,
[7m  [0m [91m            
~~~~~~[0m
[96msrc/notifications/notifi
cations.service.ts[0m:[93m1
15[0m:[93m36[0m - 
[91merror[0m[90m TS2339: 
[0mProperty 
'userPreference' does not 
exist on type 
'PrismaService'.

[7m115[0m     const rows = 
await this.prisma.userPrefere
nce.findMany({
[7m   [0m [91m            
                       
~~~~~~~~~~~~~~[0m
[96msrc/notifications/notifi
cations.service.ts[0m:[93m1
22[0m:[93m7[0m - 
[91merror[0m[90m TS2345: 
[0mArgument of type 
'unknown' is not assignable 
to parameter of type 'string 
| null | undefined'.

[7m122[0m       byKey.get('
notifications.inApp.enabled')
,
[7m   [0m [91m      ~~~~~~
~~~~~~~~~~~~~~~~~~~~~~~~~~~~~
~~~~~[0m
[96msrc/notifications/notifi
cations.service.ts[0m:[93m1
26[0m:[93m7[0m - 
[91merror[0m[90m TS2345: 
[0mArgument of type 
'unknown' is not assignable 
to parameter of type 'string 
| null | undefined'.

[7m126[0m       byKey.get('
notifications.email.enabled')
,
[7m   [0m [91m      ~~~~~~
~~~~~~~~~~~~~~~~~~~~~~~~~~~~~
~~~~~[0m
[96msrc/notifications/notifi
cations.service.ts[0m:[93m1
30[0m:[93m7[0m - 
[91merror[0m[90m TS2345: 
[0mArgument of type 
'unknown' is not assignable 
to parameter of type 'string 
| null | undefined'.

[7m130[0m       byKey.get('
notifications.sms.enabled'),
[7m   [0m [91m      ~~~~~~
~~~~~~~~~~~~~~~~~~~~~~~~~~~~~
~~~[0m
[96msrc/notifications/notifi
cations.service.ts[0m:[93m1
34[0m:[93m7[0m - 
[91merror[0m[90m TS2345: 
[0mArgument of type '{}' is 
not assignable to parameter 
of type 'string'.

[7m134[0m       byKey.get('
notifications.minPriority') 
|| 'normal',
[7m   [0m [91m      ~~~~~~
~~~~~~~~~~~~~~~~~~~~~~~~~~~~~
~~~~~~~~~~~~~~~[0m
[96msrc/notifications/notifi
cations.service.ts[0m:[93m1
39[0m:[93m12[0m - 
[91merror[0m[90m TS18046: 
[0m'key' is of type 
'unknown'.

[7m139[0m       if (!key.st
artsWith('notifications.categ
ory.')) continue;
[7m   [0m [91m           
~~~[0m
[96msrc/notifications/notifi
cations.service.ts[0m:[93m1
40[0m:[93m12[0m - 
[91merror[0m[90m TS18046: 
[0m'key' is of type 
'unknown'.

[7m140[0m       if 
(!key.endsWith('.enabled')) 
continue;
[7m   [0m [91m           
~~~[0m
[96msrc/notifications/notifi
cations.service.ts[0m:[93m1
41[0m:[93m24[0m - 
[91merror[0m[90m TS18046: 
[0m'key' is of type 
'unknown'.

[7m141[0m       const 
category = key
[7m   [0m [91m            
           ~~~[0m
[96msrc/notifications/notifi
cations.service.ts[0m:[93m1
44[0m:[93m25[0m - 
[91merror[0m[90m TS2345: 
[0mArgument of type 
'unknown' is not assignable 
to parameter of type 'string 
| null | undefined'.

[7m144[0m       if 
(!parseBoolean(value, true)) 
disabledCategories.add(catego
ry);
[7m   [0m [91m            
            ~~~~~[0m
[96msrc/notifications/notifi
cations.service.ts[0m:[93m1
93[0m:[93m19[0m - 
[91merror[0m[90m TS2339: 
[0mProperty 'notification' 
does not exist on type 
'PrismaService'.

[7m193[0m       this.prisma
.notification.findMany({
[7m   [0m [91m            
      ~~~~~~~~~~~~[0m
[96msrc/notifications/notifi
cations.service.ts[0m:[93m1
99[0m:[93m19[0m - 
[91merror[0m[90m TS2339: 
[0mProperty 'notification' 
does not exist on type 
'PrismaService'.

[7m199[0m       this.prisma
.notification.count({
[7m   [0m [91m            
      ~~~~~~~~~~~~[0m
[96msrc/notifications/notifi
cations.service.ts[0m:[93m2
08[0m:[93m40[0m - 
[91merror[0m[90m TS2339: 
[0mProperty 'notification' 
does not exist on type 
'PrismaService'.

[7m208[0m     const 
existing = await this.prisma.
notification.findUnique({
[7m   [0m [91m            
                           
~~~~~~~~~~~~[0m
[96msrc/notifications/notifi
cations.service.ts[0m:[93m2
14[0m:[93m39[0m - 
[91merror[0m[90m TS2339: 
[0mProperty 'notification' 
does not exist on type 
'PrismaService'.

[7m214[0m     const 
updated = await this.prisma.n
otification.update({
[7m   [0m [91m            
                          
~~~~~~~~~~~~[0m
[96msrc/notifications/notifi
cations.service.ts[0m:[93m2
22[0m:[93m23[0m - 
[91merror[0m[90m TS2339: 
[0mProperty 'notification' 
does not exist on type 
'PrismaService'.

[7m222[0m     await this.pr
isma.notification.updateMany(
{
[7m   [0m [91m            
          ~~~~~~~~~~~~[0m
[96msrc/notifications/notifi
cations.service.ts[0m:[93m2
33[0m:[93m23[0m - 
[91merror[0m[90m TS2339: 
[0mProperty 'notification' 
does not exist on type 
'PrismaService'.

[7m233[0m     await this.pr
isma.notification.updateMany(
{
[7m   [0m [91m            
          ~~~~~~~~~~~~[0m
[96msrc/notifications/notifi
cations.service.ts[0m:[93m2
56[0m:[93m39[0m - 
[91merror[0m[90m TS2339: 
[0mProperty 'notification' 
does not exist on type 
'PrismaService'.

[7m256[0m     const 
created = await this.prisma.n
otification.create({
[7m   [0m [91m            
                          
~~~~~~~~~~~~[0m
[96msrc/notifications/notifi
cations.service.ts[0m:[93m2
76[0m:[93m25[0m - 
[91merror[0m[90m TS2339: 
[0mProperty 'notificationDel
iveryAttempt' does not exist 
on type 'PrismaService'.

[7m276[0m       await this.
prisma.notificationDeliveryAt
tempt.createMany({
[7m   [0m [91m            
            ~~~~~~~~~~~~~~~~~
~~~~~~~~~~[0m
[96msrc/notifications/notifi
cations.service.ts[0m:[93m3
16[0m:[93m38[0m - 
[91merror[0m[90m TS2339: 
[0mProperty 'user' does not 
exist on type 
'PrismaService'.

[7m316[0m       const user 
= await 
this.prisma.user.findUnique({
[7m   [0m [91m            
                         
~~~~[0m
[96msrc/notifications/notifi
cations.service.ts[0m:[93m3
93[0m:[93m25[0m - 
[91merror[0m[90m TS2339: 
[0mProperty 'notificationDel
iveryAttempt' does not exist 
on type 'PrismaService'.

[7m393[0m       await this.
prisma.notificationDeliveryAt
tempt.findMany({
[7m   [0m [91m            
            ~~~~~~~~~~~~~~~~~
~~~~~~~~~~[0m
[96msrc/notifications/notifi
cations.service.ts[0m:[93m4
10[0m:[93m25[0m - 
[91merror[0m[90m TS2339: 
[0mProperty 'notificationDel
iveryAttempt' does not exist 
on type 'PrismaService'.

[7m410[0m       await this.
prisma.notificationDeliveryAt
tempt.findUnique({
[7m   [0m [91m            
            ~~~~~~~~~~~~~~~~~
~~~~~~~~~~[0m
[96msrc/notifications/notifi
cations.service.ts[0m:[93m4
19[0m:[93m25[0m - 
[91merror[0m[90m TS2339: 
[0mProperty 'notificationDel
iveryAttempt' does not exist 
on type 'PrismaService'.

[7m419[0m       await this.
prisma.notificationDeliveryAt
tempt.update({
[7m   [0m [91m            
            ~~~~~~~~~~~~~~~~~
~~~~~~~~~~[0m
[96msrc/notifications/notifi
cations.service.ts[0m:[93m4
46[0m:[93m25[0m - 
[91merror[0m[90m TS2339: 
[0mProperty 'notificationDel
iveryAttempt' does not exist 
on type 'PrismaService'.

[7m446[0m       await this.
prisma.notificationDeliveryAt
tempt.update({
[7m   [0m [91m            
            ~~~~~~~~~~~~~~~~~
~~~~~~~~~~[0m
[96msrc/notifications/notifi
cations.service.ts[0m:[93m4
51[0m:[93m25[0m - 
[91merror[0m[90m TS2339: 
[0mProperty 'notification' 
does not exist on type 
'PrismaService'.

[7m451[0m       await this.
prisma.notification.update({
[7m   [0m [91m            
            ~~~~~~~~~~~~[0m
[96msrc/notifications/notifi
cations.service.ts[0m:[93m4
57[0m:[93m25[0m - 
[91merror[0m[90m TS2339: 
[0mProperty 'notificationDel
iveryAttempt' does not exist 
on type 'PrismaService'.

[7m457[0m       await this.
prisma.notificationDeliveryAt
tempt.update({
[7m   [0m [91m            
            ~~~~~~~~~~~~~~~~~
~~~~~~~~~~[0m
[96msrc/overtime-request/ove
rtime-request.service.ts[0m:
[93m14[0m:[93m13[0m - 
[91merror[0m[90m TS2300: 
[0mDuplicate identifier 
'prisma'.

[7m14[0m     private 
prisma: PrismaService,
[7m  [0m [91m            
~~~~~~[0m
[96msrc/overtime-request/ove
rtime-request.service.ts[0m:
[93m15[0m:[93m13[0m - 
[91merror[0m[90m TS2300: 
[0mDuplicate identifier 
'prisma'.

[7m15[0m     private 
prisma: PrismaService,
[7m  [0m [91m            
~~~~~~[0m
[96msrc/overtime-request/ove
rtime-request.service.ts[0m:
[93m186[0m:[93m21[0m - 
[91merror[0m[90m TS2339: 
[0mProperty 'user' does not 
exist on type 
'PrismaService'.

[7m186[0m         
this.prisma.user.findMany({
[7m   [0m [91m            
        ~~~~[0m
[96msrc/overtime-request/ove
rtime-request.service.ts[0m:
[93m206[0m:[93m67[0m - 
[91merror[0m[90m TS2339: 
[0mProperty 'name' does not 
exist on type '{}'.

[7m206[0m           
department: deptMap.get(reque
st.employee.departmentId)?.na
me || 'N/A',
[7m   [0m [91m            
                             
                         
~~~~[0m
[96msrc/overtime-request/ove
rtime-request.service.ts[0m:
[93m208[0m:[93m65[0m - 
[91merror[0m[90m TS2339: 
[0mProperty 'name' does not 
exist on type '{}'.

[7m208[0m             ? sub
DeptMap.get(request.employee.
subDepartmentId)?.name || 
'N/A'
[7m   [0m [91m            
                             
                       
~~~~[0m
[96msrc/overtime-request/ove
rtime-request.service.ts[0m:
[93m219[0m:[93m50[0m - 
[91merror[0m[90m TS2339: 
[0mProperty 'firstName' 
does not exist on type '{}'.

[7m219[0m             ? `${
userMap.get(request.approval1
)?.firstName || ''} ${userMap
.get(request.approval1)?.last
Name || ''}`.trim()
[7m   [0m [91m            
                             
        ~~~~~~~~~[0m
[96msrc/overtime-request/ove
rtime-request.service.ts[0m:
[93m219[0m:[93m101[0m - 
[91merror[0m[90m TS2339: 
[0mProperty 'lastName' does 
not exist on type '{}'.

[7m219[0m             ? `${
userMap.get(request.approval1
)?.firstName || ''} ${userMap
.get(request.approval1)?.last
Name || ''}`.trim()
[7m   [0m [91m            
                             
                             
                             
 ~~~~~~~~[0m
[96msrc/overtime-request/ove
rtime-request.service.ts[0m:
[93m227[0m:[93m50[0m - 
[91merror[0m[90m TS2339: 
[0mProperty 'firstName' 
does not exist on type '{}'.

[7m227[0m             ? `${
userMap.get(request.approval2
)?.firstName || ''} ${userMap
.get(request.approval2)?.last
Name || ''}`.trim()
[7m   [0m [91m            
                             
        ~~~~~~~~~[0m
[96msrc/overtime-request/ove
rtime-request.service.ts[0m:
[93m227[0m:[93m101[0m - 
[91merror[0m[90m TS2339: 
[0mProperty 'lastName' does 
not exist on type '{}'.

[7m227[0m             ? `${
userMap.get(request.approval2
)?.firstName || ''} ${userMap
.get(request.approval2)?.last
Name || ''}`.trim()
[7m   [0m [91m            
                             
                             
                             
 ~~~~~~~~[0m
[96msrc/overtime-request/ove
rtime-request.service.ts[0m:
[93m236[0m:[93m26[0m - 
[91merror[0m[90m TS2339: 
[0mProperty 'firstName' 
does not exist on type '{}'.

[7m236[0m             ? 
`${creator.firstName} 
${creator.lastName}`
[7m   [0m [91m            
             ~~~~~~~~~[0m
[96msrc/overtime-request/ove
rtime-request.service.ts[0m:
[93m236[0m:[93m47[0m - 
[91merror[0m[90m TS2339: 
[0mProperty 'lastName' does 
not exist on type '{}'.

[7m236[0m             ? 
`${creator.firstName} 
${creator.lastName}`
[7m   [0m [91m            
                             
     ~~~~~~~~[0m
[96msrc/overtime-request/ove
rtime-request.service.ts[0m:
[93m294[0m:[93m21[0m - 
[91merror[0m[90m TS2339: 
[0mProperty 'user' does not 
exist on type 
'PrismaService'.

[7m294[0m         
this.prisma.user.findMany({
[7m   [0m [91m            
        ~~~~[0m
[96msrc/overtime-request/ove
rtime-request.service.ts[0m:
[93m325[0m:[93m56[0m - 
[91merror[0m[90m TS2339: 
[0mProperty 'firstName' 
does not exist on type '{}'.

[7m325[0m           ? `${us
erMap.get(overtimeRequest.app
roval1)?.firstName || ''} ${u
serMap.get(overtimeRequest.ap
proval1)?.lastName || 
''}`.trim()
[7m   [0m [91m            
                             
              ~~~~~~~~~[0m
[96msrc/overtime-request/ove
rtime-request.service.ts[0m:
[93m325[0m:[93m115[0m - 
[91merror[0m[90m TS2339: 
[0mProperty 'lastName' does 
not exist on type '{}'.

[7m325[0m           ? `${us
erMap.get(overtimeRequest.app
roval1)?.firstName || ''} ${u
serMap.get(overtimeRequest.ap
proval1)?.lastName || 
''}`.trim()
[7m   [0m [91m            
                             
                             
                             
               ~~~~~~~~[0m
[96msrc/overtime-request/ove
rtime-request.service.ts[0m:
[93m333[0m:[93m56[0m - 
[91merror[0m[90m TS2339: 
[0mProperty 'firstName' 
does not exist on type '{}'.

[7m333[0m           ? `${us
erMap.get(overtimeRequest.app
roval2)?.firstName || ''} ${u
serMap.get(overtimeRequest.ap
proval2)?.lastName || 
''}`.trim()
[7m   [0m [91m            
                             
              ~~~~~~~~~[0m
[96msrc/overtime-request/ove
rtime-request.service.ts[0m:
[93m333[0m:[93m115[0m - 
[91merror[0m[90m TS2339: 
[0mProperty 'lastName' does 
not exist on type '{}'.

[7m333[0m           ? `${us
erMap.get(overtimeRequest.app
roval2)?.firstName || ''} ${u
serMap.get(overtimeRequest.ap
proval2)?.lastName || 
''}`.trim()
[7m   [0m [91m            
                             
                             
                             
               ~~~~~~~~[0m
[96msrc/payroll/payroll.serv
ice.ts[0m:[93m840[0m:[93m
19[0m - [91merror[0m[90m 
TS2339: [0mProperty 'user' 
does not exist on type 
'PrismaService'.

[7m840[0m       
this.prisma.user.findMany({
[7m   [0m [91m            
      ~~~~[0m
[96msrc/payroll/payroll.serv
ice.ts[0m:[93m881[0m:[93m
24[0m - [91merror[0m[90m 
TS2339: [0mProperty 'id' 
does not exist on type '{}'.

[7m881[0m           
userId: user.id,
[7m   [0m [91m            
           ~~[0m
[96msrc/payroll/payroll.serv
ice.ts[0m:[93m894[0m:[93m
24[0m - [91merror[0m[90m 
TS2339: [0mProperty 'id' 
does not exist on type '{}'.

[7m894[0m           
userId: user.id,
[7m   [0m [91m            
           ~~[0m
[96msrc/pf/pf.service.ts[0m
:[93m305[0m:[93m21[0m - 
[91merror[0m[90m TS2339: 
[0mProperty 'user' does not 
exist on type 
'PrismaService'.

[7m305[0m         
this.prisma.user.findMany({
[7m   [0m [91m            
        ~~~~[0m
[96msrc/rebate/rebate.servic
e.ts[0m:[93m75[0m:[93m21
[0m - [91merror[0m[90m 
TS2339: [0mProperty 'user' 
does not exist on type 
'PrismaService'.

[7m75[0m         
this.prisma.user.findMany({
[7m  [0m [91m             
       ~~~~[0m
[96msrc/rebate/rebate.servic
e.ts[0m:[93m174[0m:[93m25
[0m - [91merror[0m[90m 
TS2339: [0mProperty 'user' 
does not exist on type 
'PrismaService'.

[7m174[0m           ? 
this.prisma.user.findUnique({
[7m   [0m [91m            
            ~~~~[0m
[96msrc/request-forwarding/r
equest-forwarding.service.ts
[0m:[93m64[0m:[93m19[0m 
- [91merror[0m[90m 
TS2339: [0mProperty 'user' 
does not exist on type 
'PrismaService'.

[7m64[0m       
this.prisma.user.findMany({
[7m  [0m [91m             
     ~~~~[0m
[96msrc/request-forwarding/r
equest-forwarding.service.ts
[0m:[93m147[0m:[93m19[0m 
- [91merror[0m[90m 
TS2339: [0mProperty 'user' 
does not exist on type 
'PrismaService'.

[7m147[0m       
this.prisma.user.findMany({
[7m   [0m [91m            
      ~~~~[0m
[96msrc/role/role.service.ts
[0m:[93m15[0m:[93m33[0m 
- [91merror[0m[90m 
TS2339: [0mProperty 
'prisma' does not exist on 
type 'RoleService'.

[7m15[0m     const 
existing = await 
this.prisma.role.findUnique({
[7m  [0m [91m             
                   ~~~~~~[0m
[96msrc/role/role.service.ts
[0m:[93m25[0m:[93m17[0m 
- [91merror[0m[90m 
TS2339: [0mProperty 
'prisma' does not exist on 
type 'RoleService'.

[7m25[0m     return 
this.prisma.role.create({
[7m  [0m [91m             
   ~~~~~~[0m
[96msrc/role/role.service.ts
[0m:[93m47[0m:[93m17[0m 
- [91merror[0m[90m 
TS2339: [0mProperty 
'prisma' does not exist on 
type 'RoleService'.

[7m47[0m     return 
this.prisma.role.findMany({
[7m  [0m [91m             
   ~~~~~~[0m
[96msrc/role/role.service.ts
[0m:[93m63[0m:[93m29[0m 
- [91merror[0m[90m 
TS2339: [0mProperty 
'prisma' does not exist on 
type 'RoleService'.

[7m63[0m     const role = 
await 
this.prisma.role.findUnique({
[7m  [0m [91m             
               ~~~~~~[0m
[96msrc/role/role.service.ts
[0m:[93m82[0m:[93m29[0m 
- [91merror[0m[90m 
TS2339: [0mProperty 
'prisma' does not exist on 
type 'RoleService'.

[7m82[0m     const role = 
await this.prisma.role.findUn
ique({ where: { id } });
[7m  [0m [91m             
               ~~~~~~[0m
[96msrc/role/role.service.ts
[0m:[93m92[0m:[93m18[0m 
- [91merror[0m[90m 
TS2339: [0mProperty 
'prisma' does not exist on 
type 'RoleService'.

[7m92[0m       await this.p
risma.rolePermission.deleteMa
ny({
[7m  [0m [91m             
    ~~~~~~[0m
[96msrc/role/role.service.ts
[0m:[93m97[0m:[93m17[0m 
- [91merror[0m[90m 
TS2339: [0mProperty 
'prisma' does not exist on 
type 'RoleService'.

[7m97[0m     return 
this.prisma.role.update({
[7m  [0m [91m             
   ~~~~~~[0m
[96msrc/role/role.service.ts
[0m:[93m120[0m:[93m29[0m
 - [91merror[0m[90m 
TS2339: [0mProperty 
'prisma' does not exist on 
type 'RoleService'.

[7m120[0m     const role = 
await 
this.prisma.role.findUnique({
[7m   [0m [91m            
                ~~~~~~[0m
[96msrc/role/role.service.ts
[0m:[93m137[0m:[93m17[0m
 - [91merror[0m[90m 
TS2339: [0mProperty 
'prisma' does not exist on 
type 'RoleService'.

[7m137[0m     return 
this.prisma.role.delete({
[7m   [0m [91m            
    ~~~~~~[0m
[96msrc/user-preferences/use
r-preferences.service.ts[0m:
[93m10[0m:[93m37[0m - 
[91merror[0m[90m TS2339: 
[0mProperty 'prisma' does 
not exist on type 
'UserPreferencesService'.

[7m10[0m       const 
preference = await this.prism
a.userPreference.findUnique({
[7m  [0m [91m             
                       
~~~~~~[0m
[96msrc/user-preferences/use
r-preferences.service.ts[0m:
[93m31[0m:[93m37[0m - 
[91merror[0m[90m TS2339: 
[0mProperty 'prisma' does 
not exist on type 
'UserPreferencesService'.

[7m31[0m       const 
preference = await this.prism
a.userPreference.upsert({
[7m  [0m [91m             
                       
~~~~~~[0m
[96msrc/user/user.service.ts
[0m:[93m20[0m:[93m40[0m 
- [91merror[0m[90m 
TS2339: [0mProperty 'user' 
does not exist on type 
'PrismaService'.

[7m20[0m     const 
existing = await 
this.prisma.user.findUnique({
[7m  [0m [91m             
                          
~~~~[0m
[96msrc/user/user.service.ts
[0m:[93m29[0m:[93m54[0m 
- [91merror[0m[90m 
TS2339: [0mProperty 'user' 
does not exist on type 
'PrismaService'.

[7m29[0m       const 
existingEmployeeUser = await 
this.prisma.user.findUnique({
[7m  [0m [91m             
                             
           ~~~~[0m
[96msrc/user/user.service.ts
[0m:[93m41[0m:[93m36[0m 
- [91merror[0m[90m 
TS2339: [0mProperty 'user' 
does not exist on type 
'PrismaService'.

[7m41[0m     const user = 
await 
this.prisma.user.create({
[7m  [0m [91m             
                      
~~~~[0m
[96msrc/user/user.service.ts
[0m:[93m91[0m:[93m37[0m 
- [91merror[0m[90m 
TS2339: [0mProperty 'user' 
does not exist on type 
'PrismaService'.

[7m91[0m     const users = 
await 
this.prisma.user.findMany({
[7m  [0m [91m             
                       
~~~~[0m
[96msrc/user/user.service.ts
[0m:[93m154[0m:[93m36[0m
 - [91merror[0m[90m 
TS2339: [0mProperty 'user' 
does not exist on type 
'PrismaService'.

[7m154[0m     const user = 
await 
this.prisma.user.findUnique({
[7m   [0m [91m            
                       
~~~~[0m
[96msrc/user/user.service.ts
[0m:[93m203[0m:[93m36[0m
 - [91merror[0m[90m 
TS2339: [0mProperty 'user' 
does not exist on type 
'PrismaService'.

[7m203[0m     const user = 
await this.prisma.user.findUn
ique({ where: { id } });
[7m   [0m [91m            
                       
~~~~[0m
[96msrc/user/user.service.ts
[0m:[93m215[0m:[93m24[0m
 - [91merror[0m[90m 
TS2339: [0mProperty 'user' 
does not exist on type 
'PrismaService'.

[7m215[0m     return 
this.prisma.user.update({
[7m   [0m [91m            
           ~~~~[0m

Found 337 error(s).

error: script "build" exited 
with code 1
