
> nestjs_backend@0.0.1 build
> nest build

node.exe : [96mcreate-
dummy-webhook.ts[0m:[
93m11[0m:[93m34[0m 
- [91merror[0m[90m 
TS2339: [0mProperty 
'webhook' does not 
exist on type 
'PrismaService'.
At line:1 char:1
+ & "C:\Program 
Files\nodejs/node.exe" 
"C:\Program 
Files\nodejs/node_mo 
...
+ ~~~~~~~~~~~~~~~~~~~~~
~~~~~~~~~~~~~~~~~~~~~~~
~~~~~~~~~~~~~~~~~~~~~~~
~~
    + CategoryInfo     
         : NotSpecifi  
  ed: ([96mcreate-d   
 um...PrismaService    
'.:String) [], Rem    
oteException
    + FullyQualifiedEr 
   rorId : NativeComm  
  andError
 

[7m11[0m     const 
webhook = await 
prisma.webhook.create({
[7m  [0m [91m       
                       
   ~~~~~~~[0m
[96msrc/app.module.ts
[0m:[93m3[0m:[93m36
[0m - 
[91merror[0m[90m 
TS2307: [0mCannot 
find module '@nestjs/ev
ent-emitter' or its 
corresponding type 
declarations.

[7m3[0m import { 
EventEmitterModule } 
from '@nestjs/event-emi
tter';
[7m [0m [91m        
                       
    ~~~~~~~~~~~~~~~~~~~
~~~~[0m
[96msrc/auth/auth.cont
roller.ts[0m:[93m11[
0m:[93m30[0m - 
[91merror[0m[90m 
TS2307: [0mCannot 
find module 'uuid' or 
its corresponding type 
declarations.

[7m11[0m import { v4 
as uuidv4 } from 
'uuid';
[7m  [0m [91m       
                      
~~~~~~[0m
[96msrc/auth/auth.cont
roller.ts[0m:[93m35[
0m:[93m3[0m - 
[91merror[0m[90m 
TS2392: [0mMultiple 
constructor 
implementations are 
not allowed.

[7m35[0m   
constructor(private 
service: AuthService) 
{}
[7m  [0m [91m  
~~~~~~~~~~~[0m
[96msrc/auth/auth.cont
roller.ts[0m:[93m36[
0m:[93m3[0m - 
[91merror[0m[90m 
TS2392: [0mMultiple 
constructor 
implementations are 
not allowed.

[7m36[0m   
constructor(
[7m  [0m [91m  
~~~~~~~~~~~[0m
[96msrc/auth/auth.cont
roller.ts[0m:[93m37[
0m:[93m13[0m - 
[91merror[0m[90m 
TS2300: [0mDuplicate 
identifier 'service'.

[7m37[0m     private 
service: AuthService,
[7m  [0m [91m       
     ~~~~~~~[0m
[96msrc/auth/auth.cont
roller.ts[0m:[93m291
[0m:[93m53[0m - 
[91merror[0m[90m 
TS2339: [0mProperty 
'posSession' does not 
exist on type 
'PrismaMasterService'.

[7m291[0m     const 
terminalSession = 
await this.prismaMaster
.posSession.findFirst({
[7m   [0m [91m      
                       
                       
~~~~~~~~~~[0m
[96msrc/auth/auth.serv
ice.ts[0m:[93m11[0m:
[93m30[0m - 
[91merror[0m[90m 
TS2307: [0mCannot 
find module 'uuid' or 
its corresponding type 
declarations.

[7m11[0m import { v4 
as uuidv4 } from 
'uuid';
[7m  [0m [91m       
                      
~~~~~~[0m
[96msrc/auth/auth.serv
ice.ts[0m:[93m521[0m
:[93m18[0m - 
[91merror[0m[90m 
TS2353: [0mObject 
literal may only 
specify known 
properties, and 'code' 
does not exist in type 
'LocationWhereInput'.

[7m521[0m         
where: { code: { 
equals: code, mode: 
'insensitive' }, 
status: 'active' },
[7m   [0m [91m      
           ~~~~[0m
[96msrc/auth/auth.serv
ice.ts[0m:[93m558[0m
:[93m17[0m - 
[91merror[0m[90m 
TS2339: [0mProperty 
'latitude' does not 
exist on type '{ pos: 
{ id: string; status: 
string; createdAt: 
Date; updatedAt: Date; 
name: string; 
locationId: string; 
posId: string; 
createdById: string | 
null; }[]; } & { id: 
string; status: 
string; ... 5 more 
...; cityId: string | 
null; }'.

[7m558[0m         if 
(loc.latitude && 
loc.longitude) {
[7m   [0m [91m      
          ~~~~~~~~[0m
[96msrc/auth/auth.serv
ice.ts[0m:[93m558[0m
:[93m33[0m - 
[91merror[0m[90m 
TS2339: [0mProperty 
'longitude' does not 
exist on type '{ pos: 
{ id: string; status: 
string; createdAt: 
Date; updatedAt: Date; 
name: string; 
locationId: string; 
posId: string; 
createdById: string | 
null; }[]; } & { id: 
string; status: 
string; ... 5 more 
...; cityId: string | 
null; }'.

[7m558[0m         if 
(loc.latitude && 
loc.longitude) {
[7m   [0m [91m      
                       
   ~~~~~~~~~[0m
[96msrc/auth/auth.serv
ice.ts[0m:[93m562[0m
:[93m24[0m - 
[91merror[0m[90m 
TS2339: [0mProperty 
'latitude' does not 
exist on type '{ pos: 
{ id: string; status: 
string; createdAt: 
Date; updatedAt: Date; 
name: string; 
locationId: string; 
posId: string; 
createdById: string | 
null; }[]; } & { id: 
string; status: 
string; ... 5 more 
...; cityId: string | 
null; }'.

[7m562[0m            
 Number(loc.latitude),
[7m   [0m [91m      
                 
~~~~~~~~[0m
[96msrc/auth/auth.serv
ice.ts[0m:[93m563[0m
:[93m24[0m - 
[91merror[0m[90m 
TS2339: [0mProperty 
'longitude' does not 
exist on type '{ pos: 
{ id: string; status: 
string; createdAt: 
Date; updatedAt: Date; 
name: string; 
locationId: string; 
posId: string; 
createdById: string | 
null; }[]; } & { id: 
string; status: 
string; ... 5 more 
...; cityId: string | 
null; }'.

[7m563[0m            
 Number(loc.longitude),
[7m   [0m [91m      
                 
~~~~~~~~~[0m
[96msrc/auth/auth.serv
ice.ts[0m:[93m655[0m
:[93m45[0m - 
[91merror[0m[90m 
TS2339: [0mProperty 
'posSession' does not 
exist on type 
'PrismaMasterService'.

[7m655[0m     const 
session = await this.pr
ismaMaster.posSession.c
reate({
[7m   [0m [91m      
                       
               
~~~~~~~~~~[0m
[96msrc/auth/auth.serv
ice.ts[0m:[93m772[0m
:[93m27[0m - 
[91merror[0m[90m 
TS2339: [0mProperty 
'terminalCode' does 
not exist on type '{ 
location: { id: 
string; status: 
string; createdAt: 
Date; updatedAt: Date; 
name: string; 
createdById: string | 
null; address: string 
| null; cityId: string 
| null; }; } & { id: 
string; ... 6 more 
...; createdById: 
string | null; }'.

[7m772[0m           
email: 
terminal.terminalCode,
[7m   [0m [91m      
                    
~~~~~~~~~~~~[0m
[96msrc/auth/auth.serv
ice.ts[0m:[93m776[0m
:[93m28[0m - 
[91merror[0m[90m 
TS2339: [0mProperty 
'terminalCode' does 
not exist on type '{ 
location: { id: 
string; status: 
string; createdAt: 
Date; updatedAt: Date; 
name: string; 
createdById: string | 
null; address: string 
| null; cityId: string 
| null; }; } & { id: 
string; ... 6 more 
...; createdById: 
string | null; }'.

[7m776[0m            
 code: 
terminal.terminalCode,
[7m   [0m [91m      
                     
~~~~~~~~~~~~[0m
[96msrc/auth/auth.serv
ice.ts[0m:[93m781[0m
:[93m39[0m - 
[91merror[0m[90m 
TS2339: [0mProperty 
'code' does not exist 
on type '{ id: string; 
status: string; 
createdAt: Date; 
updatedAt: Date; name: 
string; createdById: 
string | null; 
address: string | 
null; cityId: string | 
null; }'.

[7m781[0m            
   code: 
terminal.location.code,
[7m   [0m [91m      
                       
         ~~~~[0m
[96msrc/auth/auth.serv
ice.ts[0m:[93m1213[0
m:[93m56[0m - 
[91merror[0m[90m 
TS2339: [0mProperty 
'userSession' does not 
exist on type 
'PrismaMasterService'.

[7m1213[0m       
const existingSessions 
= await this.prismaMast
er.userSession.findMany
({
[7m    [0m [91m     
                       
                       
    ~~~~~~~~~~~[0m
[96msrc/auth/auth.serv
ice.ts[0m:[93m1221[0
m:[93m33[0m - 
[91merror[0m[90m 
TS2339: [0mProperty 
'userSession' does not 
exist on type 
'PrismaMasterService'.

[7m1221[0m         
await this.prismaMaster
.userSession.deleteMany
({
[7m    [0m [91m     
                       
    ~~~~~~~~~~~[0m
[96msrc/auth/auth.serv
ice.ts[0m:[93m1228[0
m:[93m31[0m - 
[91merror[0m[90m 
TS2339: [0mProperty 
'userSession' does not 
exist on type 
'PrismaMasterService'.

[7m1228[0m       
await this.prismaMaster
.userSession.deleteMany
({
[7m    [0m [91m     
                       
  ~~~~~~~~~~~[0m
[96msrc/auth/auth.serv
ice.ts[0m:[93m1237[0
m:[93m48[0m - 
[91merror[0m[90m 
TS2339: [0mProperty 
'userSession' does not 
exist on type 
'PrismaMasterService'.

[7m1237[0m     const 
newSession = await this
.prismaMaster.userSessi
on.create({
[7m    [0m [91m     
                       
                   
~~~~~~~~~~~[0m
[96msrc/auth/auth.serv
ice.ts[0m:[93m1257[0
m:[93m46[0m - 
[91merror[0m[90m 
TS2339: [0mProperty 
'userSession' does not 
exist on type 
'PrismaMasterService'.

[7m1257[0m     const 
sessions = await this.p
rismaMaster.userSession
.findMany({
[7m    [0m [91m     
                       
                 
~~~~~~~~~~~[0m
[96msrc/auth/auth.serv
ice.ts[0m:[93m1315[0
m:[93m31[0m - 
[91merror[0m[90m 
TS2339: [0mProperty 
'posSession' does not 
exist on type 
'PrismaMasterService'.

[7m1315[0m       
await this.prismaMaster
.posSession.update({
[7m    [0m [91m     
                       
  ~~~~~~~~~~[0m
[96msrc/auth/auth.serv
ice.ts[0m:[93m1407[0
m:[93m48[0m - 
[91merror[0m[90m 
TS2339: [0mProperty 
'posSession' does not 
exist on type 
'PrismaMasterService'.

[7m1407[0m       let 
posSession = await this
.prismaMaster.posSessio
n.findFirst({
[7m    [0m [91m     
                       
                   
~~~~~~~~~~[0m
[96msrc/auth/auth.serv
ice.ts[0m:[93m1414[0
m:[93m46[0m - 
[91merror[0m[90m 
TS2339: [0mProperty 
'posSession' does not 
exist on type 
'PrismaMasterService'.

[7m1414[0m         
posSession = await this
.prismaMaster.posSessio
n.create({
[7m    [0m [91m     
                       
                 
~~~~~~~~~~[0m
[96msrc/auth/auth.serv
ice.ts[0m:[93m1423[0
m:[93m33[0m - 
[91merror[0m[90m 
TS2339: [0mProperty 
'posSession' does not 
exist on type 
'PrismaMasterService'.

[7m1423[0m         
await this.prismaMaster
.posSession.update({
[7m    [0m [91m     
                       
    ~~~~~~~~~~[0m
[96msrc/common/guards/
jwt-auth.guard.ts[0m:
[93m49[0m:[93m49[0m 
- [91merror[0m[90m 
TS2339: [0mProperty 
'userSession' does not 
exist on type 
'PrismaMasterService'.

[7m49[0m         
const session = await t
his.prismaMaster.userSe
ssion.findUnique({
[7m  [0m [91m       
                       
                  
~~~~~~~~~~~[0m
[96msrc/common/service
s/csv-parser.service.ts
[0m:[93m3[0m:[93m23
[0m - 
[91merror[0m[90m 
TS2307: [0mCannot 
find module 
'papaparse' or its 
corresponding type 
declarations.

[7m3[0m import * as 
Papa from 'papaparse';
[7m [0m [91m        
              
~~~~~~~~~~~[0m
[96msrc/employee/emplo
yee.service.ts[0m:[93
m1154[0m:[93m1[0m - 
[91merror[0m[90m 
TS1185: [0mMerge 
conflict marker 
encountered.

[7m1154[0m <<<<<<< 
HEAD
[7m    [0m 
[91m~~~~~~~[0m
[96msrc/employee/emplo
yee.service.ts[0m:[93
m1170[0m:[93m1[0m - 
[91merror[0m[90m 
TS1185: [0mMerge 
conflict marker 
encountered.

[7m1170[0m =======
[7m    [0m 
[91m~~~~~~~[0m
[96msrc/employee/emplo
yee.service.ts[0m:[93
m1180[0m:[93m1[0m - 
[91merror[0m[90m 
TS1185: [0mMerge 
conflict marker 
encountered.

[7m1180[0m >>>>>>> d1
7f2f1dd7b90f33481b6f007
7919b6dca053bfb
[7m    [0m 
[91m~~~~~~~[0m
[96msrc/employee/emplo
yee.service.ts[0m:[93
m1187[0m:[93m1[0m - 
[91merror[0m[90m 
TS1185: [0mMerge 
conflict marker 
encountered.

[7m1187[0m <<<<<<< 
HEAD
[7m    [0m 
[91m~~~~~~~[0m
[96msrc/employee/emplo
yee.service.ts[0m:[93
m1265[0m:[93m1[0m - 
[91merror[0m[90m 
TS1185: [0mMerge 
conflict marker 
encountered.

[7m1265[0m =======
[7m    [0m 
[91m~~~~~~~[0m
[96msrc/employee/emplo
yee.service.ts[0m:[93
m1275[0m:[93m1[0m - 
[91merror[0m[90m 
TS1185: [0mMerge 
conflict marker 
encountered.

[7m1275[0m >>>>>>> d1
7f2f1dd7b90f33481b6f007
7919b6dca053bfb
[7m    [0m 
[91m~~~~~~~[0m
[96msrc/finance/item/i
tem-bulk-upload.service
.ts[0m:[93m2[0m:[93
m29[0m - 
[91merror[0m[90m 
TS2307: [0mCannot 
find module 
'@nestjs/bull' or its 
corresponding type 
declarations.

[7m2[0m import { 
InjectQueue } from 
'@nestjs/bull';
[7m [0m [91m        
                    
~~~~~~~~~~~~~~[0m
[96msrc/finance/item/i
tem-bulk-upload.service
.ts[0m:[93m3[0m:[93
m28[0m - 
[91merror[0m[90m 
TS2307: [0mCannot 
find module 'bull' or 
its corresponding type 
declarations.

[7m3[0m import type 
{ Queue } from 'bull';
[7m [0m [91m        
                   
~~~~~~[0m
[96msrc/finance/item/i
tem-bulk-upload.service
.ts[0m:[93m29[0m:[9
3m42[0m - 
[91merror[0m[90m 
TS2339: [0mProperty 
'bulkUpload' does not 
exist on type 
'PrismaService'.

[7m29[0m         
const upload = await th
is.prisma.bulkUpload.cr
eate({
[7m  [0m [91m       
                       
           
~~~~~~~~~~[0m
[96msrc/finance/item/i
tem-bulk-upload.service
.ts[0m:[93m64[0m:[9
3m27[0m - 
[91merror[0m[90m 
TS2339: [0mProperty 
'bulkUpload' does not 
exist on type 
'PrismaService'.

[7m64[0m         
await this.prisma.bulkU
pload.update({
[7m  [0m [91m       
                   
~~~~~~~~~~[0m
[96msrc/finance/item/i
tem-bulk-upload.service
.ts[0m:[93m81[0m:[9
3m42[0m - 
[91merror[0m[90m 
TS2339: [0mProperty 
'bulkUpload' does not 
exist on type 
'PrismaService'.

[7m81[0m         
const upload = await th
is.prisma.bulkUpload.fi
ndUnique({
[7m  [0m [91m       
                       
           
~~~~~~~~~~[0m
[96msrc/finance/item/i
tem-bulk-upload.service
.ts[0m:[93m108[0m:[
93m27[0m - 
[91merror[0m[90m 
TS2339: [0mProperty 
'bulkUpload' does not 
exist on type 
'PrismaService'.

[7m108[0m         
await this.prisma.bulkU
pload.update({
[7m   [0m [91m      
                    
~~~~~~~~~~[0m
[96msrc/finance/item/i
tem-bulk-upload.service
.ts[0m:[93m126[0m:[
93m27[0m - 
[91merror[0m[90m 
TS2339: [0mProperty 
'bulkUpload' does not 
exist on type 
'PrismaService'.

[7m126[0m         
await this.prisma.bulkU
pload.update({
[7m   [0m [91m      
                    
~~~~~~~~~~[0m
[96msrc/finance/item/i
tem-bulk-upload.service
.ts[0m:[93m155[0m:[
93m42[0m - 
[91merror[0m[90m 
TS2339: [0mProperty 
'bulkUpload' does not 
exist on type 
'PrismaService'.

[7m155[0m         
const upload = await th
is.prisma.bulkUpload.fi
ndUnique({
[7m   [0m [91m      
                       
            
~~~~~~~~~~[0m
[96msrc/finance/item/i
tem-bulk-upload.service
.ts[0m:[93m199[0m:[
93m42[0m - 
[91merror[0m[90m 
TS2339: [0mProperty 
'bulkUpload' does not 
exist on type 
'PrismaService'.

[7m199[0m         
const upload = await th
is.prisma.bulkUpload.fi
ndUnique({
[7m   [0m [91m      
                       
            
~~~~~~~~~~[0m
[96msrc/finance/item/i
tem-bulk-upload.service
.ts[0m:[93m218[0m:[
93m27[0m - 
[91merror[0m[90m 
TS2339: [0mProperty 
'bulkUpload' does not 
exist on type 
'PrismaService'.

[7m218[0m         
await this.prisma.bulkU
pload.update({
[7m   [0m [91m      
                    
~~~~~~~~~~[0m
[96msrc/finance/item/i
tem-bulk-upload.service
.ts[0m:[93m233[0m:[
93m28[0m - 
[91merror[0m[90m 
TS2339: [0mProperty 
'bulkUpload' does not 
exist on type 
'PrismaService'.

[7m233[0m         
return this.prisma.bulk
Upload.findMany({
[7m   [0m [91m      
                     
~~~~~~~~~~[0m
[96msrc/finance/item/i
tem.module.ts[0m:[93m
2[0m:[93m28[0m - 
[91merror[0m[90m 
TS2307: [0mCannot 
find module 
'@nestjs/bull' or its 
corresponding type 
declarations.

[7m2[0m import { 
BullModule } from 
'@nestjs/bull';
[7m [0m [91m        
                   
~~~~~~~~~~~~~~[0m
[96msrc/finance/item/u
pload-events.service.ts
[0m:[93m2[0m:[93m31
[0m - 
[91merror[0m[90m 
TS2307: [0mCannot 
find module '@nestjs/ev
ent-emitter' or its 
corresponding type 
declarations.

[7m2[0m import { 
EventEmitter2 } from '@
nestjs/event-emitter';
[7m [0m [91m        
                      ~
~~~~~~~~~~~~~~~~~~~~~~
[0m
[96msrc/master/locatio
n/location.service.ts[
0m:[93m76[0m:[93m11
[0m - 
[91merror[0m[90m 
TS2353: [0mObject 
literal may only 
specify known 
properties, and 
'companyId' does not 
exist in type 'Without<
LocationCreateInput, Lo
cationUncheckedCreateIn
put> & LocationUnchecke
dCreateInput'.

[7m76[0m           
companyId: 
body.companyId,
[7m  [0m [91m       
   ~~~~~~~~~[0m

  [96mnode_modules/@pr
isma/management-client/
index.d.ts[0m:[93m345
85[0m:[93m5[0m
    [7m34585[0m     
data: XOR<LocationCreat
eInput, LocationUncheck
edCreateInput>
    [7m     [0m 
[96m    ~~~~[0m
    The expected type 
comes from property 
'data' which is 
declared here on type 
'{ select?: LocationSel
ect<DefaultArgs> | 
null | undefined; 
omit?: LocationOmit<Def
aultArgs> | null | 
undefined; include?: 
LocationInclude<...> | 
... 1 more ... | 
undefined; data: 
(Without<...> & Locatio
nUncheckedCreateInput) 
| (Without<...> & 
LocationCreateInput); 
}'
[96msrc/master/locatio
n/location.service.ts[
0m:[93m130[0m:[93m11
[0m - 
[91merror[0m[90m 
TS2353: [0mObject 
literal may only 
specify known 
properties, and 
'companyId' does not 
exist in type '(Without
<LocationUpdateInput, L
ocationUncheckedUpdateI
nput> & LocationUncheck
edUpdateInput) | 
(Without<...> & 
LocationUpdateInput)'.

[7m130[0m           
companyId: 
body.companyId ?? 
existing?.companyId,
[7m   [0m [91m      
    ~~~~~~~~~[0m

  [96mnode_modules/@pr
isma/management-client/
index.d.ts[0m:[93m346
41[0m:[93m5[0m
    [7m34641[0m     
data: XOR<LocationUpdat
eInput, LocationUncheck
edUpdateInput>
    [7m     [0m 
[96m    ~~~~[0m
    The expected type 
comes from property 
'data' which is 
declared here on type 
'{ select?: LocationSel
ect<DefaultArgs> | 
null | undefined; 
omit?: LocationOmit<Def
aultArgs> | null | 
undefined; include?: 
LocationInclude<...> | 
... 1 more ... | 
undefined; data: 
(Without<...> & Locatio
nUncheckedUpdateInput) 
| (Without<...> & 
LocationUpdateInput); 
where: LocationWhereUni
queInput; }'
[96msrc/master/locatio
n/location.service.ts[
0m:[93m130[0m:[93m50
[0m - 
[91merror[0m[90m 
TS2339: [0mProperty 
'companyId' does not 
exist on type '{ id: 
string; status: 
string; createdAt: 
Date; updatedAt: Date; 
name: string; 
createdById: string | 
null; address: string 
| null; cityId: string 
| null; }'.

[7m130[0m           
companyId: 
body.companyId ?? 
existing?.companyId,
[7m   [0m [91m      
                       
                    
~~~~~~~~~[0m
[96msrc/master/locatio
n/location.service.ts[
0m:[93m370[0m:[93m11
[0m - 
[91merror[0m[90m 
TS2353: [0mObject 
literal may only 
specify known 
properties, and 
'latitude' does not 
exist in type 
'LocationWhereInput'.

[7m370[0m           
latitude: { not: null 
},
[7m   [0m [91m      
    ~~~~~~~~[0m
[96msrc/master/locatio
n/location.service.ts[
0m:[93m377[0m:[93m11
[0m - 
[91merror[0m[90m 
TS2353: [0mObject 
literal may only 
specify known 
properties, and 
'latitude' does not 
exist in type 'Location
Select<DefaultArgs>'.

[7m377[0m           
latitude: true,
[7m   [0m [91m      
    ~~~~~~~~[0m
[96msrc/master/locatio
n/location.service.ts[
0m:[93m404[0m:[93m29
[0m - 
[91merror[0m[90m 
TS2339: [0mProperty 
'latitude' does not 
exist on type '{ id: 
string; status: 
string; createdAt: 
Date; updatedAt: Date; 
name: string; 
createdById: string | 
null; address: string 
| null; cityId: string 
| null; }'.

[7m404[0m         Num
ber(locations[0].latitu
de),
[7m   [0m [91m      
                      
~~~~~~~~[0m
[96msrc/master/locatio
n/location.service.ts[
0m:[93m405[0m:[93m29
[0m - 
[91merror[0m[90m 
TS2339: [0mProperty 
'longitude' does not 
exist on type '{ id: 
string; status: 
string; createdAt: 
Date; updatedAt: Date; 
name: string; 
createdById: string | 
null; address: string 
| null; cityId: string 
| null; }'.

[7m405[0m         Num
ber(locations[0].longit
ude)
[7m   [0m [91m      
                      
~~~~~~~~~[0m
[96msrc/master/locatio
n/location.service.ts[
0m:[93m412[0m:[93m31
[0m - 
[91merror[0m[90m 
TS2339: [0mProperty 
'latitude' does not 
exist on type '{ id: 
string; status: 
string; createdAt: 
Date; updatedAt: Date; 
name: string; 
createdById: string | 
null; address: string 
| null; cityId: string 
| null; }'.

[7m412[0m           N
umber(locations[i].lati
tude),
[7m   [0m [91m      
                       
 ~~~~~~~~[0m
[96msrc/master/locatio
n/location.service.ts[
0m:[93m413[0m:[93m31
[0m - 
[91merror[0m[90m 
TS2339: [0mProperty 
'longitude' does not 
exist on type '{ id: 
string; status: 
string; createdAt: 
Date; updatedAt: Date; 
name: string; 
createdById: string | 
null; address: string 
| null; cityId: string 
| null; }'.

[7m413[0m           N
umber(locations[i].long
itude)
[7m   [0m [91m      
                       
 ~~~~~~~~~[0m
[96msrc/master/pos/pos
.service.ts[0m:[93m91
[0m:[93m9[0m - 
[91merror[0m[90m 
TS2393: [0mDuplicate 
function 
implementation.

[7m91[0m   async 
update(
[7m  [0m [91m       
 ~~~~~~[0m
[96msrc/master/pos/pos
.service.ts[0m:[93m14
6[0m:[93m9[0m - 
[91merror[0m[90m 
TS2393: [0mDuplicate 
function 
implementation.

[7m146[0m   async 
remove(
[7m   [0m [91m      
  ~~~~~~[0m
[96msrc/master/pos/pos
.service.ts[0m:[93m15
7[0m:[93m32[0m - 
[91merror[0m[90m 
TS2304: [0mCannot 
find name 'body'.

[7m157[0m            
 let terminalCode = 
body.terminalCode;
[7m   [0m [91m      
                       
  ~~~~[0m
[96msrc/master/pos/pos
.service.ts[0m:[93m16
0[0m:[93m34[0m - 
[91merror[0m[90m 
TS2304: [0mCannot 
find name 'body'.

[7m160[0m            
         where: { id: 
body.locationId },
[7m   [0m [91m      
                       
    ~~~~[0m
[96msrc/master/pos/pos
.service.ts[0m:[93m16
8[0m:[93m45[0m - 
[91merror[0m[90m 
TS2304: [0mCannot 
find name 'nextPosId'.

[7m168[0m            
     terminalCode = `${
prefix}-${nextPosId}`;
[7m   [0m [91m      
                       
               
~~~~~~~~~[0m
[96msrc/master/pos/pos
.service.ts[0m:[93m17
1[0m:[93m84[0m - 
[91merror[0m[90m 
TS2353: [0mObject 
literal may only 
specify known 
properties, and 
'terminalCode' does 
not exist in type 
'PosWhereUniqueInput'.

[7m171[0m            
     const existing = 
await this.prismaMaster
.pos.findUnique({ 
where: { terminalCode 
} });
[7m   [0m [91m      
                       
                       
                       
        
~~~~~~~~~~~~[0m

  [96mnode_modules/@pr
isma/management-client/
index.d.ts[0m:[93m355
30[0m:[93m5[0m
    [7m35530[0m     
where: 
PosWhereUniqueInput
    [7m     [0m 
[96m    ~~~~~[0m
    The expected type 
comes from property 
'where' which is 
declared here on type 
'{ select?: 
PosSelect<DefaultArgs> 
| null | undefined; 
omit?: 
PosOmit<DefaultArgs> | 
null | undefined; 
include?: PosInclude<De
faultArgs> | null | 
undefined; where: 
PosWhereUniqueInput; }'
[96msrc/master/pos/pos
.service.ts[0m:[93m17
7[0m:[93m84[0m - 
[91merror[0m[90m 
TS2353: [0mObject 
literal may only 
specify known 
properties, and 
'terminalCode' does 
not exist in type 
'PosWhereUniqueInput'.

[7m177[0m            
     const existing = 
await this.prismaMaster
.pos.findUnique({ 
where: { terminalCode 
} });
[7m   [0m [91m      
                       
                       
                       
        
~~~~~~~~~~~~[0m

  [96mnode_modules/@pr
isma/management-client/
index.d.ts[0m:[93m355
30[0m:[93m5[0m
    [7m35530[0m     
where: 
PosWhereUniqueInput
    [7m     [0m 
[96m    ~~~~~[0m
    The expected type 
comes from property 
'where' which is 
declared here on type 
'{ select?: 
PosSelect<DefaultArgs> 
| null | undefined; 
omit?: 
PosOmit<DefaultArgs> | 
null | undefined; 
include?: PosInclude<De
faultArgs> | null | 
undefined; where: 
PosWhereUniqueInput; }'
[96msrc/master/pos/pos
.service.ts[0m:[93m18
4[0m:[93m17[0m - 
[91merror[0m[90m 
TS2304: [0mCannot 
find name 'body'.

[7m184[0m            
 if (body.terminalPin) 
{
[7m   [0m [91m      
          ~~~~[0m
[96msrc/master/pos/pos
.service.ts[0m:[93m18
5[0m:[93m47[0m - 
[91merror[0m[90m 
TS2304: [0mCannot 
find name 'body'.

[7m185[0m            
     hashedPin = await 
bcrypt.hash(body.termin
alPin, 10);
[7m   [0m [91m      
                       
                 
~~~~[0m
[96msrc/master/pos/pos
.service.ts[0m:[93m19
0[0m:[93m27[0m - 
[91merror[0m[90m 
TS2304: [0mCannot 
find name 'body'.

[7m190[0m            
         name: 
body.name,
[7m   [0m [91m      
                    
~~~~[0m
[96msrc/master/pos/pos
.service.ts[0m:[93m19
1[0m:[93m33[0m - 
[91merror[0m[90m 
TS2304: [0mCannot 
find name 'body'.

[7m191[0m            
         locationId: 
body.locationId,
[7m   [0m [91m      
                       
   ~~~~[0m
[96msrc/master/pos/pos
.service.ts[0m:[93m19
2[0m:[93m21[0m - 
[91merror[0m[90m 
TS2353: [0mObject 
literal may only 
specify known 
properties, and 
'companyId' does not 
exist in type '(Without
<PosCreateInput, PosUnc
heckedCreateInput> & Po
sUncheckedCreateInput) 
| (Without<PosUnchecked
CreateInput, 
PosCreateInput> & 
PosCreateInput)'.

[7m192[0m            
         companyId: 
body.companyId,
[7m   [0m [91m      
              
~~~~~~~~~[0m

  [96mnode_modules/@pr
isma/management-client/
index.d.ts[0m:[93m357
25[0m:[93m5[0m
    [7m35725[0m     
data: 
XOR<PosCreateInput, Pos
UncheckedCreateInput>
    [7m     [0m 
[96m    ~~~~[0m
    The expected type 
comes from property 
'data' which is 
declared here on type 
'{ select?: 
PosSelect<DefaultArgs> 
| null | undefined; 
omit?: 
PosOmit<DefaultArgs> | 
null | undefined; 
include?: PosInclude<De
faultArgs> | null | 
undefined; data: 
(Without<...> & PosUnch
eckedCreateInput) | 
(Without<...> & 
PosCreateInput); }'
[96msrc/master/pos/pos
.service.ts[0m:[93m19
2[0m:[93m32[0m - 
[91merror[0m[90m 
TS2304: [0mCannot 
find name 'body'.

[7m192[0m            
         companyId: 
body.companyId,
[7m   [0m [91m      
                       
  ~~~~[0m
[96msrc/master/pos/pos
.service.ts[0m:[93m19
3[0m:[93m28[0m - 
[91merror[0m[90m 
TS2304: [0mCannot 
find name 'nextPosId'.

[7m193[0m            
         posId: 
nextPosId,
[7m   [0m [91m      
                     
~~~~~~~~~[0m
[96msrc/master/pos/pos
.service.ts[0m:[93m19
6[0m:[93m29[0m - 
[91merror[0m[90m 
TS2304: [0mCannot 
find name 'body'.

[7m196[0m            
         status: 
body.status ?? 
'active',
[7m   [0m [91m      
                      
~~~~[0m
[96msrc/master/pos/pos
.service.ts[0m:[93m22
3[0m:[93m43[0m - 
[91merror[0m[90m 
TS2304: [0mCannot 
find name 'body'.

[7m223[0m            
     newValues: 
JSON.stringify(body),
[7m   [0m [91m      
                       
             ~~~~[0m
[96msrc/master/pos/pos
.service.ts[0m:[93m23
2[0m:[93m11[0m - 
[91merror[0m[90m 
TS2393: [0mDuplicate 
function 
implementation.

[7m232[0m     async 
update(
[7m   [0m [91m      
    ~~~~~~[0m
[96msrc/master/pos/pos
.service.ts[0m:[93m24
3[0m:[93m38[0m - 
[91merror[0m[90m 
TS2339: [0mProperty 
'terminalPin' does not 
exist on type '{ id: 
string; status: 
string; createdAt: 
Date; updatedAt: Date; 
name: string; 
locationId: string; 
posId: string; 
createdById: string | 
null; }'.

[7m243[0m            
 let hashedPin = 
existing.terminalPin;
[7m   [0m [91m      
                       
        ~~~~~~~~~~~[0m
[96msrc/master/pos/pos
.service.ts[0m:[93m25
2[0m:[93m21[0m - 
[91merror[0m[90m 
TS2353: [0mObject 
literal may only 
specify known 
properties, and 
'companyId' does not 
exist in type '(Without
<PosUpdateInput, PosUnc
heckedUpdateInput> & Po
sUncheckedUpdateInput) 
| (Without<PosUnchecked
UpdateInput, 
PosUpdateInput> & 
PosUpdateInput)'.

[7m252[0m            
         companyId: 
body.companyId ?? 
existing.companyId,
[7m   [0m [91m      
              
~~~~~~~~~[0m

  [96mnode_modules/@pr
isma/management-client/
index.d.ts[0m:[93m357
81[0m:[93m5[0m
    [7m35781[0m     
data: 
XOR<PosUpdateInput, Pos
UncheckedUpdateInput>
    [7m     [0m 
[96m    ~~~~[0m
    The expected type 
comes from property 
'data' which is 
declared here on type 
'{ select?: 
PosSelect<DefaultArgs> 
| null | undefined; 
omit?: 
PosOmit<DefaultArgs> | 
null | undefined; 
include?: PosInclude<De
faultArgs> | null | 
undefined; data: 
(Without<...> & PosUnch
eckedUpdateInput) | 
(Without<...> & 
PosUpdateInput); 
where: 
PosWhereUniqueInput; }'
[96msrc/master/pos/pos
.service.ts[0m:[93m25
2[0m:[93m59[0m - 
[91merror[0m[90m 
TS2339: [0mProperty 
'companyId' does not 
exist on type '{ id: 
string; status: 
string; createdAt: 
Date; updatedAt: Date; 
name: string; 
locationId: string; 
posId: string; 
createdById: string | 
null; }'.

[7m252[0m            
         companyId: 
body.companyId ?? 
existing.companyId,
[7m   [0m [91m      
                       
                       
      ~~~~~~~~~[0m
[96msrc/master/pos/pos
.service.ts[0m:[93m29
1[0m:[93m11[0m - 
[91merror[0m[90m 
TS2393: [0mDuplicate 
function 
implementation.

[7m291[0m     async 
remove(
[7m   [0m [91m      
    ~~~~~~[0m
[96msrc/master/pos/pos
.service.ts[0m:[93m33
9[0m:[93m17[0m - 
[91merror[0m[90m 
TS2353: [0mObject 
literal may only 
specify known 
properties, and 
'terminalCode' does 
not exist in type 
'PosWhereUniqueInput'.

[7m339[0m            
     terminalCode,
[7m   [0m [91m      
          
~~~~~~~~~~~~[0m

  [96mnode_modules/@pr
isma/management-client/
index.d.ts[0m:[93m355
30[0m:[93m5[0m
    [7m35530[0m     
where: 
PosWhereUniqueInput
    [7m     [0m 
[96m    ~~~~~[0m
    The expected type 
comes from property 
'where' which is 
declared here on type 
'{ select?: 
PosSelect<DefaultArgs> 
| null | undefined; 
omit?: 
PosOmit<DefaultArgs> | 
null | undefined; 
include?: PosInclude<De
faultArgs> | null | 
undefined; where: 
PosWhereUniqueInput; }'
[96msrc/master/pos/pos
.service.ts[0m:[93m34
2[0m:[93m17[0m - 
[91merror[0m[90m 
TS2353: [0mObject 
literal may only 
specify known 
properties, and 
'company' does not 
exist in type 'PosInclu
de<DefaultArgs>'.

[7m342[0m            
     company: {
[7m   [0m [91m      
          ~~~~~~~[0m

  [96mnode_modules/@pr
isma/management-client/
index.d.ts[0m:[93m355
26[0m:[93m5[0m
    [7m35526[0m     
include?: 
PosInclude<ExtArgs> | 
null
    [7m     [0m 
[96m    ~~~~~~~[0m
    The expected type 
comes from property 
'include' which is 
declared here on type 
'{ select?: 
PosSelect<DefaultArgs> 
| null | undefined; 
omit?: 
PosOmit<DefaultArgs> | 
null | undefined; 
include?: PosInclude<De
faultArgs> | null | 
undefined; where: 
PosWhereUniqueInput; }'
[96msrc/master/pos/pos
.service.ts[0m:[93m35
4[0m:[93m36[0m - 
[91merror[0m[90m 
TS2339: [0mProperty 
'terminalPin' does not 
exist on type '{ id: 
string; status: 
string; createdAt: 
Date; updatedAt: Date; 
name: string; 
locationId: string; 
posId: string; 
createdById: string | 
null; }'.

[7m354[0m         if 
(!terminal || 
!terminal.terminalPin) 
{
[7m   [0m [91m      
                       
      ~~~~~~~~~~~[0m
[96msrc/master/pos/pos
.service.ts[0m:[93m35
8[0m:[93m60[0m - 
[91merror[0m[90m 
TS2339: [0mProperty 
'terminalPin' does not 
exist on type '{ id: 
string; status: 
string; createdAt: 
Date; updatedAt: Date; 
name: string; 
locationId: string; 
posId: string; 
createdById: string | 
null; }'.

[7m358[0m         
const isValid = await 
bcrypt.compare(pin, 
terminal.terminalPin);
[7m   [0m [91m      
                       
                       
       ~~~~~~~~~~~[0m
[96msrc/master/pos/pos
.service.ts[0m:[93m36
8[0m:[93m37[0m - 
[91merror[0m[90m 
TS2339: [0mProperty 
'companyId' does not 
exist on type '{ id: 
string; status: 
string; createdAt: 
Date; updatedAt: Date; 
name: string; 
locationId: string; 
posId: string; 
createdById: string | 
null; }'.

[7m368[0m            
     companyId: 
terminal.companyId,
[7m   [0m [91m      
                       
       ~~~~~~~~~[0m
[96msrc/master/pos/pos
.service.ts[0m:[93m36
9[0m:[93m35[0m - 
[91merror[0m[90m 
TS2339: [0mProperty 
'company' does not 
exist on type '{ id: 
string; status: 
string; createdAt: 
Date; updatedAt: Date; 
name: string; 
locationId: string; 
posId: string; 
createdById: string | 
null; }'.

[7m369[0m            
     company: 
terminal.company,
[7m   [0m [91m      
                       
     ~~~~~~~[0m
[96msrc/master/pos/pos
.service.ts[0m:[93m37
0[0m:[93m34[0m - 
[91merror[0m[90m 
TS2339: [0mProperty 
'company' does not 
exist on type '{ id: 
string; status: 
string; createdAt: 
Date; updatedAt: Date; 
name: string; 
locationId: string; 
posId: string; 
createdById: string | 
null; }'.

[7m370[0m            
     tenant: terminal.c
ompany?.tenant,
[7m   [0m [91m      
                       
    ~~~~~~~[0m
[96msrc/master/pos/pos
.service.ts[0m:[93m37
2[0m:[93m40[0m - 
[91merror[0m[90m 
TS2339: [0mProperty 
'terminalCode' does 
not exist on type '{ 
id: string; status: 
string; createdAt: 
Date; updatedAt: Date; 
name: string; 
locationId: string; 
posId: string; 
createdById: string | 
null; }'.

[7m372[0m            
     terminalCode: 
terminal.terminalCode,
[7m   [0m [91m      
                       
          
~~~~~~~~~~~~[0m
[96msrc/queue/processo
rs/upload.processor.ts
[0m:[93m1[0m:[93m36
[0m - 
[91merror[0m[90m 
TS2307: [0mCannot 
find module 
'@nestjs/bull' or its 
corresponding type 
declarations.

[7m1[0m import { 
Process, Processor } 
from '@nestjs/bull';
[7m [0m [91m        
                       
    ~~~~~~~~~~~~~~[0m
[96msrc/queue/processo
rs/upload.processor.ts
[0m:[93m3[0m:[93m26
[0m - 
[91merror[0m[90m 
TS2307: [0mCannot 
find module 'bull' or 
its corresponding type 
declarations.

[7m3[0m import type 
{ Job } from 'bull';
[7m [0m [91m        
                 
~~~~~~[0m
[96msrc/queue/processo
rs/upload.processor.ts
[0m:[93m74[0m:[93m26
[0m - 
[91merror[0m[90m 
TS2339: [0mProperty 
'bulkUpload' does not 
exist on type 
'PrismaService'.

[7m74[0m             
await prisma.bulkUpload
.update({
[7m  [0m [91m       
                  
~~~~~~~~~~[0m
[96msrc/queue/processo
rs/upload.processor.ts
[0m:[93m97[0m:[93m26
[0m - 
[91merror[0m[90m 
TS2339: [0mProperty 
'bulkUpload' does not 
exist on type 
'PrismaService'.

[7m97[0m             
await prisma.bulkUpload
.update({
[7m  [0m [91m       
                  
~~~~~~~~~~[0m
[96msrc/queue/processo
rs/upload.processor.ts
[0m:[93m143[0m:[93m3
0[0m - 
[91merror[0m[90m 
TS2339: [0mProperty 
'bulkUpload' does not 
exist on type 
'PrismaService'.

[7m143[0m            
     await prisma.bulkU
pload.update({
Found 103 error(s).

[7m   [0m [91m      
                       
~~~~~~~~~~[0m
[96msrc/queue/processo
rs/upload.processor.ts
[0m:[93m180[0m:[93m3
0[0m - 
[91merror[0m[90m 
TS2339: [0mProperty 
'bulkUpload' does not 
exist on type 
'PrismaService'.

[7m180[0m            
     await prisma.bulkU
pload.update({
[7m   [0m [91m      
                       
~~~~~~~~~~[0m
[96msrc/queue/processo
rs/upload.processor.ts
[0m:[93m206[0m:[93m2
6[0m - 
[91merror[0m[90m 
TS2339: [0mProperty 
'bulkUpload' does not 
exist on type 
'PrismaService'.

[7m206[0m            
 await prisma.bulkUploa
d.update({
[7m   [0m [91m      
                   
~~~~~~~~~~[0m
[96msrc/queue/processo
rs/upload.processor.ts
[0m:[93m230[0m:[93m2
6[0m - 
[91merror[0m[90m 
TS2339: [0mProperty 
'bulkUpload' does not 
exist on type 
'PrismaService'.

[7m230[0m            
 await prisma.bulkUploa
d.update({
[7m   [0m [91m      
                   
~~~~~~~~~~[0m
[96msrc/queue/processo
rs/upload.processor.ts
[0m:[93m357[0m:[93m1
7[0m - 
[91merror[0m[90m 
TS2353: [0mObject 
literal may only 
specify known 
properties, and 
'uomId' does not exist 
in type '(Without<ItemC
reateInput, ItemUncheck
edCreateInput> & ItemUn
checkedCreateInput) | 
(Without<...> & 
ItemCreateInput)'.

[7m357[0m            
     uomId,
[7m   [0m [91m      
          ~~~~~[0m

  [96mnode_modules/.pr
isma/client/index.d.ts
[0m:[93m25110[0m:[93
m5[0m
    [7m25110[0m     
data: 
XOR<ItemCreateInput, It
emUncheckedCreateInput>
    [7m     [0m 
[96m    ~~~~[0m
    The expected type 
comes from property 
'data' which is 
declared here on type 
'{ select?: ItemSelect<
DefaultArgs> | null | 
undefined; omit?: 
ItemOmit<DefaultArgs> 
| null | undefined; 
include?: ItemInclude<D
efaultArgs> | null | 
undefined; data: 
(Without<...> & ItemUnc
heckedCreateInput) | 
(Without<...> & 
ItemCreateInput); }'
[96msrc/queue/queue.mo
dule.ts[0m:[93m2[0m:
[93m28[0m - 
[91merror[0m[90m 
TS2307: [0mCannot 
find module 
'@nestjs/bull' or its 
corresponding type 
declarations.

[7m2[0m import { 
BullModule } from 
'@nestjs/bull';
[7m [0m [91m        
                   
~~~~~~~~~~~~~~[0m
[96msrc/webhook/webhoo
k.service.ts[0m:[93m1
2[0m:[93m28[0m - 
[91merror[0m[90m 
TS2339: [0mProperty 
'webhook' does not 
exist on type 
'PrismaService'.

[7m12[0m         
return this.prisma.webh
ook.findMany({
[7m  [0m [91m       
                    
~~~~~~~[0m
[96msrc/webhook/webhoo
k.service.ts[0m:[93m1
8[0m:[93m28[0m - 
[91merror[0m[90m 
TS2339: [0mProperty 
'webhook' does not 
exist on type 
'PrismaService'.

[7m18[0m         
return this.prisma.webh
ook.findUnique({
[7m  [0m [91m       
                    
~~~~~~~[0m
[96msrc/webhook/webhoo
k.service.ts[0m:[93m2
5[0m:[93m28[0m - 
[91merror[0m[90m 
TS2339: [0mProperty 
'webhook' does not 
exist on type 
'PrismaService'.

[7m25[0m         
return this.prisma.webh
ook.create({
[7m  [0m [91m       
                    
~~~~~~~[0m
[96msrc/webhook/webhoo
k.service.ts[0m:[93m3
8[0m:[93m28[0m - 
[91merror[0m[90m 
TS2339: [0mProperty 
'webhook' does not 
exist on type 
'PrismaService'.

[7m38[0m         
return this.prisma.webh
ook.update({
[7m  [0m [91m       
                    
~~~~~~~[0m
[96msrc/webhook/webhoo
k.service.ts[0m:[93m5
2[0m:[93m28[0m - 
[91merror[0m[90m 
TS2339: [0mProperty 
'webhook' does not 
exist on type 
'PrismaService'.

[7m52[0m         
return this.prisma.webh
ook.delete({
[7m  [0m [91m       
                    
~~~~~~~[0m
[96msrc/webhook/webhoo
k.service.ts[0m:[93m6
1[0m:[93m44[0m - 
[91merror[0m[90m 
TS2339: [0mProperty 
'webhook' does not 
exist on type 
'PrismaService'.

[7m61[0m         
const webhooks = await 
this.prisma.webhook.fin
dMany({
[7m  [0m [91m       
                       
             
~~~~~~~[0m
[96msrc/webhook/webhoo
k.service.ts[0m:[93m1
31[0m:[93m27[0m - 
[91merror[0m[90m 
TS2339: [0mProperty 
'webhookLog' does not 
exist on type 
'PrismaService'.

[7m131[0m         
await this.prisma.webho
okLog.create({
[7m   [0m [91m      
                    
~~~~~~~~~~[0m
[96mverify-webhook.ts
[0m:[93m19[0m:[93m34
[0m - 
[91merror[0m[90m 
TS2339: [0mProperty 
'webhook' does not 
exist on type 
'PrismaService'.

[7m19[0m     const 
webhook = await 
prisma.webhook.create({
[7m  [0m [91m       
                       
   ~~~~~~~[0m

