check-seed.ts(2,30): error TS2307: Cannot find module '@prisma/management-client' or its corresponding type declarations.
scripts/chart-of-account.ts(3,50): error TS2307: Cannot find module '@prisma/management-client' or its corresponding type declarations.
scripts/push-tenants-schema.ts(2,50): error TS2307: Cannot find module '@prisma/management-client' or its corresponding type declarations.
scripts/update-permission.ts(2,30): error TS2307: Cannot find module '@prisma/management-client' or its corresponding type declarations.
src/activity-logs/activity-logs.service.ts(66,25): error TS2339: Property 'activityLog' does not exist on type 'PrismaMasterService'.
src/activity-logs/activity-logs.service.ts(82,25): error TS2339: Property 'activityLog' does not exist on type 'PrismaMasterService'.
src/activity-logs/activity-logs.service.ts(112,46): error TS2339: Property 'user' does not exist on type 'PrismaMasterService'.
src/activity-logs/activity-logs.service.ts(125,45): error TS2339: Property 'activityLog' does not exist on type 'PrismaMasterService'.
src/admin/company/company.service.ts(42,48): error TS2339: Property 'company' does not exist on type 'PrismaMasterService'.
src/admin/company/company.service.ts(58,46): error TS2339: Property 'company' does not exist on type 'PrismaMasterService'.
src/admin/company/company.service.ts(78,46): error TS2339: Property 'company' does not exist on type 'PrismaMasterService'.
src/admin/company/company.service.ts(116,55): error TS2339: Property 'company' does not exist on type 'PrismaMasterService'.
src/admin/company/company.service.ts(132,42): error TS2339: Property 'tenant' does not exist on type 'PrismaMasterService'.
src/admin/company/company.service.ts(139,42): error TS2339: Property 'tenant' does not exist on type 'PrismaMasterService'.
src/admin/company/company.service.ts(146,42): error TS2339: Property 'tenant' does not exist on type 'PrismaMasterService'.
src/admin/company/company.service.ts(156,33): error TS2339: Property 'tenant' does not exist on type 'PrismaMasterService'.
src/admin/company/company.service.ts(174,48): error TS2339: Property 'company' does not exist on type 'PrismaMasterService'.
src/admin/company/company.service.ts(215,48): error TS2339: Property 'company' does not exist on type 'PrismaMasterService'.
src/admin/company/company.service.ts(243,46): error TS2339: Property 'company' does not exist on type 'PrismaMasterService'.
src/admin/company/company.service.ts(256,43): error TS2339: Property 'company' does not exist on type 'PrismaMasterService'.
src/allowance/allowance.service.ts(101,29): error TS2339: Property 'allowanceHead' does not exist on type 'PrismaMasterService'.
src/allowance/allowance.service.ts(105,29): error TS2339: Property 'user' does not exist on type 'PrismaMasterService'.
src/allowance/allowance.service.ts(109,29): error TS2339: Property 'department' does not exist on type 'PrismaMasterService'.
src/allowance/allowance.service.ts(113,29): error TS2339: Property 'subDepartment' does not exist on type 'PrismaMasterService'.
src/allowance/allowance.service.ts(181,27): error TS2339: Property 'allowanceHead' does not exist on type 'PrismaMasterService'.
src/allowance/allowance.service.ts(186,31): error TS2339: Property 'user' does not exist on type 'PrismaMasterService'.
src/allowance/allowance.service.ts(197,31): error TS2339: Property 'user' does not exist on type 'PrismaMasterService'.
src/allowance/allowance.service.ts(208,31): error TS2339: Property 'department' does not exist on type 'PrismaMasterService'.
src/allowance/allowance.service.ts(214,31): error TS2339: Property 'subDepartment' does not exist on type 'PrismaMasterService'.
src/allowance/allowance.service.ts(276,54): error TS2339: Property 'allowanceHead' does not exist on type 'PrismaMasterService'.
src/allowance/allowance.service.ts(524,54): error TS2339: Property 'allowanceHead' does not exist on type 'PrismaMasterService'.
src/allowance/allowance.service.ts(544,53): error TS2339: Property 'allowanceHead' does not exist on type 'PrismaMasterService'.
src/attendance-exemption/attendance-exemption.service.ts(54,50): error TS2339: Property 'department' does not exist on type 'PrismaMasterService'.
src/attendance-exemption/attendance-exemption.service.ts(72,53): error TS2339: Property 'subDepartment' does not exist on type 'PrismaMasterService'.
src/attendance-exemption/attendance-exemption.service.ts(141,27): error TS2339: Property 'department' does not exist on type 'PrismaMasterService'.
src/attendance-exemption/attendance-exemption.service.ts(145,27): error TS2339: Property 'subDepartment' does not exist on type 'PrismaMasterService'.
src/attendance-exemption/attendance-exemption.service.ts(149,27): error TS2339: Property 'designation' does not exist on type 'PrismaMasterService'.
src/attendance-exemption/attendance-exemption.service.ts(204,31): error TS2339: Property 'department' does not exist on type 'PrismaMasterService'.
src/attendance-exemption/attendance-exemption.service.ts(210,31): error TS2339: Property 'subDepartment' does not exist on type 'PrismaMasterService'.
src/attendance-exemption/attendance-exemption.service.ts(216,31): error TS2339: Property 'designation' does not exist on type 'PrismaMasterService'.
src/attendance-request-query/attendance-request-query.service.ts(54,50): error TS2339: Property 'department' does not exist on type 'PrismaMasterService'.
src/attendance-request-query/attendance-request-query.service.ts(72,53): error TS2339: Property 'subDepartment' does not exist on type 'PrismaMasterService'.
src/attendance-request-query/attendance-request-query.service.ts(125,49): error TS2339: Property 'department' does not exist on type 'PrismaMasterService'.
src/attendance-request-query/attendance-request-query.service.ts(128,50): error TS2339: Property 'designation' does not exist on type 'PrismaMasterService'.
src/attendance-request-query/attendance-request-query.service.ts(180,33): error TS2339: Property 'department' does not exist on type 'PrismaMasterService'.
src/attendance-request-query/attendance-request-query.service.ts(192,33): error TS2339: Property 'designation' does not exist on type 'PrismaMasterService'.
src/attendance/attendance.service.ts(109,40): error TS2339: Property 'workingHoursPolicy' does not exist on type 'PrismaMasterService'.
src/attendance/attendance.service.ts(115,40): error TS2339: Property 'workingHoursPolicy' does not exist on type 'PrismaMasterService'.
src/attendance/attendance.service.ts(393,48): error TS2339: Property 'holiday' does not exist on type 'PrismaMasterService'.
src/attendance/attendance.service.ts(1012,51): error TS2339: Property 'holiday' does not exist on type 'PrismaMasterService'.
src/attendance/attendance.service.ts(1046,46): error TS2339: Property 'workingHoursPolicy' does not exist on type 'PrismaMasterService'.
src/attendance/attendance.service.ts(1052,46): error TS2339: Property 'workingHoursPolicy' does not exist on type 'PrismaMasterService'.
src/attendance/attendance.service.ts(1287,29): error TS2339: Property 'department' does not exist on type 'PrismaMasterService'.
src/attendance/attendance.service.ts(1291,29): error TS2339: Property 'subDepartment' does not exist on type 'PrismaMasterService'.
src/attendance/attendance.service.ts(1295,29): error TS2339: Property 'designation' does not exist on type 'PrismaMasterService'.
src/attendance/attendance.service.ts(1299,29): error TS2339: Property 'workingHoursPolicy' does not exist on type 'PrismaMasterService'.
src/attendance/attendance.service.ts(1334,51): error TS2339: Property 'holiday' does not exist on type 'PrismaMasterService'.
src/attendance/attendance.service.ts(1661,48): error TS2339: Property 'name' does not exist on type '{}'.
src/attendance/attendance.service.ts(1663,54): error TS2339: Property 'name' does not exist on type '{}'.
src/attendance/attendance.service.ts(1665,50): error TS2339: Property 'name' does not exist on type '{}'.
src/auth/auth.controller.ts(35,3): error TS2392: Multiple constructor implementations are not allowed.
src/auth/auth.controller.ts(36,3): error TS2392: Multiple constructor implementations are not allowed.
src/auth/auth.controller.ts(37,13): error TS2300: Duplicate identifier 'service'.
src/auth/auth.controller.ts(291,53): error TS2339: Property 'posSession' does not exist on type 'PrismaMasterService'.
src/auth/auth.service.ts(49,42): error TS2339: Property 'user' does not exist on type 'PrismaMasterService'.
src/auth/auth.service.ts(62,29): error TS2339: Property 'loginHistory' does not exist on type 'PrismaMasterService'.
src/auth/auth.service.ts(138,48): error TS2339: Property 'user' does not exist on type 'PrismaMasterService'.
src/auth/auth.service.ts(154,48): error TS2339: Property 'user' does not exist on type 'PrismaMasterService'.
src/auth/auth.service.ts(183,53): error TS2339: Property 'designation' does not exist on type 'PrismaMasterService'.
src/auth/auth.service.ts(189,52): error TS2339: Property 'department' does not exist on type 'PrismaMasterService'.
src/auth/auth.service.ts(307,42): error TS2339: Property 'tenant' does not exist on type 'PrismaMasterService'.
src/auth/auth.service.ts(333,40): error TS2339: Property 'tenant' does not exist on type 'PrismaMasterService'.
src/auth/auth.service.ts(344,40): error TS2339: Property 'user' does not exist on type 'PrismaMasterService'.
src/auth/auth.service.ts(360,44): error TS2339: Property 'role' does not exist on type 'PrismaMasterService'.
src/auth/auth.service.ts(368,38): error TS2339: Property 'user' does not exist on type 'PrismaMasterService'.
src/auth/auth.service.ts(389,38): error TS2339: Property 'user' does not exist on type 'PrismaMasterService'.
src/auth/auth.service.ts(440,29): error TS2339: Property 'loginHistory' does not exist on type 'PrismaMasterService'.
src/auth/auth.service.ts(450,29): error TS2339: Property 'loginHistory' does not exist on type 'PrismaMasterService'.
src/auth/auth.service.ts(520,42): error TS2339: Property 'location' does not exist on type 'PrismaMasterService'.
src/auth/auth.service.ts(549,49): error TS2339: Property 'location' does not exist on type 'PrismaMasterService'.
src/auth/auth.service.ts(655,45): error TS2339: Property 'posSession' does not exist on type 'PrismaMasterService'.
src/auth/auth.service.ts(691,44): error TS2339: Property 'user' does not exist on type 'PrismaMasterService'.
src/auth/auth.service.ts(728,41): error TS2339: Property 'user' does not exist on type 'PrismaMasterService'.
src/auth/auth.service.ts(762,48): error TS2339: Property 'pos' does not exist on type 'PrismaMasterService'.
src/auth/auth.service.ts(811,31): error TS2339: Property 'department' does not exist on type 'PrismaMasterService'.
src/auth/auth.service.ts(814,31): error TS2339: Property 'designation' does not exist on type 'PrismaMasterService'.
src/auth/auth.service.ts(840,42): error TS2339: Property 'user' does not exist on type 'PrismaMasterService'.
src/auth/auth.service.ts(871,42): error TS2339: Property 'user' does not exist on type 'PrismaMasterService'.
src/auth/auth.service.ts(886,29): error TS2339: Property 'user' does not exist on type 'PrismaMasterService'.
src/auth/auth.service.ts(907,43): error TS2339: Property 'user' does not exist on type 'PrismaMasterService'.
src/auth/auth.service.ts(931,31): error TS2339: Property 'department' does not exist on type 'PrismaMasterService'.
src/auth/auth.service.ts(934,31): error TS2339: Property 'designation' does not exist on type 'PrismaMasterService'.
src/auth/auth.service.ts(954,42): error TS2339: Property 'loginHistory' does not exist on type 'PrismaMasterService'.
src/auth/auth.service.ts(963,44): error TS2339: Property 'user' does not exist on type 'PrismaMasterService'.
src/auth/auth.service.ts(1000,29): error TS2339: Property 'department' does not exist on type 'PrismaMasterService'.
src/auth/auth.service.ts(1003,29): error TS2339: Property 'designation' does not exist on type 'PrismaMasterService'.
src/auth/auth.service.ts(1034,50): error TS2339: Property 'user' does not exist on type 'PrismaMasterService'.
src/auth/auth.service.ts(1045,53): error TS2339: Property 'user' does not exist on type 'PrismaMasterService'.
src/auth/auth.service.ts(1071,42): error TS2339: Property 'user' does not exist on type 'PrismaMasterService'.
src/auth/auth.service.ts(1083,42): error TS2339: Property 'user' does not exist on type 'PrismaMasterService'.
src/auth/auth.service.ts(1088,43): error TS2339: Property 'role' does not exist on type 'PrismaMasterService'.
src/auth/auth.service.ts(1096,49): error TS2339: Property 'permission' does not exist on type 'PrismaMasterService'.
src/auth/auth.service.ts(1103,42): error TS2339: Property 'activityLog' does not exist on type 'PrismaMasterService'.
src/auth/auth.service.ts(1114,42): error TS2339: Property 'user' does not exist on type 'PrismaMasterService'.
src/auth/auth.service.ts(1139,42): error TS2339: Property 'user' does not exist on type 'PrismaMasterService'.
src/auth/auth.service.ts(1182,42): error TS2339: Property 'user' does not exist on type 'PrismaMasterService'.
src/auth/auth.service.ts(1213,56): error TS2339: Property 'userSession' does not exist on type 'PrismaMasterService'.
src/auth/auth.service.ts(1221,33): error TS2339: Property 'userSession' does not exist on type 'PrismaMasterService'.
src/auth/auth.service.ts(1228,31): error TS2339: Property 'userSession' does not exist on type 'PrismaMasterService'.
src/auth/auth.service.ts(1237,48): error TS2339: Property 'userSession' does not exist on type 'PrismaMasterService'.
src/auth/auth.service.ts(1257,46): error TS2339: Property 'userSession' does not exist on type 'PrismaMasterService'.
src/auth/auth.service.ts(1297,42): error TS2339: Property 'user' does not exist on type 'PrismaMasterService'.
src/auth/auth.service.ts(1315,31): error TS2339: Property 'posSession' does not exist on type 'PrismaMasterService'.
src/auth/auth.service.ts(1352,29): error TS2339: Property 'loginHistory' does not exist on type 'PrismaMasterService'.
src/auth/auth.service.ts(1393,44): error TS2339: Property 'user' does not exist on type 'PrismaMasterService'.
src/auth/auth.service.ts(1407,48): error TS2339: Property 'posSession' does not exist on type 'PrismaMasterService'.
src/auth/auth.service.ts(1414,46): error TS2339: Property 'posSession' does not exist on type 'PrismaMasterService'.
src/auth/auth.service.ts(1423,33): error TS2339: Property 'posSession' does not exist on type 'PrismaMasterService'.
src/bonus/bonus.service.ts(25,31): error TS2339: Property 'bonusType' does not exist on type 'PrismaMasterService'.
src/bonus/bonus.service.ts(31,31): error TS2339: Property 'department' does not exist on type 'PrismaMasterService'.
src/bonus/bonus.service.ts(37,31): error TS2339: Property 'subDepartment' does not exist on type 'PrismaMasterService'.
src/bonus/bonus.service.ts(43,31): error TS2339: Property 'user' does not exist on type 'PrismaMasterService'.
src/bonus/bonus.service.ts(54,31): error TS2339: Property 'user' does not exist on type 'PrismaMasterService'.
src/bonus/bonus.service.ts(166,29): error TS2339: Property 'bonusType' does not exist on type 'PrismaMasterService'.
src/bonus/bonus.service.ts(170,29): error TS2339: Property 'department' does not exist on type 'PrismaMasterService'.
src/bonus/bonus.service.ts(174,29): error TS2339: Property 'subDepartment' does not exist on type 'PrismaMasterService'.
src/bonus/bonus.service.ts(178,29): error TS2339: Property 'user' does not exist on type 'PrismaMasterService'.
src/bonus/bonus.service.ts(278,49): error TS2339: Property 'bonusType' does not exist on type 'PrismaMasterService'.
src/bonus/bonus.service.ts(673,27): error TS2339: Property 'bonusType' does not exist on type 'PrismaMasterService'.
src/bonus/bonus.service.ts(677,27): error TS2339: Property 'department' does not exist on type 'PrismaMasterService'.
src/bonus/bonus.service.ts(681,27): error TS2339: Property 'subDepartment' does not exist on type 'PrismaMasterService'.
src/common/guards/jwt-auth.guard.ts(49,49): error TS2339: Property 'userSession' does not exist on type 'PrismaMasterService'.
src/common/guards/jwt-auth.guard.ts(80,44): error TS2339: Property 'user' does not exist on type 'PrismaMasterService'.
src/common/guards/permissions.guard.ts(55,42): error TS2339: Property 'role' does not exist on type 'PrismaMasterService'.
src/common/services/master-data.service.ts(47,46): error TS2339: Property 'size' does not exist on type 'PrismaMasterService'.
src/common/services/master-data.service.ts(54,46): error TS2339: Property 'size' does not exist on type 'PrismaMasterService'.
src/common/services/master-data.service.ts(77,46): error TS2339: Property 'color' does not exist on type 'PrismaMasterService'.
src/common/services/master-data.service.ts(83,46): error TS2339: Property 'color' does not exist on type 'PrismaMasterService'.
src/common/services/master-data.service.ts(105,46): error TS2339: Property 'brand' does not exist on type 'PrismaMasterService'.
src/common/services/master-data.service.ts(111,46): error TS2339: Property 'brand' does not exist on type 'PrismaMasterService'.
src/common/services/master-data.service.ts(133,46): error TS2339: Property 'division' does not exist on type 'PrismaMasterService'.
src/common/services/master-data.service.ts(142,46): error TS2339: Property 'division' does not exist on type 'PrismaMasterService'.
src/common/services/master-data.service.ts(172,46): error TS2339: Property 'gender' does not exist on type 'PrismaMasterService'.
src/common/services/master-data.service.ts(178,46): error TS2339: Property 'gender' does not exist on type 'PrismaMasterService'.
src/common/services/master-data.service.ts(200,46): error TS2339: Property 'department' does not exist on type 'PrismaMasterService'.
src/common/services/master-data.service.ts(206,46): error TS2339: Property 'department' does not exist on type 'PrismaMasterService'.
src/common/services/master-data.service.ts(228,46): error TS2339: Property 'category' does not exist on type 'PrismaMasterService'.
src/common/services/master-data.service.ts(237,46): error TS2339: Property 'category' does not exist on type 'PrismaMasterService'.
src/common/services/master-data.service.ts(270,46): error TS2339: Property 'itemClass' does not exist on type 'PrismaMasterService'.
src/common/services/master-data.service.ts(276,46): error TS2339: Property 'itemClass' does not exist on type 'PrismaMasterService'.
src/common/services/master-data.service.ts(298,46): error TS2339: Property 'itemSubclass' does not exist on type 'PrismaMasterService'.
src/common/services/master-data.service.ts(307,46): error TS2339: Property 'itemSubclass' does not exist on type 'PrismaMasterService'.
src/common/services/master-data.service.ts(333,46): error TS2339: Property 'silhouette' does not exist on type 'PrismaMasterService'.
src/common/services/master-data.service.ts(339,46): error TS2339: Property 'silhouette' does not exist on type 'PrismaMasterService'.
src/common/services/master-data.service.ts(361,46): error TS2339: Property 'channelClass' does not exist on type 'PrismaMasterService'.
src/common/services/master-data.service.ts(367,46): error TS2339: Property 'channelClass' does not exist on type 'PrismaMasterService'.
src/common/services/master-data.service.ts(389,46): error TS2339: Property 'season' does not exist on type 'PrismaMasterService'.
src/common/services/master-data.service.ts(395,46): error TS2339: Property 'season' does not exist on type 'PrismaMasterService'.
src/common/services/master-data.service.ts(417,46): error TS2339: Property 'uom' does not exist on type 'PrismaMasterService'.
src/common/services/master-data.service.ts(423,46): error TS2339: Property 'uom' does not exist on type 'PrismaMasterService'.
src/common/services/master-data.service.ts(445,46): error TS2339: Property 'segment' does not exist on type 'PrismaMasterService'.
src/common/services/master-data.service.ts(451,46): error TS2339: Property 'segment' does not exist on type 'PrismaMasterService'.
src/dashboard/dashboard.service.ts(103,49): error TS2339: Property 'department' does not exist on type 'PrismaMasterService'.
src/dashboard/dashboard.service.ts(322,46): error TS2339: Property 'user' does not exist on type 'PrismaMasterService'.
src/dashboard/dashboard.service.ts(492,53): error TS2339: Property 'holiday' does not exist on type 'PrismaMasterService'.
src/database/prisma-master.service.ts(7,30): error TS2307: Cannot find module '@prisma/management-client' or its corresponding type declarations.
src/database/prisma-master.service.ts(36,16): error TS2339: Property '$connect' does not exist on type 'PrismaMasterService'.
src/database/prisma-master.service.ts(42,16): error TS2339: Property '$disconnect' does not exist on type 'PrismaMasterService'.
src/database/tenant.middleware.ts(5,38): error TS2307: Cannot find module '@prisma/management-client' or its corresponding type declarations.
src/database/tenant.middleware.ts(130,47): error TS2339: Property 'company' does not exist on type 'PrismaMasterService'.
src/database/tenant.middleware.ts(147,46): error TS2339: Property 'tenant' does not exist on type 'PrismaMasterService'.
src/deduction/deduction.service.ts(91,27): error TS2339: Property 'department' does not exist on type 'PrismaMasterService'.
src/deduction/deduction.service.ts(95,27): error TS2339: Property 'subDepartment' does not exist on type 'PrismaMasterService'.
src/deduction/deduction.service.ts(99,27): error TS2339: Property 'deductionHead' does not exist on type 'PrismaMasterService'.
src/deduction/deduction.service.ts(126,47): error TS2339: Property 'id' does not exist on type '{}'.
src/deduction/deduction.service.ts(126,62): error TS2339: Property 'name' does not exist on type '{}'.
src/deduction/deduction.service.ts(128,35): error TS2339: Property 'id' does not exist on type '{}'.
src/deduction/deduction.service.ts(128,53): error TS2339: Property 'name' does not exist on type '{}'.
src/deduction/deduction.service.ts(132,44): error TS2339: Property 'id' does not exist on type '{}'.
src/deduction/deduction.service.ts(132,59): error TS2339: Property 'name' does not exist on type '{}'.
src/deduction/deduction.service.ts(185,33): error TS2339: Property 'department' does not exist on type 'PrismaMasterService'.
src/deduction/deduction.service.ts(191,33): error TS2339: Property 'subDepartment' does not exist on type 'PrismaMasterService'.
src/deduction/deduction.service.ts(197,33): error TS2339: Property 'deductionHead' does not exist on type 'PrismaMasterService'.
src/deduction/deduction.service.ts(203,33): error TS2339: Property 'user' does not exist on type 'PrismaMasterService'.
src/deduction/deduction.service.ts(214,33): error TS2339: Property 'user' does not exist on type 'PrismaMasterService'.
src/deduction/deduction.service.ts(284,54): error TS2339: Property 'deductionHead' does not exist on type 'PrismaMasterService'.
src/deduction/deduction.service.ts(410,46): error TS2339: Property 'deductionHead' does not exist on type 'PrismaMasterService'.
src/deduction/deduction.service.ts(454,49): error TS2339: Property 'deductionHead' does not exist on type 'PrismaMasterService'.
src/deduction/deduction.service.ts(593,54): error TS2339: Property 'deductionHead' does not exist on type 'PrismaMasterService'.
src/deduction/deduction.service.ts(613,53): error TS2339: Property 'deductionHead' does not exist on type 'PrismaMasterService'.
src/employee/employee.service.ts(9,43): error TS2307: Cannot find module '@prisma/management-client' or its corresponding type declarations.
src/employee/employee.service.ts(77,25): error TS2339: Property 'department' does not exist on type 'PrismaMasterService'.
src/employee/employee.service.ts(80,25): error TS2339: Property 'subDepartment' does not exist on type 'PrismaMasterService'.
src/employee/employee.service.ts(83,25): error TS2339: Property 'designation' does not exist on type 'PrismaMasterService'.
src/employee/employee.service.ts(86,25): error TS2339: Property 'city' does not exist on type 'PrismaMasterService'.
src/employee/employee.service.ts(89,25): error TS2339: Property 'state' does not exist on type 'PrismaMasterService'.
src/employee/employee.service.ts(92,25): error TS2339: Property 'country' does not exist on type 'PrismaMasterService'.
src/employee/employee.service.ts(95,25): error TS2339: Property 'user' does not exist on type 'PrismaMasterService'.
src/employee/employee.service.ts(102,25): error TS2339: Property 'socialSecurityInstitution' does not exist on type 'PrismaMasterService'.
src/employee/employee.service.ts(133,26): error TS2339: Property 'avatar' does not exist on type '{}'.
src/employee/employee.service.ts(193,27): error TS2339: Property 'department' does not exist on type 'PrismaMasterService'.
src/employee/employee.service.ts(196,27): error TS2339: Property 'subDepartment' does not exist on type 'PrismaMasterService'.
src/employee/employee.service.ts(199,27): error TS2339: Property 'workingHoursPolicy' does not exist on type 'PrismaMasterService'.
src/employee/employee.service.ts(255,25): error TS2339: Property 'department' does not exist on type 'PrismaMasterService'.
src/employee/employee.service.ts(258,25): error TS2339: Property 'subDepartment' does not exist on type 'PrismaMasterService'.
src/employee/employee.service.ts(261,25): error TS2339: Property 'designation' does not exist on type 'PrismaMasterService'.
src/employee/employee.service.ts(283,31): error TS2339: Property 'name' does not exist on type '{}'.
src/employee/employee.service.ts(284,37): error TS2339: Property 'name' does not exist on type '{}'.
src/employee/employee.service.ts(285,31): error TS2339: Property 'name' does not exist on type '{}'.
src/employee/employee.service.ts(348,29): error TS2339: Property 'user' does not exist on type 'PrismaMasterService'.
src/employee/employee.service.ts(353,25): error TS2339: Property 'department' does not exist on type 'PrismaMasterService'.
src/employee/employee.service.ts(357,29): error TS2339: Property 'subDepartment' does not exist on type 'PrismaMasterService'.
src/employee/employee.service.ts(361,25): error TS2339: Property 'employeeGrade' does not exist on type 'PrismaMasterService'.
src/employee/employee.service.ts(364,25): error TS2339: Property 'designation' does not exist on type 'PrismaMasterService'.
src/employee/employee.service.ts(368,29): error TS2339: Property 'maritalStatus' does not exist on type 'PrismaMasterService'.
src/employee/employee.service.ts(373,29): error TS2339: Property 'employeeStatus' does not exist on type 'PrismaMasterService'.
src/employee/employee.service.ts(377,25): error TS2339: Property 'country' does not exist on type 'PrismaMasterService'.
src/employee/employee.service.ts(380,25): error TS2339: Property 'state' does not exist on type 'PrismaMasterService'.
src/employee/employee.service.ts(381,25): error TS2339: Property 'city' does not exist on type 'PrismaMasterService'.
src/employee/employee.service.ts(383,29): error TS2339: Property 'location' does not exist on type 'PrismaMasterService'.
src/employee/employee.service.ts(388,29): error TS2339: Property 'allocation' does not exist on type 'PrismaMasterService'.
src/employee/employee.service.ts(393,29): error TS2339: Property 'workingHoursPolicy' does not exist on type 'PrismaMasterService'.
src/employee/employee.service.ts(398,29): error TS2339: Property 'leavesPolicy' does not exist on type 'PrismaMasterService'.
src/employee/employee.service.ts(403,29): error TS2339: Property 'socialSecurityInstitution' does not exist on type 'PrismaMasterService'.
src/employee/employee.service.ts(417,27): error TS2339: Property 'qualification' does not exist on type 'PrismaMasterService'.
src/employee/employee.service.ts(420,27): error TS2339: Property 'institute' does not exist on type 'PrismaMasterService'.
src/employee/employee.service.ts(437,46): error TS2339: Property 'equipment' does not exist on type 'PrismaMasterService'.
src/employee/employee.service.ts(849,55): error TS2339: Property 'country' does not exist on type 'PrismaMasterService'.
src/employee/employee.service.ts(867,53): error TS2339: Property 'state' does not exist on type 'PrismaMasterService'.
src/employee/employee.service.ts(885,52): error TS2339: Property 'city' does not exist on type 'PrismaMasterService'.
src/employee/employee.service.ts(904,44): error TS2339: Property 'user' does not exist on type 'PrismaMasterService'.
src/employee/employee.service.ts(914,37): error TS2339: Property 'user' does not exist on type 'PrismaMasterService'.
src/employee/employee.service.ts(936,42): error TS2339: Property 'user' does not exist on type 'PrismaMasterService'.
src/employee/employee.service.ts(1849,37): error TS2339: Property 'user' does not exist on type 'PrismaMasterService'.
src/employee/employee.service.ts(1856,46): error TS2339: Property 'user' does not exist on type 'PrismaMasterService'.
src/employee/employee.service.ts(1868,39): error TS2339: Property 'user' does not exist on type 'PrismaMasterService'.
src/employee/employee.service.ts(1889,44): error TS2339: Property 'user' does not exist on type 'PrismaMasterService'.
src/employee/employee.service.ts(2053,35): error TS2339: Property 'socialSecurityInstitution' does not exist on type 'PrismaMasterService'.
src/employee/employee.service.ts(2475,33): error TS2339: Property 'socialSecurityEmployeeRegistration' does not exist on type 'PrismaMasterService'.
src/employee/employee.service.ts(2483,41): error TS2339: Property 'socialSecurityInstitution' does not exist on type 'PrismaMasterService'.
src/employee/employee.service.ts(2487,41): error TS2339: Property 'socialSecurityEmployerRegistration' does not exist on type 'PrismaMasterService'.
src/employee/employee.service.ts(2496,41): error TS2339: Property 'socialSecurityEmployeeRegistration' does not exist on type 'PrismaMasterService'.
src/employee/employee.service.ts(2657,33): error TS2339: Property 'user' does not exist on type 'PrismaMasterService'.
src/employee/employee.service.ts(2772,46): error TS2339: Property 'department' does not exist on type 'PrismaMasterService'.
src/employee/employee.service.ts(2778,44): error TS2339: Property 'department' does not exist on type 'PrismaMasterService'.
src/employee/employee.service.ts(2803,49): error TS2339: Property 'subDepartment' does not exist on type 'PrismaMasterService'.
src/employee/employee.service.ts(2812,47): error TS2339: Property 'subDepartment' does not exist on type 'PrismaMasterService'.
src/employee/employee.service.ts(2836,47): error TS2339: Property 'designation' does not exist on type 'PrismaMasterService'.
src/employee/employee.service.ts(2841,45): error TS2339: Property 'designation' does not exist on type 'PrismaMasterService'.
src/employee/employee.service.ts(2864,49): error TS2339: Property 'employeeGrade' does not exist on type 'PrismaMasterService'.
src/employee/employee.service.ts(2869,47): error TS2339: Property 'employeeGrade' does not exist on type 'PrismaMasterService'.
src/employee/employee.service.ts(2892,49): error TS2339: Property 'maritalStatus' does not exist on type 'PrismaMasterService'.
src/employee/employee.service.ts(2897,47): error TS2339: Property 'maritalStatus' does not exist on type 'PrismaMasterService'.
src/employee/employee.service.ts(2920,52): error TS2339: Property 'employeeStatus' does not exist on type 'PrismaMasterService'.
src/employee/employee.service.ts(2925,50): error TS2339: Property 'employeeStatus' does not exist on type 'PrismaMasterService'.
src/employee/employee.service.ts(2964,43): error TS2339: Property 'country' does not exist on type 'PrismaMasterService'.
src/employee/employee.service.ts(2977,41): error TS2339: Property 'country' does not exist on type 'PrismaMasterService'.
src/employee/employee.service.ts(3019,41): error TS2339: Property 'state' does not exist on type 'PrismaMasterService'.
src/employee/employee.service.ts(3028,39): error TS2339: Property 'state' does not exist on type 'PrismaMasterService'.
src/employee/employee.service.ts(3038,39): error TS2339: Property 'state' does not exist on type 'PrismaMasterService'.
src/employee/employee.service.ts(3087,40): error TS2339: Property 'city' does not exist on type 'PrismaMasterService'.
src/employee/employee.service.ts(3096,38): error TS2339: Property 'city' does not exist on type 'PrismaMasterService'.
src/employee/employee.service.ts(3106,38): error TS2339: Property 'city' does not exist on type 'PrismaMasterService'.
src/employee/employee.service.ts(3136,44): error TS2339: Property 'location' does not exist on type 'PrismaMasterService'.
src/employee/employee.service.ts(3141,42): error TS2339: Property 'location' does not exist on type 'PrismaMasterService'.
src/employee/employee.service.ts(3164,42): error TS2339: Property 'workingHoursPolicy' does not exist on type 'PrismaMasterService'.
src/employee/employee.service.ts(3170,40): error TS2339: Property 'workingHoursPolicy' does not exist on type 'PrismaMasterService'.
src/employee/employee.service.ts(3195,42): error TS2339: Property 'leavesPolicy' does not exist on type 'PrismaMasterService'.
src/employee/employee.service.ts(3200,40): error TS2339: Property 'leavesPolicy' does not exist on type 'PrismaMasterService'.
src/employee/employee.service.ts(3222,46): error TS2339: Property 'allocation' does not exist on type 'PrismaMasterService'.
src/employee/employee.service.ts(3227,44): error TS2339: Property 'allocation' does not exist on type 'PrismaMasterService'.
src/employee/employee.service.ts(3802,53): error TS2339: Property 'state' does not exist on type 'PrismaMasterService'.
src/employee/employee.service.ts(3837,60): error TS2339: Property 'state' does not exist on type 'PrismaMasterService'.
src/employee/employee.service.ts(3858,60): error TS2339: Property 'city' does not exist on type 'PrismaMasterService'.
src/employee/transfer/transfer.service.ts(121,25): error TS2339: Property 'location' does not exist on type 'PrismaMasterService'.
src/employee/transfer/transfer.service.ts(124,25): error TS2339: Property 'city' does not exist on type 'PrismaMasterService'.
src/employee/transfer/transfer.service.ts(125,25): error TS2339: Property 'state' does not exist on type 'PrismaMasterService'.
src/employee/transfer/transfer.service.ts(126,25): error TS2339: Property 'user' does not exist on type 'PrismaMasterService'.
src/exit-clearance/exit-clearance.service.ts(20,49): error TS2339: Property 'department' does not exist on type 'PrismaMasterService'.
src/exit-clearance/exit-clearance.service.ts(23,50): error TS2339: Property 'designation' does not exist on type 'PrismaMasterService'.
src/exit-clearance/exit-clearance.service.ts(55,33): error TS2339: Property 'department' does not exist on type 'PrismaMasterService'.
src/exit-clearance/exit-clearance.service.ts(69,33): error TS2339: Property 'designation' does not exist on type 'PrismaMasterService'.
src/finance/item/item.service.ts(102,29): error TS2339: Property 'brand' does not exist on type 'PrismaMasterService'.
src/finance/item/item.service.ts(106,29): error TS2339: Property 'category' does not exist on type 'PrismaMasterService'.
src/finance/item/item.service.ts(110,29): error TS2339: Property 'division' does not exist on type 'PrismaMasterService'.
src/finance/item/item.service.ts(283,31): error TS2339: Property 'brand' does not exist on type 'PrismaMasterService'.
src/finance/item/item.service.ts(288,31): error TS2339: Property 'division' does not exist on type 'PrismaMasterService'.
src/finance/item/item.service.ts(293,31): error TS2339: Property 'category' does not exist on type 'PrismaMasterService'.
src/finance/item/item.service.ts(298,31): error TS2339: Property 'category' does not exist on type 'PrismaMasterService'.
src/finance/item/item.service.ts(303,31): error TS2339: Property 'season' does not exist on type 'PrismaMasterService'.
src/finance/item/item.service.ts(308,31): error TS2339: Property 'gender' does not exist on type 'PrismaMasterService'.
src/finance/item/item.service.ts(313,31): error TS2339: Property 'size' does not exist on type 'PrismaMasterService'.
src/finance/item/item.service.ts(318,31): error TS2339: Property 'silhouette' does not exist on type 'PrismaMasterService'.
src/finance/item/item.service.ts(323,31): error TS2339: Property 'channelClass' does not exist on type 'PrismaMasterService'.
src/finance/item/item.service.ts(328,31): error TS2339: Property 'color' does not exist on type 'PrismaMasterService'.
src/finance/item/item.service.ts(333,31): error TS2339: Property 'itemClass' does not exist on type 'PrismaMasterService'.
src/finance/item/item.service.ts(338,31): error TS2339: Property 'itemSubclass' does not exist on type 'PrismaMasterService'.
src/finance/item/item.service.ts(343,31): error TS2339: Property 'uom' does not exist on type 'PrismaMasterService'.
src/increment/increment.service.ts(30,29): error TS2339: Property 'employeeGrade' does not exist on type 'PrismaMasterService'.
src/increment/increment.service.ts(36,29): error TS2339: Property 'designation' does not exist on type 'PrismaMasterService'.
src/increment/increment.service.ts(42,29): error TS2339: Property 'department' does not exist on type 'PrismaMasterService'.
src/increment/increment.service.ts(48,29): error TS2339: Property 'subDepartment' does not exist on type 'PrismaMasterService'.
src/increment/increment.service.ts(54,29): error TS2339: Property 'user' does not exist on type 'PrismaMasterService'.
src/increment/increment.service.ts(60,29): error TS2339: Property 'user' does not exist on type 'PrismaMasterService'.
src/increment/increment.service.ts(156,33): error TS2339: Property 'employeeGrade' does not exist on type 'PrismaMasterService'.
src/increment/increment.service.ts(162,33): error TS2339: Property 'designation' does not exist on type 'PrismaMasterService'.
src/increment/increment.service.ts(168,33): error TS2339: Property 'department' does not exist on type 'PrismaMasterService'.
src/increment/increment.service.ts(174,33): error TS2339: Property 'subDepartment' does not exist on type 'PrismaMasterService'.
src/increment/increment.service.ts(315,56): error TS2339: Property 'employeeGrade' does not exist on type 'PrismaMasterService'.
src/increment/increment.service.ts(334,54): error TS2339: Property 'designation' does not exist on type 'PrismaMasterService'.
src/increment/increment.service.ts(450,55): error TS2339: Property 'employeeGrade' does not exist on type 'PrismaMasterService'.
src/increment/increment.service.ts(465,53): error TS2339: Property 'designation' does not exist on type 'PrismaMasterService'.
src/integration/integration.service.ts(27,42): error TS2339: Property 'tenant' does not exist on type 'PrismaMasterService'.
src/integration/integration.service.ts(34,40): error TS2339: Property 'tenant' does not exist on type 'PrismaMasterService'.
src/integration/integration.service.ts(60,40): error TS2339: Property 'tenant' does not exist on type 'PrismaMasterService'.
src/integration/integration.service.ts(94,44): error TS2339: Property 'tenant' does not exist on type 'PrismaMasterService'.
src/integration/integration.service.ts(109,44): error TS2339: Property 'role' does not exist on type 'PrismaMasterService'.
src/integration/integration.service.ts(115,40): error TS2339: Property 'user' does not exist on type 'PrismaMasterService'.
src/integration/integration.service.ts(122,38): error TS2339: Property 'user' does not exist on type 'PrismaMasterService'.
src/integration/integration.service.ts(136,38): error TS2339: Property 'user' does not exist on type 'PrismaMasterService'.
src/integration/integration.service.ts(171,44): error TS2339: Property 'tenant' does not exist on type 'PrismaMasterService'.
src/integration/integration.service.ts(180,29): error TS2339: Property 'tenant' does not exist on type 'PrismaMasterService'.
src/integration/integration.service.ts(186,29): error TS2339: Property 'user' does not exist on type 'PrismaMasterService'.
src/leave-application/leave-application.service.ts(56,50): error TS2339: Property 'department' does not exist on type 'PrismaMasterService'.
src/leave-application/leave-application.service.ts(74,53): error TS2339: Property 'subDepartment' does not exist on type 'PrismaMasterService'.
src/leave-application/leave-application.service.ts(110,52): error TS2339: Property 'leavesPolicy' does not exist on type 'PrismaMasterService'.
src/leave-application/leave-application.service.ts(138,56): error TS2339: Property 'leaveType' does not exist on type 'PrismaMasterService'.
src/leave-application/leave-application.service.ts(179,37): error TS2339: Property 'name' does not exist on type '{}'.
src/leave-application/leave-application.service.ts(238,52): error TS2339: Property 'leavesPolicy' does not exist on type 'PrismaMasterService'.
src/leave-application/leave-application.service.ts(418,55): error TS2339: Property 'leaveType' does not exist on type 'PrismaMasterService'.
src/leave-application/leave-application.service.ts(563,27): error TS2339: Property 'leaveType' does not exist on type 'PrismaMasterService'.
src/leave-application/leave-application.service.ts(577,27): error TS2339: Property 'department' does not exist on type 'PrismaMasterService'.
src/leave-application/leave-application.service.ts(581,27): error TS2339: Property 'subDepartment' does not exist on type 'PrismaMasterService'.
src/leave-application/leave-application.service.ts(612,34): error TS2339: Property 'departmentId' does not exist on type '{}'.
src/leave-application/leave-application.service.ts(618,34): error TS2339: Property 'subDepartmentId' does not exist on type '{}'.
src/leave-application/leave-application.service.ts(626,37): error TS2339: Property 'employeeName' does not exist on type '{}'.
src/leave-application/leave-application.service.ts(627,37): error TS2339: Property 'employeeId' does not exist on type '{}'.
src/leave-application/leave-application.service.ts(628,35): error TS2339: Property 'department' does not exist on type '{}'.
src/leave-application/leave-application.service.ts(629,38): error TS2339: Property 'subDepartment' does not exist on type '{}'.
src/leave-application/leave-application.service.ts(631,39): error TS2339: Property 'name' does not exist on type '{}'.
src/leave-application/leave-application.service.ts(710,44): error TS2339: Property 'user' does not exist on type 'PrismaMasterService'.
src/leave-application/leave-application.service.ts(754,57): error TS2339: Property 'leaveType' does not exist on type 'PrismaMasterService'.
src/leave-application/leave-application.service.ts(867,57): error TS2339: Property 'leaveType' does not exist on type 'PrismaMasterService'.
src/leave-application/leave-application.service.ts(1000,44): error TS2339: Property 'user' does not exist on type 'PrismaMasterService'.
src/leave-application/leave-application.service.ts(1038,57): error TS2339: Property 'leaveType' does not exist on type 'PrismaMasterService'.
src/leave-application/leave-application.service.ts(1130,57): error TS2339: Property 'leaveType' does not exist on type 'PrismaMasterService'.
src/leave-encashment/leave-encashment.service.ts(59,50): error TS2339: Property 'department' does not exist on type 'PrismaMasterService'.
src/leave-encashment/leave-encashment.service.ts(77,53): error TS2339: Property 'subDepartment' does not exist on type 'PrismaMasterService'.
src/leave-encashment/leave-encashment.service.ts(98,31): error TS2339: Property 'department' does not exist on type 'PrismaMasterService'.
src/leave-encashment/leave-encashment.service.ts(104,31): error TS2339: Property 'subDepartment' does not exist on type 'PrismaMasterService'.
src/leave-encashment/leave-encashment.service.ts(110,31): error TS2339: Property 'user' does not exist on type 'PrismaMasterService'.
src/leave-encashment/leave-encashment.service.ts(121,31): error TS2339: Property 'user' does not exist on type 'PrismaMasterService'.
src/leave-encashment/leave-encashment.service.ts(132,31): error TS2339: Property 'user' does not exist on type 'PrismaMasterService'.
src/leave-encashment/leave-encashment.service.ts(264,27): error TS2339: Property 'department' does not exist on type 'PrismaMasterService'.
src/leave-encashment/leave-encashment.service.ts(268,27): error TS2339: Property 'subDepartment' does not exist on type 'PrismaMasterService'.
src/leave-encashment/leave-encashment.service.ts(272,27): error TS2339: Property 'user' does not exist on type 'PrismaMasterService'.
src/loan-request/loan-request.service.ts(59,50): error TS2339: Property 'department' does not exist on type 'PrismaMasterService'.
src/loan-request/loan-request.service.ts(77,53): error TS2339: Property 'subDepartment' does not exist on type 'PrismaMasterService'.
src/loan-request/loan-request.service.ts(126,29): error TS2339: Property 'loanType' does not exist on type 'PrismaMasterService'.
src/loan-request/loan-request.service.ts(132,29): error TS2339: Property 'department' does not exist on type 'PrismaMasterService'.
src/loan-request/loan-request.service.ts(138,29): error TS2339: Property 'subDepartment' does not exist on type 'PrismaMasterService'.
src/loan-request/loan-request.service.ts(144,29): error TS2339: Property 'user' does not exist on type 'PrismaMasterService'.
src/loan-request/loan-request.service.ts(150,29): error TS2339: Property 'user' does not exist on type 'PrismaMasterService'.
src/loan-request/loan-request.service.ts(156,29): error TS2339: Property 'user' does not exist on type 'PrismaMasterService'.
src/loan-request/loan-request.service.ts(279,29): error TS2339: Property 'loanType' does not exist on type 'PrismaMasterService'.
src/loan-request/loan-request.service.ts(283,29): error TS2339: Property 'department' does not exist on type 'PrismaMasterService'.
src/loan-request/loan-request.service.ts(287,29): error TS2339: Property 'subDepartment' does not exist on type 'PrismaMasterService'.
src/loan-request/loan-request.service.ts(291,29): error TS2339: Property 'user' does not exist on type 'PrismaMasterService'.
src/loan-request/loan-request.service.ts(383,31): error TS2339: Property 'loanType' does not exist on type 'PrismaMasterService'.
src/loan-request/loan-request.service.ts(389,31): error TS2339: Property 'department' does not exist on type 'PrismaMasterService'.
src/loan-request/loan-request.service.ts(395,31): error TS2339: Property 'subDepartment' does not exist on type 'PrismaMasterService'.
src/loan-request/loan-request.service.ts(401,31): error TS2339: Property 'user' does not exist on type 'PrismaMasterService'.
src/loan-request/loan-request.service.ts(412,31): error TS2339: Property 'user' does not exist on type 'PrismaMasterService'.
src/loan-request/loan-request.service.ts(423,31): error TS2339: Property 'user' does not exist on type 'PrismaMasterService'.
src/loan-request/loan-request.service.ts(500,49): error TS2339: Property 'loanType' does not exist on type 'PrismaMasterService'.
src/loan-request/loan-request.service.ts(640,35): error TS2339: Property 'department' does not exist on type 'PrismaMasterService'.
src/loan-request/loan-request.service.ts(646,35): error TS2339: Property 'subDepartment' does not exist on type 'PrismaMasterService'.
src/loan-request/loan-request.service.ts(652,35): error TS2339: Property 'user' does not exist on type 'PrismaMasterService'.
src/loan-request/loan-request.service.ts(731,50): error TS2339: Property 'loanType' does not exist on type 'PrismaMasterService'.
src/loan-request/loan-request.service.ts(803,31): error TS2339: Property 'loanType' does not exist on type 'PrismaMasterService'.
src/loan-request/loan-request.service.ts(809,31): error TS2339: Property 'department' does not exist on type 'PrismaMasterService'.
src/loan-request/loan-request.service.ts(815,31): error TS2339: Property 'subDepartment' does not exist on type 'PrismaMasterService'.
src/loan-request/loan-request.service.ts(821,31): error TS2339: Property 'user' does not exist on type 'PrismaMasterService'.
src/loan-request/loan-request.service.ts(832,31): error TS2339: Property 'user' does not exist on type 'PrismaMasterService'.
src/loan-request/loan-request.service.ts(843,31): error TS2339: Property 'user' does not exist on type 'PrismaMasterService'.
src/master/advance-salary/advance-salary.service.ts(61,50): error TS2339: Property 'department' does not exist on type 'PrismaMasterService'.
src/master/advance-salary/advance-salary.service.ts(79,53): error TS2339: Property 'subDepartment' does not exist on type 'PrismaMasterService'.
src/master/advance-salary/advance-salary.service.ts(182,27): error TS2339: Property 'user' does not exist on type 'PrismaMasterService'.
src/master/advance-salary/advance-salary.service.ts(186,27): error TS2339: Property 'department' does not exist on type 'PrismaMasterService'.
src/master/advance-salary/advance-salary.service.ts(190,27): error TS2339: Property 'subDepartment' does not exist on type 'PrismaMasterService'.
src/master/advance-salary/advance-salary.service.ts(260,27): error TS2339: Property 'user' does not exist on type 'PrismaMasterService'.
src/master/advance-salary/advance-salary.service.ts(265,31): error TS2339: Property 'department' does not exist on type 'PrismaMasterService'.
src/master/advance-salary/advance-salary.service.ts(271,31): error TS2339: Property 'subDepartment' does not exist on type 'PrismaMasterService'.
src/master/allocation/allocation.service.ts(19,47): error TS2339: Property 'allocation' does not exist on type 'PrismaMasterService'.
src/master/allocation/allocation.service.ts(69,46): error TS2339: Property 'allocation' does not exist on type 'PrismaMasterService'.
src/master/allocation/allocation.service.ts(115,45): error TS2339: Property 'allocation' does not exist on type 'PrismaMasterService'.
src/master/allocation/allocation.service.ts(127,45): error TS2339: Property 'user' does not exist on type 'PrismaMasterService'.
src/master/allocation/allocation.service.ts(147,50): error TS2339: Property 'allocation' does not exist on type 'PrismaMasterService'.
src/master/allocation/allocation.service.ts(157,45): error TS2339: Property 'user' does not exist on type 'PrismaMasterService'.
src/master/allocation/allocation.service.ts(184,48): error TS2339: Property 'allocation' does not exist on type 'PrismaMasterService'.
src/master/allocation/allocation.service.ts(189,47): error TS2339: Property 'allocation' does not exist on type 'PrismaMasterService'.
src/master/allocation/allocation.service.ts(238,48): error TS2339: Property 'allocation' does not exist on type 'PrismaMasterService'.
src/master/allocation/allocation.service.ts(243,47): error TS2339: Property 'allocation' does not exist on type 'PrismaMasterService'.
src/master/allocation/allocation.service.ts(290,46): error TS2339: Property 'allocation' does not exist on type 'PrismaMasterService'.
src/master/allocation/allocation.service.ts(339,33): error TS2339: Property 'allocation' does not exist on type 'PrismaMasterService'.
src/master/allowance-head/allowance-head.service.ts(13,43): error TS2339: Property 'allowanceHead' does not exist on type 'PrismaMasterService'.
src/master/allowance-head/allowance-head.service.ts(20,42): error TS2339: Property 'allowanceHead' does not exist on type 'PrismaMasterService'.
src/master/allowance-head/allowance-head.service.ts(38,47): error TS2339: Property 'allowanceHead' does not exist on type 'PrismaMasterService'.
src/master/allowance-head/allowance-head.service.ts(90,46): error TS2339: Property 'allowanceHead' does not exist on type 'PrismaMasterService'.
src/master/allowance-head/allowance-head.service.ts(142,48): error TS2339: Property 'allowanceHead' does not exist on type 'PrismaMasterService'.
src/master/allowance-head/allowance-head.service.ts(161,47): error TS2339: Property 'allowanceHead' does not exist on type 'PrismaMasterService'.
src/master/allowance-head/allowance-head.service.ts(227,33): error TS2339: Property 'allowanceHead' does not exist on type 'PrismaMasterService'.
src/master/allowance-head/allowance-head.service.ts(266,48): error TS2339: Property 'allowanceHead' does not exist on type 'PrismaMasterService'.
src/master/allowance-head/allowance-head.service.ts(269,47): error TS2339: Property 'allowanceHead' does not exist on type 'PrismaMasterService'.
src/master/allowance-head/allowance-head.service.ts(308,47): error TS2339: Property 'allowanceHead' does not exist on type 'PrismaMasterService'.
src/master/bank/bank.service.ts(13,43): error TS2339: Property 'bank' does not exist on type 'PrismaMasterService'.
src/master/bank/bank.service.ts(20,42): error TS2339: Property 'bank' does not exist on type 'PrismaMasterService'.
src/master/bank/bank.service.ts(35,47): error TS2339: Property 'bank' does not exist on type 'PrismaMasterService'.
src/master/bank/bank.service.ts(85,43): error TS2339: Property 'bank' does not exist on type 'PrismaMasterService'.
src/master/bank/bank.service.ts(135,48): error TS2339: Property 'bank' does not exist on type 'PrismaMasterService'.
src/master/bank/bank.service.ts(139,47): error TS2339: Property 'bank' does not exist on type 'PrismaMasterService'.
src/master/bank/bank.service.ts(189,48): error TS2339: Property 'bank' does not exist on type 'PrismaMasterService'.
src/master/bank/bank.service.ts(193,31): error TS2339: Property 'bank' does not exist on type 'PrismaMasterService'.
src/master/bank/bank.service.ts(237,33): error TS2339: Property 'bank' does not exist on type 'PrismaMasterService'.
src/master/bank/bank.service.ts(283,31): error TS2339: Property 'bank' does not exist on type 'PrismaMasterService'.
src/master/bonus-type/bonus-type.service.ts(13,43): error TS2339: Property 'bonusType' does not exist on type 'PrismaMasterService'.
src/master/bonus-type/bonus-type.service.ts(20,42): error TS2339: Property 'bonusType' does not exist on type 'PrismaMasterService'.
src/master/bonus-type/bonus-type.service.ts(38,47): error TS2339: Property 'bonusType' does not exist on type 'PrismaMasterService'.
src/master/bonus-type/bonus-type.service.ts(90,43): error TS2339: Property 'bonusType' does not exist on type 'PrismaMasterService'.
src/master/bonus-type/bonus-type.service.ts(142,48): error TS2339: Property 'bonusType' does not exist on type 'PrismaMasterService'.
src/master/bonus-type/bonus-type.service.ts(146,47): error TS2339: Property 'bonusType' does not exist on type 'PrismaMasterService'.
src/master/bonus-type/bonus-type.service.ts(203,48): error TS2339: Property 'bonusType' does not exist on type 'PrismaMasterService'.
src/master/bonus-type/bonus-type.service.ts(207,31): error TS2339: Property 'bonusType' does not exist on type 'PrismaMasterService'.
src/master/bonus-type/bonus-type.service.ts(252,33): error TS2339: Property 'bonusType' does not exist on type 'PrismaMasterService'.
src/master/bonus-type/bonus-type.service.ts(298,31): error TS2339: Property 'bonusType' does not exist on type 'PrismaMasterService'.
src/master/brand/brand.service.ts(32,44): error TS2339: Property 'brand' does not exist on type 'PrismaMasterService'.
src/master/brand/brand.service.ts(42,43): error TS2339: Property 'user' does not exist on type 'PrismaMasterService'.
src/master/brand/brand.service.ts(53,24): error TS2339: Property 'firstName' does not exist on type '{}'.
src/master/brand/brand.service.ts(53,45): error TS2339: Property 'lastName' does not exist on type '{}'.
src/master/brand/brand.service.ts(64,43): error TS2339: Property 'brand' does not exist on type 'PrismaMasterService'.
src/master/brand/brand.service.ts(72,44): error TS2339: Property 'user' does not exist on type 'PrismaMasterService'.
src/master/brand/brand.service.ts(84,46): error TS2339: Property 'brand' does not exist on type 'PrismaMasterService'.
src/master/brand/brand.service.ts(119,48): error TS2339: Property 'brand' does not exist on type 'PrismaMasterService'.
src/master/brand/brand.service.ts(122,45): error TS2339: Property 'brand' does not exist on type 'PrismaMasterService'.
src/master/brand/brand.service.ts(160,35): error TS2339: Property 'brand' does not exist on type 'PrismaMasterService'.
src/master/brand/brand.service.ts(194,46): error TS2339: Property 'brand' does not exist on type 'PrismaMasterService'.
src/master/brand/brand.service.ts(224,48): error TS2339: Property 'brand' does not exist on type 'PrismaMasterService'.
src/master/brand/brand.service.ts(227,46): error TS2339: Property 'brand' does not exist on type 'PrismaMasterService'.
src/master/brand/brand.service.ts(261,47): error TS2339: Property 'division' does not exist on type 'PrismaMasterService'.
src/master/brand/brand.service.ts(271,43): error TS2339: Property 'user' does not exist on type 'PrismaMasterService'.
src/master/brand/brand.service.ts(283,24): error TS2339: Property 'firstName' does not exist on type '{}'.
src/master/brand/brand.service.ts(283,45): error TS2339: Property 'lastName' does not exist on type '{}'.
src/master/brand/brand.service.ts(293,47): error TS2339: Property 'division' does not exist on type 'PrismaMasterService'.
src/master/brand/brand.service.ts(305,49): error TS2339: Property 'division' does not exist on type 'PrismaMasterService'.
src/master/brand/brand.service.ts(346,35): error TS2339: Property 'division' does not exist on type 'PrismaMasterService'.
src/master/brand/brand.service.ts(382,48): error TS2339: Property 'division' does not exist on type 'PrismaMasterService'.
src/master/brand/brand.service.ts(385,48): error TS2339: Property 'division' does not exist on type 'PrismaMasterService'.
src/master/brand/brand.service.ts(420,46): error TS2339: Property 'division' does not exist on type 'PrismaMasterService'.
src/master/brand/brand.service.ts(451,48): error TS2339: Property 'division' does not exist on type 'PrismaMasterService'.
src/master/brand/brand.service.ts(454,46): error TS2339: Property 'division' does not exist on type 'PrismaMasterService'.
src/master/category/category.service.ts(16,46): error TS2339: Property 'category' does not exist on type 'PrismaMasterService'.
src/master/category/category.service.ts(24,30): error TS2339: Property 'category' does not exist on type 'PrismaMasterService'.
src/master/category/category.service.ts(37,30): error TS2339: Property 'category' does not exist on type 'PrismaMasterService'.
src/master/category/category.service.ts(50,30): error TS2339: Property 'category' does not exist on type 'PrismaMasterService'.
src/master/category/category.service.ts(64,46): error TS2339: Property 'category' does not exist on type 'PrismaMasterService'.
src/master/category/category.service.ts(86,30): error TS2339: Property 'category' does not exist on type 'PrismaMasterService'.
src/master/category/category.service.ts(93,46): error TS2339: Property 'category' does not exist on type 'PrismaMasterService'.
src/master/category/category.service.ts(108,30): error TS2339: Property 'category' does not exist on type 'PrismaMasterService'.
src/master/channel-class/channel-class.service.ts(29,52): error TS2339: Property 'channelClass' does not exist on type 'PrismaMasterService'.
src/master/channel-class/channel-class.service.ts(36,43): error TS2339: Property 'user' does not exist on type 'PrismaMasterService'.
src/master/channel-class/channel-class.service.ts(47,24): error TS2339: Property 'firstName' does not exist on type '{}'.
src/master/channel-class/channel-class.service.ts(47,45): error TS2339: Property 'lastName' does not exist on type '{}'.
src/master/channel-class/channel-class.service.ts(57,42): error TS2339: Property 'channelClass' does not exist on type 'PrismaMasterService'.
src/master/channel-class/channel-class.service.ts(64,44): error TS2339: Property 'user' does not exist on type 'PrismaMasterService'.
src/master/channel-class/channel-class.service.ts(79,46): error TS2339: Property 'channelClass' does not exist on type 'PrismaMasterService'.
src/master/channel-class/channel-class.service.ts(114,48): error TS2339: Property 'channelClass' does not exist on type 'PrismaMasterService'.
src/master/channel-class/channel-class.service.ts(117,46): error TS2339: Property 'channelClass' does not exist on type 'PrismaMasterService'.
src/master/channel-class/channel-class.service.ts(154,35): error TS2339: Property 'channelClass' does not exist on type 'PrismaMasterService'.
src/master/channel-class/channel-class.service.ts(188,46): error TS2339: Property 'channelClass' does not exist on type 'PrismaMasterService'.
src/master/channel-class/channel-class.service.ts(218,48): error TS2339: Property 'channelClass' does not exist on type 'PrismaMasterService'.
src/master/channel-class/channel-class.service.ts(221,46): error TS2339: Property 'channelClass' does not exist on type 'PrismaMasterService'.
src/master/city/city.service.ts(21,47): error TS2339: Property 'country' does not exist on type 'PrismaMasterService'.
src/master/city/city.service.ts(34,44): error TS2339: Property 'state' does not exist on type 'PrismaMasterService'.
src/master/city/city.service.ts(46,44): error TS2339: Property 'state' does not exist on type 'PrismaMasterService'.
src/master/city/city.service.ts(59,44): error TS2339: Property 'city' does not exist on type 'PrismaMasterService'.
src/master/city/city.service.ts(72,44): error TS2339: Property 'city' does not exist on type 'PrismaMasterService'.
src/master/city/city.service.ts(85,47): error TS2339: Property 'city' does not exist on type 'PrismaMasterService'.
src/master/city/city.service.ts(145,48): error TS2339: Property 'city' does not exist on type 'PrismaMasterService'.
src/master/city/city.service.ts(152,47): error TS2339: Property 'city' does not exist on type 'PrismaMasterService'.
src/master/city/city.service.ts(211,48): error TS2339: Property 'city' does not exist on type 'PrismaMasterService'.
src/master/city/city.service.ts(218,47): error TS2339: Property 'city' does not exist on type 'PrismaMasterService'.
src/master/city/city.service.ts(258,48): error TS2339: Property 'city' does not exist on type 'PrismaMasterService'.
src/master/city/city.service.ts(261,46): error TS2339: Property 'city' does not exist on type 'PrismaMasterService'.
src/master/city/city.service.ts(310,46): error TS2339: Property 'city' does not exist on type 'PrismaMasterService'.
src/master/color/color.service.ts(29,44): error TS2339: Property 'color' does not exist on type 'PrismaMasterService'.
src/master/color/color.service.ts(36,43): error TS2339: Property 'user' does not exist on type 'PrismaMasterService'.
src/master/color/color.service.ts(47,24): error TS2339: Property 'firstName' does not exist on type '{}'.
src/master/color/color.service.ts(47,45): error TS2339: Property 'lastName' does not exist on type '{}'.
src/master/color/color.service.ts(57,42): error TS2339: Property 'color' does not exist on type 'PrismaMasterService'.
src/master/color/color.service.ts(64,44): error TS2339: Property 'user' does not exist on type 'PrismaMasterService'.
src/master/color/color.service.ts(76,46): error TS2339: Property 'color' does not exist on type 'PrismaMasterService'.
src/master/color/color.service.ts(111,48): error TS2339: Property 'color' does not exist on type 'PrismaMasterService'.
src/master/color/color.service.ts(114,46): error TS2339: Property 'color' does not exist on type 'PrismaMasterService'.
src/master/color/color.service.ts(151,35): error TS2339: Property 'color' does not exist on type 'PrismaMasterService'.
src/master/color/color.service.ts(185,46): error TS2339: Property 'color' does not exist on type 'PrismaMasterService'.
src/master/color/color.service.ts(215,48): error TS2339: Property 'color' does not exist on type 'PrismaMasterService'.
src/master/color/color.service.ts(218,46): error TS2339: Property 'color' does not exist on type 'PrismaMasterService'.
src/master/company-group/company-group.service.ts(13,38): error TS2339: Property 'companyGroup' does not exist on type 'PrismaMasterService'.
src/master/company-group/company-group.service.ts(27,36): error TS2339: Property 'companyGroup' does not exist on type 'PrismaMasterService'.
src/master/company-group/company-group.service.ts(34,36): error TS2339: Property 'companyGroup' does not exist on type 'PrismaMasterService'.
src/master/company-group/company-group.service.ts(41,38): error TS2339: Property 'companyGroup' does not exist on type 'PrismaMasterService'.
src/master/company-group/company-group.service.ts(53,23): error TS2339: Property 'companyGroup' does not exist on type 'PrismaMasterService'.
src/master/deduction-head/deduction-head.service.ts(14,43): error TS2339: Property 'deductionHead' does not exist on type 'PrismaMasterService'.
src/master/deduction-head/deduction-head.service.ts(21,42): error TS2339: Property 'deductionHead' does not exist on type 'PrismaMasterService'.
src/master/deduction-head/deduction-head.service.ts(34,47): error TS2339: Property 'deductionHead' does not exist on type 'PrismaMasterService'.
src/master/deduction-head/deduction-head.service.ts(73,46): error TS2339: Property 'deductionHead' does not exist on type 'PrismaMasterService'.
src/master/deduction-head/deduction-head.service.ts(117,48): error TS2339: Property 'deductionHead' does not exist on type 'PrismaMasterService'.
src/master/deduction-head/deduction-head.service.ts(122,47): error TS2339: Property 'deductionHead' does not exist on type 'PrismaMasterService'.
src/master/deduction-head/deduction-head.service.ts(169,33): error TS2339: Property 'deductionHead' does not exist on type 'PrismaMasterService'.
src/master/deduction-head/deduction-head.service.ts(208,48): error TS2339: Property 'deductionHead' does not exist on type 'PrismaMasterService'.
src/master/deduction-head/deduction-head.service.ts(211,47): error TS2339: Property 'deductionHead' does not exist on type 'PrismaMasterService'.
src/master/deduction-head/deduction-head.service.ts(250,47): error TS2339: Property 'deductionHead' does not exist on type 'PrismaMasterService'.
src/master/department/department.service.ts(30,49): error TS2339: Property 'department' does not exist on type 'PrismaMasterService'.
src/master/department/department.service.ts(53,25): error TS2339: Property 'user' does not exist on type 'PrismaMasterService'.
src/master/department/department.service.ts(73,24): error TS2339: Property 'firstName' does not exist on type '{}'.
src/master/department/department.service.ts(73,45): error TS2339: Property 'lastName' does not exist on type '{}'.
src/master/department/department.service.ts(75,34): error TS2339: Property 'employeeName' does not exist on type '{}'.
src/master/department/department.service.ts(75,56): error TS2339: Property 'employeeId' does not exist on type '{}'.
src/master/department/department.service.ts(82,27): error TS2339: Property 'employeeName' does not exist on type '{}'.
src/master/department/department.service.ts(82,51): error TS2339: Property 'employeeId' does not exist on type '{}'.
src/master/department/department.service.ts(94,53): error TS2339: Property 'department' does not exist on type 'PrismaMasterService'.
src/master/department/department.service.ts(110,25): error TS2339: Property 'user' does not exist on type 'PrismaMasterService'.
src/master/department/department.service.ts(131,22): error TS2339: Property 'firstName' does not exist on type '{}'.
src/master/department/department.service.ts(131,43): error TS2339: Property 'lastName' does not exist on type '{}'.
src/master/department/department.service.ts(133,32): error TS2339: Property 'employeeName' does not exist on type '{}'.
src/master/department/department.service.ts(133,54): error TS2339: Property 'employeeId' does not exist on type '{}'.
src/master/department/department.service.ts(140,25): error TS2339: Property 'employeeName' does not exist on type '{}'.
src/master/department/department.service.ts(140,49): error TS2339: Property 'employeeId' does not exist on type '{}'.
src/master/department/department.service.ts(157,51): error TS2339: Property 'department' does not exist on type 'PrismaMasterService'.
src/master/department/department.service.ts(207,48): error TS2339: Property 'department' does not exist on type 'PrismaMasterService'.
src/master/department/department.service.ts(210,50): error TS2339: Property 'department' does not exist on type 'PrismaMasterService'.
src/master/department/department.service.ts(277,52): error TS2339: Property 'department' does not exist on type 'PrismaMasterService'.
src/master/department/department.service.ts(330,51): error TS2339: Property 'department' does not exist on type 'PrismaMasterService'.
src/master/department/department.service.ts(376,48): error TS2339: Property 'department' does not exist on type 'PrismaMasterService'.
src/master/department/department.service.ts(379,50): error TS2339: Property 'department' does not exist on type 'PrismaMasterService'.
src/master/department/department.service.ts(432,52): error TS2339: Property 'subDepartment' does not exist on type 'PrismaMasterService'.
src/master/department/department.service.ts(447,25): error TS2339: Property 'user' does not exist on type 'PrismaMasterService'.
src/master/department/department.service.ts(468,24): error TS2339: Property 'firstName' does not exist on type '{}'.
src/master/department/department.service.ts(468,45): error TS2339: Property 'lastName' does not exist on type '{}'.
src/master/department/department.service.ts(470,34): error TS2339: Property 'employeeName' does not exist on type '{}'.
src/master/department/department.service.ts(470,56): error TS2339: Property 'employeeId' does not exist on type '{}'.
src/master/department/department.service.ts(483,52): error TS2339: Property 'subDepartment' does not exist on type 'PrismaMasterService'.
src/master/department/department.service.ts(499,25): error TS2339: Property 'user' does not exist on type 'PrismaMasterService'.
src/master/department/department.service.ts(520,24): error TS2339: Property 'firstName' does not exist on type '{}'.
src/master/department/department.service.ts(520,45): error TS2339: Property 'lastName' does not exist on type '{}'.
src/master/department/department.service.ts(522,34): error TS2339: Property 'employeeName' does not exist on type '{}'.
src/master/department/department.service.ts(522,56): error TS2339: Property 'employeeId' does not exist on type '{}'.
src/master/department/department.service.ts(537,54): error TS2339: Property 'subDepartment' does not exist on type 'PrismaMasterService'.
src/master/department/department.service.ts(607,55): error TS2339: Property 'subDepartment' does not exist on type 'PrismaMasterService'.
src/master/department/department.service.ts(661,48): error TS2339: Property 'subDepartment' does not exist on type 'PrismaMasterService'.
src/master/department/department.service.ts(664,53): error TS2339: Property 'subDepartment' does not exist on type 'PrismaMasterService'.
src/master/department/department.service.ts(718,54): error TS2339: Property 'subDepartment' does not exist on type 'PrismaMasterService'.
src/master/department/department.service.ts(765,48): error TS2339: Property 'subDepartment' does not exist on type 'PrismaMasterService'.
src/master/department/department.service.ts(768,53): error TS2339: Property 'subDepartment' does not exist on type 'PrismaMasterService'.
src/master/designation/designation.service.ts(13,43): error TS2339: Property 'designation' does not exist on type 'PrismaMasterService'.
src/master/designation/designation.service.ts(20,42): error TS2339: Property 'designation' does not exist on type 'PrismaMasterService'.
src/master/designation/designation.service.ts(32,47): error TS2339: Property 'designation' does not exist on type 'PrismaMasterService'.
src/master/designation/designation.service.ts(79,46): error TS2339: Property 'designation' does not exist on type 'PrismaMasterService'.
src/master/designation/designation.service.ts(130,48): error TS2339: Property 'designation' does not exist on type 'PrismaMasterService'.
src/master/designation/designation.service.ts(133,47): error TS2339: Property 'designation' does not exist on type 'PrismaMasterService'.
src/master/designation/designation.service.ts(184,33): error TS2339: Property 'designation' does not exist on type 'PrismaMasterService'.
src/master/designation/designation.service.ts(231,48): error TS2339: Property 'designation' does not exist on type 'PrismaMasterService'.
src/master/designation/designation.service.ts(234,47): error TS2339: Property 'designation' does not exist on type 'PrismaMasterService'.
src/master/designation/designation.service.ts(281,47): error TS2339: Property 'designation' does not exist on type 'PrismaMasterService'.
src/master/employee-grade/employee-grade.service.ts(9,43): error TS2339: Property 'employeeGrade' does not exist on type 'PrismaMasterService'.
src/master/employee-grade/employee-grade.service.ts(16,42): error TS2339: Property 'employeeGrade' does not exist on type 'PrismaMasterService'.
src/master/employee-grade/employee-grade.service.ts(28,44): error TS2339: Property 'employeeGrade' does not exist on type 'PrismaMasterService'.
src/master/employee-grade/employee-grade.service.ts(50,44): error TS2339: Property 'employeeGrade' does not exist on type 'PrismaMasterService'.
src/master/employee-grade/employee-grade.service.ts(70,31): error TS2339: Property 'employeeGrade' does not exist on type 'PrismaMasterService'.
src/master/employee-grade/employee-grade.service.ts(94,31): error TS2339: Property 'employeeGrade' does not exist on type 'PrismaMasterService'.
src/master/employee-status/employee-status.service.ts(9,43): error TS2339: Property 'employeeStatus' does not exist on type 'PrismaMasterService'.
src/master/employee-status/employee-status.service.ts(16,42): error TS2339: Property 'employeeStatus' does not exist on type 'PrismaMasterService'.
src/master/employee-status/employee-status.service.ts(28,44): error TS2339: Property 'employeeStatus' does not exist on type 'PrismaMasterService'.
src/master/employee-status/employee-status.service.ts(50,44): error TS2339: Property 'employeeStatus' does not exist on type 'PrismaMasterService'.
src/master/employee-status/employee-status.service.ts(70,31): error TS2339: Property 'employeeStatus' does not exist on type 'PrismaMasterService'.
src/master/employee-status/employee-status.service.ts(94,31): error TS2339: Property 'employeeStatus' does not exist on type 'PrismaMasterService'.
src/master/eobi/eobi.service.ts(13,43): error TS2339: Property 'eOBI' does not exist on type 'PrismaMasterService'.
src/master/eobi/eobi.service.ts(20,42): error TS2339: Property 'eOBI' does not exist on type 'PrismaMasterService'.
src/master/eobi/eobi.service.ts(39,47): error TS2339: Property 'eOBI' does not exist on type 'PrismaMasterService'.
src/master/eobi/eobi.service.ts(97,43): error TS2339: Property 'eOBI' does not exist on type 'PrismaMasterService'.
src/master/eobi/eobi.service.ts(155,48): error TS2339: Property 'eOBI' does not exist on type 'PrismaMasterService'.
src/master/eobi/eobi.service.ts(159,47): error TS2339: Property 'eOBI' does not exist on type 'PrismaMasterService'.
src/master/eobi/eobi.service.ts(220,48): error TS2339: Property 'eOBI' does not exist on type 'PrismaMasterService'.
src/master/eobi/eobi.service.ts(224,31): error TS2339: Property 'eOBI' does not exist on type 'PrismaMasterService'.
src/master/eobi/eobi.service.ts(261,31): error TS2339: Property 'eOBI' does not exist on type 'PrismaMasterService'.
src/master/eobi/eobi.service.ts(307,33): error TS2339: Property 'eOBI' does not exist on type 'PrismaMasterService'.
src/master/equipment/equipment.service.ts(13,43): error TS2339: Property 'equipment' does not exist on type 'PrismaMasterService'.
src/master/equipment/equipment.service.ts(20,42): error TS2339: Property 'equipment' does not exist on type 'PrismaMasterService'.
src/master/equipment/equipment.service.ts(32,47): error TS2339: Property 'equipment' does not exist on type 'PrismaMasterService'.
src/master/equipment/equipment.service.ts(75,48): error TS2339: Property 'equipment' does not exist on type 'PrismaMasterService'.
src/master/equipment/equipment.service.ts(78,47): error TS2339: Property 'equipment' does not exist on type 'PrismaMasterService'.
src/master/equipment/equipment.service.ts(122,48): error TS2339: Property 'equipment' does not exist on type 'PrismaMasterService'.
src/master/equipment/equipment.service.ts(125,47): error TS2339: Property 'equipment' does not exist on type 'PrismaMasterService'.
src/master/equipment/equipment.service.ts(165,46): error TS2339: Property 'equipment' does not exist on type 'PrismaMasterService'.
src/master/equipment/equipment.service.ts(210,50): error TS2339: Property 'equipment' does not exist on type 'PrismaMasterService'.
src/master/equipment/equipment.service.ts(213,33): error TS2339: Property 'equipment' does not exist on type 'PrismaMasterService'.
src/master/equipment/equipment.service.ts(257,48): error TS2339: Property 'equipment' does not exist on type 'PrismaMasterService'.
src/master/equipment/equipment.service.ts(260,46): error TS2339: Property 'equipment' does not exist on type 'PrismaMasterService'.
src/master/gender/gender.service.ts(29,45): error TS2339: Property 'gender' does not exist on type 'PrismaMasterService'.
src/master/gender/gender.service.ts(36,43): error TS2339: Property 'user' does not exist on type 'PrismaMasterService'.
src/master/gender/gender.service.ts(49,24): error TS2339: Property 'firstName' does not exist on type '{}'.
src/master/gender/gender.service.ts(49,45): error TS2339: Property 'lastName' does not exist on type '{}'.
src/master/gender/gender.service.ts(59,44): error TS2339: Property 'gender' does not exist on type 'PrismaMasterService'.
src/master/gender/gender.service.ts(66,44): error TS2339: Property 'user' does not exist on type 'PrismaMasterService'.
src/master/gender/gender.service.ts(78,47): error TS2339: Property 'gender' does not exist on type 'PrismaMasterService'.
src/master/gender/gender.service.ts(113,48): error TS2339: Property 'gender' does not exist on type 'PrismaMasterService'.
src/master/gender/gender.service.ts(116,46): error TS2339: Property 'gender' does not exist on type 'PrismaMasterService'.
src/master/gender/gender.service.ts(154,35): error TS2339: Property 'gender' does not exist on type 'PrismaMasterService'.
src/master/gender/gender.service.ts(188,46): error TS2339: Property 'gender' does not exist on type 'PrismaMasterService'.
src/master/gender/gender.service.ts(218,48): error TS2339: Property 'gender' does not exist on type 'PrismaMasterService'.
src/master/gender/gender.service.ts(221,46): error TS2339: Property 'gender' does not exist on type 'PrismaMasterService'.
src/master/holiday/holiday.service.ts(3,25): error TS2307: Cannot find module '@prisma/management-client' or its corresponding type declarations.
src/master/holiday/holiday.service.ts(14,43): error TS2339: Property 'holiday' does not exist on type 'PrismaMasterService'.
src/master/holiday/holiday.service.ts(43,42): error TS2339: Property 'holiday' does not exist on type 'PrismaMasterService'.
src/master/holiday/holiday.service.ts(85,47): error TS2339: Property 'holiday' does not exist on type 'PrismaMasterService'.
src/master/holiday/holiday.service.ts(149,48): error TS2339: Property 'holiday' does not exist on type 'PrismaMasterService'.
src/master/holiday/holiday.service.ts(200,47): error TS2339: Property 'holiday' does not exist on type 'PrismaMasterService'.
src/master/holiday/holiday.service.ts(263,48): error TS2339: Property 'holiday' does not exist on type 'PrismaMasterService'.
src/master/holiday/holiday.service.ts(270,47): error TS2339: Property 'holiday' does not exist on type 'PrismaMasterService'.
src/master/holiday/holiday.service.ts(340,49): error TS2339: Property 'holiday' does not exist on type 'PrismaMasterService'.
src/master/holiday/holiday.service.ts(411,50): error TS2339: Property 'holiday' does not exist on type 'PrismaMasterService'.
src/master/holiday/holiday.service.ts(437,33): error TS2339: Property 'holiday' does not exist on type 'PrismaMasterService'.
src/master/holiday/holiday.service.ts(482,48): error TS2339: Property 'holiday' does not exist on type 'PrismaMasterService'.
src/master/holiday/holiday.service.ts(485,46): error TS2339: Property 'holiday' does not exist on type 'PrismaMasterService'.
src/master/institute/institute.service.ts(13,43): error TS2339: Property 'institute' does not exist on type 'PrismaMasterService'.
src/master/institute/institute.service.ts(20,42): error TS2339: Property 'institute' does not exist on type 'PrismaMasterService'.
src/master/institute/institute.service.ts(32,47): error TS2339: Property 'institute' does not exist on type 'PrismaMasterService'.
src/master/institute/institute.service.ts(83,48): error TS2339: Property 'institute' does not exist on type 'PrismaMasterService'.
src/master/institute/institute.service.ts(86,47): error TS2339: Property 'institute' does not exist on type 'PrismaMasterService'.
src/master/institute/institute.service.ts(138,48): error TS2339: Property 'institute' does not exist on type 'PrismaMasterService'.
src/master/institute/institute.service.ts(141,47): error TS2339: Property 'institute' does not exist on type 'PrismaMasterService'.
src/master/institute/institute.service.ts(194,46): error TS2339: Property 'institute' does not exist on type 'PrismaMasterService'.
src/master/institute/institute.service.ts(249,33): error TS2339: Property 'institute' does not exist on type 'PrismaMasterService'.
src/master/item-class/item-class.service.ts(27,45): error TS2339: Property 'itemClass' does not exist on type 'PrismaMasterService'.
src/master/item-class/item-class.service.ts(37,43): error TS2339: Property 'user' does not exist on type 'PrismaMasterService'.
src/master/item-class/item-class.service.ts(50,24): error TS2339: Property 'firstName' does not exist on type '{}'.
src/master/item-class/item-class.service.ts(50,45): error TS2339: Property 'lastName' does not exist on type '{}'.
src/master/item-class/item-class.service.ts(61,47): error TS2339: Property 'itemClass' does not exist on type 'PrismaMasterService'.
src/master/item-class/item-class.service.ts(69,44): error TS2339: Property 'user' does not exist on type 'PrismaMasterService'.
src/master/item-class/item-class.service.ts(81,46): error TS2339: Property 'itemClass' does not exist on type 'PrismaMasterService'.
src/master/item-class/item-class.service.ts(116,48): error TS2339: Property 'itemClass' does not exist on type 'PrismaMasterService'.
src/master/item-class/item-class.service.ts(121,49): error TS2339: Property 'itemClass' does not exist on type 'PrismaMasterService'.
src/master/item-class/item-class.service.ts(158,35): error TS2339: Property 'itemClass' does not exist on type 'PrismaMasterService'.
src/master/item-class/item-class.service.ts(192,46): error TS2339: Property 'itemClass' does not exist on type 'PrismaMasterService'.
src/master/item-class/item-class.service.ts(222,48): error TS2339: Property 'itemClass' does not exist on type 'PrismaMasterService'.
src/master/item-class/item-class.service.ts(225,46): error TS2339: Property 'itemClass' does not exist on type 'PrismaMasterService'.
src/master/item-subclass/item-subclass.service.ts(27,48): error TS2339: Property 'itemSubclass' does not exist on type 'PrismaMasterService'.
src/master/item-subclass/item-subclass.service.ts(37,43): error TS2339: Property 'user' does not exist on type 'PrismaMasterService'.
src/master/item-subclass/item-subclass.service.ts(51,24): error TS2339: Property 'firstName' does not exist on type '{}'.
src/master/item-subclass/item-subclass.service.ts(51,45): error TS2339: Property 'lastName' does not exist on type '{}'.
src/master/item-subclass/item-subclass.service.ts(61,46): error TS2339: Property 'itemSubclass' does not exist on type 'PrismaMasterService'.
src/master/item-subclass/item-subclass.service.ts(69,44): error TS2339: Property 'user' does not exist on type 'PrismaMasterService'.
src/master/item-subclass/item-subclass.service.ts(80,48): error TS2339: Property 'itemSubclass' does not exist on type 'PrismaMasterService'.
src/master/item-subclass/item-subclass.service.ts(90,46): error TS2339: Property 'itemSubclass' does not exist on type 'PrismaMasterService'.
src/master/item-subclass/item-subclass.service.ts(127,48): error TS2339: Property 'itemSubclass' does not exist on type 'PrismaMasterService'.
src/master/item-subclass/item-subclass.service.ts(133,48): error TS2339: Property 'itemSubclass' does not exist on type 'PrismaMasterService'.
src/master/item-subclass/item-subclass.service.ts(175,35): error TS2339: Property 'itemSubclass' does not exist on type 'PrismaMasterService'.
src/master/item-subclass/item-subclass.service.ts(214,46): error TS2339: Property 'itemSubclass' does not exist on type 'PrismaMasterService'.
src/master/item-subclass/item-subclass.service.ts(245,48): error TS2339: Property 'itemSubclass' does not exist on type 'PrismaMasterService'.
src/master/item-subclass/item-subclass.service.ts(248,46): error TS2339: Property 'itemSubclass' does not exist on type 'PrismaMasterService'.
src/master/job-type/job-type.service.ts(13,43): error TS2339: Property 'jobType' does not exist on type 'PrismaMasterService'.
src/master/job-type/job-type.service.ts(20,42): error TS2339: Property 'jobType' does not exist on type 'PrismaMasterService'.
src/master/job-type/job-type.service.ts(30,47): error TS2339: Property 'jobType' does not exist on type 'PrismaMasterService'.
src/master/job-type/job-type.service.ts(77,46): error TS2339: Property 'jobType' does not exist on type 'PrismaMasterService'.
src/master/job-type/job-type.service.ts(128,48): error TS2339: Property 'jobType' does not exist on type 'PrismaMasterService'.
src/master/job-type/job-type.service.ts(131,47): error TS2339: Property 'jobType' does not exist on type 'PrismaMasterService'.
src/master/job-type/job-type.service.ts(182,33): error TS2339: Property 'jobType' does not exist on type 'PrismaMasterService'.
src/master/job-type/job-type.service.ts(229,48): error TS2339: Property 'jobType' does not exist on type 'PrismaMasterService'.
src/master/job-type/job-type.service.ts(232,47): error TS2339: Property 'jobType' does not exist on type 'PrismaMasterService'.
src/master/job-type/job-type.service.ts(277,47): error TS2339: Property 'jobType' does not exist on type 'PrismaMasterService'.
src/master/leave-type/leave-type.service.ts(13,43): error TS2339: Property 'leaveType' does not exist on type 'PrismaMasterService'.
src/master/leave-type/leave-type.service.ts(20,42): error TS2339: Property 'leaveType' does not exist on type 'PrismaMasterService'.
src/master/leave-type/leave-type.service.ts(32,47): error TS2339: Property 'leaveType' does not exist on type 'PrismaMasterService'.
src/master/leave-type/leave-type.service.ts(75,48): error TS2339: Property 'leaveType' does not exist on type 'PrismaMasterService'.
src/master/leave-type/leave-type.service.ts(78,47): error TS2339: Property 'leaveType' does not exist on type 'PrismaMasterService'.
src/master/leave-type/leave-type.service.ts(122,48): error TS2339: Property 'leaveType' does not exist on type 'PrismaMasterService'.
src/master/leave-type/leave-type.service.ts(125,47): error TS2339: Property 'leaveType' does not exist on type 'PrismaMasterService'.
src/master/leave-type/leave-type.service.ts(165,46): error TS2339: Property 'leaveType' does not exist on type 'PrismaMasterService'.
src/master/leave-type/leave-type.service.ts(210,50): error TS2339: Property 'leaveType' does not exist on type 'PrismaMasterService'.
src/master/leave-type/leave-type.service.ts(213,33): error TS2339: Property 'leaveType' does not exist on type 'PrismaMasterService'.
src/master/leave-type/leave-type.service.ts(257,48): error TS2339: Property 'leaveType' does not exist on type 'PrismaMasterService'.
src/master/leave-type/leave-type.service.ts(260,46): error TS2339: Property 'leaveType' does not exist on type 'PrismaMasterService'.
src/master/leaves-policy/leaves-policy.service.ts(13,43): error TS2339: Property 'leavesPolicy' does not exist on type 'PrismaMasterService'.
src/master/leaves-policy/leaves-policy.service.ts(36,42): error TS2339: Property 'leavesPolicy' does not exist on type 'PrismaMasterService'.
src/master/leaves-policy/leaves-policy.service.ts(77,33): error TS2339: Property 'leavesPolicy' does not exist on type 'PrismaMasterService'.
src/master/leaves-policy/leaves-policy.service.ts(83,47): error TS2339: Property 'leavesPolicy' does not exist on type 'PrismaMasterService'.
src/master/leaves-policy/leaves-policy.service.ts(102,33): error TS2339: Property 'leavesPolicyLeaveType' does not exist on type 'PrismaMasterService'.
src/master/leaves-policy/leaves-policy.service.ts(113,33): error TS2339: Property 'leavesPolicy' does not exist on type 'PrismaMasterService'.
src/master/leaves-policy/leaves-policy.service.ts(181,43): error TS2339: Property 'leavesPolicy' does not exist on type 'PrismaMasterService'.
src/master/leaves-policy/leaves-policy.service.ts(244,48): error TS2339: Property 'leavesPolicy' does not exist on type 'PrismaMasterService'.
src/master/leaves-policy/leaves-policy.service.ts(253,33): error TS2339: Property 'leavesPolicy' does not exist on type 'PrismaMasterService'.
src/master/leaves-policy/leaves-policy.service.ts(259,47): error TS2339: Property 'leavesPolicy' does not exist on type 'PrismaMasterService'.
src/master/leaves-policy/leaves-policy.service.ts(282,33): error TS2339: Property 'leavesPolicyLeaveType' does not exist on type 'PrismaMasterService'.
src/master/leaves-policy/leaves-policy.service.ts(286,35): error TS2339: Property 'leavesPolicyLeaveType' does not exist on type 'PrismaMasterService'.
src/master/leaves-policy/leaves-policy.service.ts(298,33): error TS2339: Property 'leavesPolicy' does not exist on type 'PrismaMasterService'.
src/master/leaves-policy/leaves-policy.service.ts(367,48): error TS2339: Property 'leavesPolicy' does not exist on type 'PrismaMasterService'.
src/master/leaves-policy/leaves-policy.service.ts(372,31): error TS2339: Property 'leavesPolicy' does not exist on type 'PrismaMasterService'.
src/master/leaves-policy/leaves-policy.service.ts(417,31): error TS2339: Property 'leavesPolicy' does not exist on type 'PrismaMasterService'.
src/master/leaves-policy/leaves-policy.service.ts(463,33): error TS2339: Property 'leavesPolicy' does not exist on type 'PrismaMasterService'.
src/master/leaves-policy/leaves-policy.service.ts(514,48): error TS2339: Property 'leavesPolicy' does not exist on type 'PrismaMasterService'.
src/master/leaves-policy/leaves-policy.service.ts(522,31): error TS2339: Property 'leavesPolicy' does not exist on type 'PrismaMasterService'.
src/master/leaves-policy/leaves-policy.service.ts(528,47): error TS2339: Property 'leavesPolicy' does not exist on type 'PrismaMasterService'.
src/master/loan-type/loan-type.service.ts(14,43): error TS2339: Property 'loanType' does not exist on type 'PrismaMasterService'.
src/master/loan-type/loan-type.service.ts(21,42): error TS2339: Property 'loanType' does not exist on type 'PrismaMasterService'.
src/master/loan-type/loan-type.service.ts(31,47): error TS2339: Property 'loanType' does not exist on type 'PrismaMasterService'.
src/master/loan-type/loan-type.service.ts(78,48): error TS2339: Property 'loanType' does not exist on type 'PrismaMasterService'.
src/master/loan-type/loan-type.service.ts(81,47): error TS2339: Property 'loanType' does not exist on type 'PrismaMasterService'.
src/master/loan-type/loan-type.service.ts(133,48): error TS2339: Property 'loanType' does not exist on type 'PrismaMasterService'.
src/master/loan-type/loan-type.service.ts(136,47): error TS2339: Property 'loanType' does not exist on type 'PrismaMasterService'.
src/master/loan-type/loan-type.service.ts(184,46): error TS2339: Property 'loanType' does not exist on type 'PrismaMasterService'.
src/master/loan-type/loan-type.service.ts(247,50): error TS2339: Property 'loanType' does not exist on type 'PrismaMasterService'.
src/master/loan-type/loan-type.service.ts(250,49): error TS2339: Property 'loanType' does not exist on type 'PrismaMasterService'.
src/master/loan-type/loan-type.service.ts(303,48): error TS2339: Property 'loanType' does not exist on type 'PrismaMasterService'.
src/master/loan-type/loan-type.service.ts(306,46): error TS2339: Property 'loanType' does not exist on type 'PrismaMasterService'.
src/master/location/location.service.ts(15,30): error TS2339: Property 'location' does not exist on type 'PrismaMasterService'.
src/master/location/location.service.ts(26,48): error TS2339: Property 'location' does not exist on type 'PrismaMasterService'.
src/master/location/location.service.ts(42,55): error TS2339: Property 'city' does not exist on type 'PrismaMasterService'.
src/master/location/location.service.ts(53,47): error TS2339: Property 'location' does not exist on type 'PrismaMasterService'.
src/master/location/location.service.ts(57,51): error TS2339: Property 'city' does not exist on type 'PrismaMasterService'.
src/master/location/location.service.ts(71,47): error TS2339: Property 'location' does not exist on type 'PrismaMasterService'.
src/master/location/location.service.ts(117,48): error TS2339: Property 'location' does not exist on type 'PrismaMasterService'.
src/master/location/location.service.ts(120,47): error TS2339: Property 'location' does not exist on type 'PrismaMasterService'.
src/master/location/location.service.ts(175,48): error TS2339: Property 'location' does not exist on type 'PrismaMasterService'.
src/master/location/location.service.ts(178,47): error TS2339: Property 'location' does not exist on type 'PrismaMasterService'.
src/master/location/location.service.ts(223,46): error TS2339: Property 'location' does not exist on type 'PrismaMasterService'.
src/master/location/location.service.ts(276,50): error TS2339: Property 'location' does not exist on type 'PrismaMasterService'.
src/master/location/location.service.ts(279,33): error TS2339: Property 'location' does not exist on type 'PrismaMasterService'.
src/master/location/location.service.ts(328,48): error TS2339: Property 'location' does not exist on type 'PrismaMasterService'.
src/master/location/location.service.ts(331,46): error TS2339: Property 'location' does not exist on type 'PrismaMasterService'.
src/master/location/location.service.ts(367,49): error TS2339: Property 'location' does not exist on type 'PrismaMasterService'.
src/master/machine/machine.service.ts(10,38): error TS2339: Property 'machine' does not exist on type 'PrismaMasterService'.
src/master/machine/machine.service.ts(24,36): error TS2339: Property 'machine' does not exist on type 'PrismaMasterService'.
src/master/machine/machine.service.ts(31,36): error TS2339: Property 'machine' does not exist on type 'PrismaMasterService'.
src/master/machine/machine.service.ts(38,38): error TS2339: Property 'machine' does not exist on type 'PrismaMasterService'.
src/master/machine/machine.service.ts(50,23): error TS2339: Property 'machine' does not exist on type 'PrismaMasterService'.
src/master/marital-status/marital-status.service.ts(17,43): error TS2339: Property 'maritalStatus' does not exist on type 'PrismaMasterService'.
src/master/marital-status/marital-status.service.ts(24,42): error TS2339: Property 'maritalStatus' does not exist on type 'PrismaMasterService'.
src/master/marital-status/marital-status.service.ts(51,46): error TS2339: Property 'maritalStatus' does not exist on type 'PrismaMasterService'.
src/master/marital-status/marital-status.service.ts(99,48): error TS2339: Property 'maritalStatus' does not exist on type 'PrismaMasterService'.
src/master/marital-status/marital-status.service.ts(106,47): error TS2339: Property 'maritalStatus' does not exist on type 'PrismaMasterService'.
src/master/marital-status/marital-status.service.ts(159,48): error TS2339: Property 'maritalStatus' does not exist on type 'PrismaMasterService'.
src/master/marital-status/marital-status.service.ts(166,47): error TS2339: Property 'maritalStatus' does not exist on type 'PrismaMasterService'.
src/master/marital-status/marital-status.service.ts(229,49): error TS2339: Property 'maritalStatus' does not exist on type 'PrismaMasterService'.
src/master/marital-status/marital-status.service.ts(285,46): error TS2339: Property 'maritalStatus' does not exist on type 'PrismaMasterService'.
src/master/old-season/old-season.service.ts(27,48): error TS2339: Property 'oldSeason' does not exist on type 'PrismaMasterService'.
src/master/old-season/old-season.service.ts(34,43): error TS2339: Property 'user' does not exist on type 'PrismaMasterService'.
src/master/old-season/old-season.service.ts(47,24): error TS2339: Property 'firstName' does not exist on type '{}'.
src/master/old-season/old-season.service.ts(47,45): error TS2339: Property 'lastName' does not exist on type '{}'.
src/master/old-season/old-season.service.ts(57,44): error TS2339: Property 'oldSeason' does not exist on type 'PrismaMasterService'.
src/master/old-season/old-season.service.ts(64,44): error TS2339: Property 'user' does not exist on type 'PrismaMasterService'.
src/master/old-season/old-season.service.ts(76,46): error TS2339: Property 'oldSeason' does not exist on type 'PrismaMasterService'.
src/master/old-season/old-season.service.ts(111,48): error TS2339: Property 'oldSeason' does not exist on type 'PrismaMasterService'.
src/master/old-season/old-season.service.ts(116,47): error TS2339: Property 'oldSeason' does not exist on type 'PrismaMasterService'.
src/master/old-season/old-season.service.ts(153,35): error TS2339: Property 'oldSeason' does not exist on type 'PrismaMasterService'.
src/master/old-season/old-season.service.ts(187,46): error TS2339: Property 'oldSeason' does not exist on type 'PrismaMasterService'.
src/master/old-season/old-season.service.ts(217,48): error TS2339: Property 'oldSeason' does not exist on type 'PrismaMasterService'.
src/master/old-season/old-season.service.ts(220,46): error TS2339: Property 'oldSeason' does not exist on type 'PrismaMasterService'.
src/master/pos/pos.service.ts(17,43): error TS2339: Property 'pos' does not exist on type 'PrismaMasterService'.
src/master/pos/pos.service.ts(26,42): error TS2339: Property 'pos' does not exist on type 'PrismaMasterService'.
src/master/pos/pos.service.ts(40,51): error TS2339: Property 'pos' does not exist on type 'PrismaMasterService'.
src/master/pos/pos.service.ts(47,47): error TS2339: Property 'pos' does not exist on type 'PrismaMasterService'.
src/master/pos/pos.service.ts(91,9): error TS2393: Duplicate function implementation.
src/master/pos/pos.service.ts(97,48): error TS2339: Property 'pos' does not exist on type 'PrismaMasterService'.
src/master/pos/pos.service.ts(102,47): error TS2339: Property 'pos' does not exist on type 'PrismaMasterService'.
src/master/pos/pos.service.ts(146,9): error TS2393: Duplicate function implementation.
src/master/pos/pos.service.ts(151,48): error TS2339: Property 'pos' does not exist on type 'PrismaMasterService'.
src/master/pos/pos.service.ts(157,32): error TS2304: Cannot find name 'body'.
src/master/pos/pos.service.ts(159,58): error TS2339: Property 'location' does not exist on type 'PrismaMasterService'.
src/master/pos/pos.service.ts(160,34): error TS2304: Cannot find name 'body'.
src/master/pos/pos.service.ts(168,45): error TS2304: Cannot find name 'nextPosId'.
src/master/pos/pos.service.ts(171,58): error TS2339: Property 'pos' does not exist on type 'PrismaMasterService'.
src/master/pos/pos.service.ts(177,58): error TS2339: Property 'pos' does not exist on type 'PrismaMasterService'.
src/master/pos/pos.service.ts(184,17): error TS2304: Cannot find name 'body'.
src/master/pos/pos.service.ts(185,47): error TS2304: Cannot find name 'body'.
src/master/pos/pos.service.ts(188,53): error TS2339: Property 'pos' does not exist on type 'PrismaMasterService'.
src/master/pos/pos.service.ts(190,27): error TS2304: Cannot find name 'body'.
src/master/pos/pos.service.ts(191,33): error TS2304: Cannot find name 'body'.
src/master/pos/pos.service.ts(192,32): error TS2304: Cannot find name 'body'.
src/master/pos/pos.service.ts(193,28): error TS2304: Cannot find name 'nextPosId'.
src/master/pos/pos.service.ts(196,29): error TS2304: Cannot find name 'body'.
src/master/pos/pos.service.ts(223,43): error TS2304: Cannot find name 'body'.
src/master/pos/pos.service.ts(232,11): error TS2393: Duplicate function implementation.
src/master/pos/pos.service.ts(238,54): error TS2339: Property 'pos' does not exist on type 'PrismaMasterService'.
src/master/pos/pos.service.ts(248,53): error TS2339: Property 'pos' does not exist on type 'PrismaMasterService'.
src/master/pos/pos.service.ts(291,11): error TS2393: Duplicate function implementation.
src/master/pos/pos.service.ts(296,54): error TS2339: Property 'pos' does not exist on type 'PrismaMasterService'.
src/master/pos/pos.service.ts(301,53): error TS2339: Property 'pos' does not exist on type 'PrismaMasterService'.
src/master/pos/pos.service.ts(337,50): error TS2339: Property 'pos' does not exist on type 'PrismaMasterService'.
src/master/provident-fund/provident-fund.service.ts(13,37): error TS2339: Property 'providentFund' does not exist on type 'PrismaMasterService'.
src/master/provident-fund/provident-fund.service.ts(20,36): error TS2339: Property 'providentFund' does not exist on type 'PrismaMasterService'.
src/master/provident-fund/provident-fund.service.ts(30,41): error TS2339: Property 'providentFund' does not exist on type 'PrismaMasterService'.
src/master/provident-fund/provident-fund.service.ts(74,37): error TS2339: Property 'providentFund' does not exist on type 'PrismaMasterService'.
src/master/provident-fund/provident-fund.service.ts(118,42): error TS2339: Property 'providentFund' does not exist on type 'PrismaMasterService'.
src/master/provident-fund/provident-fund.service.ts(123,41): error TS2339: Property 'providentFund' does not exist on type 'PrismaMasterService'.
src/master/provident-fund/provident-fund.service.ts(168,42): error TS2339: Property 'providentFund' does not exist on type 'PrismaMasterService'.
src/master/provident-fund/provident-fund.service.ts(173,25): error TS2339: Property 'providentFund' does not exist on type 'PrismaMasterService'.
src/master/qualification/qualification.service.ts(13,37): error TS2339: Property 'qualification' does not exist on type 'PrismaMasterService'.
src/master/qualification/qualification.service.ts(20,36): error TS2339: Property 'qualification' does not exist on type 'PrismaMasterService'.
src/master/qualification/qualification.service.ts(30,41): error TS2339: Property 'qualification' does not exist on type 'PrismaMasterService'.
src/master/qualification/qualification.service.ts(81,40): error TS2339: Property 'qualification' does not exist on type 'PrismaMasterService'.
src/master/qualification/qualification.service.ts(124,42): error TS2339: Property 'qualification' does not exist on type 'PrismaMasterService'.
src/master/qualification/qualification.service.ts(131,41): error TS2339: Property 'qualification' does not exist on type 'PrismaMasterService'.
src/master/qualification/qualification.service.ts(183,42): error TS2339: Property 'qualification' does not exist on type 'PrismaMasterService'.
src/master/qualification/qualification.service.ts(190,41): error TS2339: Property 'qualification' does not exist on type 'PrismaMasterService'.
src/master/qualification/qualification.service.ts(228,42): error TS2339: Property 'qualification' does not exist on type 'PrismaMasterService'.
src/master/qualification/qualification.service.ts(231,40): error TS2339: Property 'qualification' does not exist on type 'PrismaMasterService'.
src/master/rebate-nature/rebate-nature.service.ts(11,24): error TS2339: Property 'rebateNature' does not exist on type 'PrismaMasterService'.
src/master/rebate-nature/rebate-nature.service.ts(20,24): error TS2339: Property 'rebateNature' does not exist on type 'PrismaMasterService'.
src/master/rebate-nature/rebate-nature.service.ts(28,44): error TS2339: Property 'rebateNature' does not exist on type 'PrismaMasterService'.
src/master/rebate-nature/rebate-nature.service.ts(53,24): error TS2339: Property 'rebateNature' does not exist on type 'PrismaMasterService'.
src/master/rebate-nature/rebate-nature.service.ts(63,44): error TS2339: Property 'rebateNature' does not exist on type 'PrismaMasterService'.
src/master/rebate-nature/rebate-nature.service.ts(77,24): error TS2339: Property 'rebateNature' does not exist on type 'PrismaMasterService'.
src/master/rebate-nature/rebate-nature.service.ts(86,24): error TS2339: Property 'rebateNature' does not exist on type 'PrismaMasterService'.
src/master/salary-breakup/salary-breakup.service.ts(14,43): error TS2339: Property 'salaryBreakup' does not exist on type 'PrismaMasterService'.
src/master/salary-breakup/salary-breakup.service.ts(21,42): error TS2339: Property 'salaryBreakup' does not exist on type 'PrismaMasterService'.
src/master/salary-breakup/salary-breakup.service.ts(38,47): error TS2339: Property 'salaryBreakup' does not exist on type 'PrismaMasterService'.
src/master/salary-breakup/salary-breakup.service.ts(92,48): error TS2339: Property 'salaryBreakup' does not exist on type 'PrismaMasterService'.
src/master/salary-breakup/salary-breakup.service.ts(100,47): error TS2339: Property 'salaryBreakup' does not exist on type 'PrismaMasterService'.
src/master/salary-breakup/salary-breakup.service.ts(159,48): error TS2339: Property 'salaryBreakup' does not exist on type 'PrismaMasterService'.
src/master/salary-breakup/salary-breakup.service.ts(167,31): error TS2339: Property 'salaryBreakup' does not exist on type 'PrismaMasterService'.
src/master/sale-pool/sale-pool.service.ts(10,38): error TS2339: Property 'salePool' does not exist on type 'PrismaMasterService'.
src/master/sale-pool/sale-pool.service.ts(24,36): error TS2339: Property 'salePool' does not exist on type 'PrismaMasterService'.
src/master/sale-pool/sale-pool.service.ts(31,36): error TS2339: Property 'salePool' does not exist on type 'PrismaMasterService'.
src/master/sale-pool/sale-pool.service.ts(38,38): error TS2339: Property 'salePool' does not exist on type 'PrismaMasterService'.
src/master/sale-pool/sale-pool.service.ts(50,23): error TS2339: Property 'salePool' does not exist on type 'PrismaMasterService'.
src/master/sale-type/sale-type.service.ts(10,38): error TS2339: Property 'saleType' does not exist on type 'PrismaMasterService'.
src/master/sale-type/sale-type.service.ts(24,36): error TS2339: Property 'saleType' does not exist on type 'PrismaMasterService'.
src/master/sale-type/sale-type.service.ts(31,36): error TS2339: Property 'saleType' does not exist on type 'PrismaMasterService'.
src/master/sale-type/sale-type.service.ts(38,38): error TS2339: Property 'saleType' does not exist on type 'PrismaMasterService'.
src/master/sale-type/sale-type.service.ts(50,23): error TS2339: Property 'saleType' does not exist on type 'PrismaMasterService'.
src/master/salesman/salesman.service.ts(10,38): error TS2339: Property 'salesman' does not exist on type 'PrismaMasterService'.
src/master/salesman/salesman.service.ts(24,36): error TS2339: Property 'salesman' does not exist on type 'PrismaMasterService'.
src/master/salesman/salesman.service.ts(31,36): error TS2339: Property 'salesman' does not exist on type 'PrismaMasterService'.
src/master/salesman/salesman.service.ts(38,38): error TS2339: Property 'salesman' does not exist on type 'PrismaMasterService'.
src/master/salesman/salesman.service.ts(50,23): error TS2339: Property 'salesman' does not exist on type 'PrismaMasterService'.
src/master/season/season.service.ts(27,45): error TS2339: Property 'season' does not exist on type 'PrismaMasterService'.
src/master/season/season.service.ts(34,43): error TS2339: Property 'user' does not exist on type 'PrismaMasterService'.
src/master/season/season.service.ts(47,24): error TS2339: Property 'firstName' does not exist on type '{}'.
src/master/season/season.service.ts(47,45): error TS2339: Property 'lastName' does not exist on type '{}'.
src/master/season/season.service.ts(57,44): error TS2339: Property 'season' does not exist on type 'PrismaMasterService'.
src/master/season/season.service.ts(64,44): error TS2339: Property 'user' does not exist on type 'PrismaMasterService'.
src/master/season/season.service.ts(76,46): error TS2339: Property 'season' does not exist on type 'PrismaMasterService'.
src/master/season/season.service.ts(111,48): error TS2339: Property 'season' does not exist on type 'PrismaMasterService'.
src/master/season/season.service.ts(116,46): error TS2339: Property 'season' does not exist on type 'PrismaMasterService'.
src/master/season/season.service.ts(153,35): error TS2339: Property 'season' does not exist on type 'PrismaMasterService'.
src/master/season/season.service.ts(187,46): error TS2339: Property 'season' does not exist on type 'PrismaMasterService'.
src/master/season/season.service.ts(217,48): error TS2339: Property 'season' does not exist on type 'PrismaMasterService'.
src/master/season/season.service.ts(220,46): error TS2339: Property 'season' does not exist on type 'PrismaMasterService'.
src/master/segment/segment.service.ts(27,46): error TS2339: Property 'segment' does not exist on type 'PrismaMasterService'.
src/master/segment/segment.service.ts(34,43): error TS2339: Property 'user' does not exist on type 'PrismaMasterService'.
src/master/segment/segment.service.ts(47,24): error TS2339: Property 'firstName' does not exist on type '{}'.
src/master/segment/segment.service.ts(47,45): error TS2339: Property 'lastName' does not exist on type '{}'.
src/master/segment/segment.service.ts(57,45): error TS2339: Property 'segment' does not exist on type 'PrismaMasterService'.
src/master/segment/segment.service.ts(64,44): error TS2339: Property 'user' does not exist on type 'PrismaMasterService'.
src/master/segment/segment.service.ts(76,46): error TS2339: Property 'segment' does not exist on type 'PrismaMasterService'.
src/master/segment/segment.service.ts(111,48): error TS2339: Property 'segment' does not exist on type 'PrismaMasterService'.
src/master/segment/segment.service.ts(116,47): error TS2339: Property 'segment' does not exist on type 'PrismaMasterService'.
src/master/segment/segment.service.ts(153,35): error TS2339: Property 'segment' does not exist on type 'PrismaMasterService'.
src/master/segment/segment.service.ts(187,46): error TS2339: Property 'segment' does not exist on type 'PrismaMasterService'.
src/master/segment/segment.service.ts(217,48): error TS2339: Property 'segment' does not exist on type 'PrismaMasterService'.
src/master/segment/segment.service.ts(220,46): error TS2339: Property 'segment' does not exist on type 'PrismaMasterService'.
src/master/silhouette/silhouette.service.ts(29,49): error TS2339: Property 'silhouette' does not exist on type 'PrismaMasterService'.
src/master/silhouette/silhouette.service.ts(36,43): error TS2339: Property 'user' does not exist on type 'PrismaMasterService'.
src/master/silhouette/silhouette.service.ts(49,24): error TS2339: Property 'firstName' does not exist on type '{}'.
src/master/silhouette/silhouette.service.ts(49,45): error TS2339: Property 'lastName' does not exist on type '{}'.
src/master/silhouette/silhouette.service.ts(59,48): error TS2339: Property 'silhouette' does not exist on type 'PrismaMasterService'.
src/master/silhouette/silhouette.service.ts(66,44): error TS2339: Property 'user' does not exist on type 'PrismaMasterService'.
src/master/silhouette/silhouette.service.ts(78,51): error TS2339: Property 'silhouette' does not exist on type 'PrismaMasterService'.
src/master/silhouette/silhouette.service.ts(113,48): error TS2339: Property 'silhouette' does not exist on type 'PrismaMasterService'.
src/master/silhouette/silhouette.service.ts(116,50): error TS2339: Property 'silhouette' does not exist on type 'PrismaMasterService'.
src/master/silhouette/silhouette.service.ts(154,35): error TS2339: Property 'silhouette' does not exist on type 'PrismaMasterService'.
src/master/silhouette/silhouette.service.ts(188,46): error TS2339: Property 'silhouette' does not exist on type 'PrismaMasterService'.
src/master/silhouette/silhouette.service.ts(218,48): error TS2339: Property 'silhouette' does not exist on type 'PrismaMasterService'.
src/master/silhouette/silhouette.service.ts(221,46): error TS2339: Property 'silhouette' does not exist on type 'PrismaMasterService'.
src/master/size/size.service.ts(29,43): error TS2339: Property 'size' does not exist on type 'PrismaMasterService'.
src/master/size/size.service.ts(36,43): error TS2339: Property 'user' does not exist on type 'PrismaMasterService'.
src/master/size/size.service.ts(47,24): error TS2339: Property 'firstName' does not exist on type '{}'.
src/master/size/size.service.ts(47,45): error TS2339: Property 'lastName' does not exist on type '{}'.
src/master/size/size.service.ts(57,42): error TS2339: Property 'size' does not exist on type 'PrismaMasterService'.
src/master/size/size.service.ts(64,44): error TS2339: Property 'user' does not exist on type 'PrismaMasterService'.
src/master/size/size.service.ts(76,45): error TS2339: Property 'size' does not exist on type 'PrismaMasterService'.
src/master/size/size.service.ts(111,48): error TS2339: Property 'size' does not exist on type 'PrismaMasterService'.
src/master/size/size.service.ts(114,44): error TS2339: Property 'size' does not exist on type 'PrismaMasterService'.
src/master/size/size.service.ts(148,35): error TS2339: Property 'size' does not exist on type 'PrismaMasterService'.
src/master/size/size.service.ts(182,46): error TS2339: Property 'size' does not exist on type 'PrismaMasterService'.
src/master/size/size.service.ts(212,48): error TS2339: Property 'size' does not exist on type 'PrismaMasterService'.
src/master/size/size.service.ts(215,46): error TS2339: Property 'size' does not exist on type 'PrismaMasterService'.
src/master/social-security/social-security.service.ts(26,43): error TS2339: Property 'socialSecurityInstitution' does not exist on type 'PrismaMasterService'.
src/master/social-security/social-security.service.ts(42,42): error TS2339: Property 'socialSecurityInstitution' does not exist on type 'PrismaMasterService'.
src/master/social-security/social-security.service.ts(58,47): error TS2339: Property 'socialSecurityInstitution' does not exist on type 'PrismaMasterService'.
src/master/social-security/social-security.service.ts(109,33): error TS2339: Property 'socialSecurityInstitution' does not exist on type 'PrismaMasterService'.
src/master/social-security/social-security.service.ts(113,47): error TS2339: Property 'socialSecurityInstitution' does not exist on type 'PrismaMasterService'.
src/master/social-security/social-security.service.ts(167,33): error TS2339: Property 'socialSecurityInstitution' does not exist on type 'PrismaMasterService'.
src/master/social-security/social-security.service.ts(171,31): error TS2339: Property 'socialSecurityInstitution' does not exist on type 'PrismaMasterService'.
src/master/social-security/social-security.service.ts(209,31): error TS2339: Property 'socialSecurityEmployerRegistration' does not exist on type 'PrismaMasterService'.
src/master/social-security/social-security.service.ts(227,31): error TS2339: Property 'socialSecurityEmployerRegistration' does not exist on type 'PrismaMasterService'.
src/master/social-security/social-security.service.ts(249,33): error TS2339: Property 'socialSecurityEmployerRegistration' does not exist on type 'PrismaMasterService'.
src/master/social-security/social-security.service.ts(315,33): error TS2339: Property 'socialSecurityEmployerRegistration' does not exist on type 'PrismaMasterService'.
src/master/social-security/social-security.service.ts(321,33): error TS2339: Property 'socialSecurityEmployerRegistration' does not exist on type 'PrismaMasterService'.
src/master/social-security/social-security.service.ts(394,33): error TS2339: Property 'socialSecurityEmployerRegistration' does not exist on type 'PrismaMasterService'.
src/master/social-security/social-security.service.ts(399,31): error TS2339: Property 'socialSecurityEmployerRegistration' does not exist on type 'PrismaMasterService'.
src/master/social-security/social-security.service.ts(449,31): error TS2339: Property 'socialSecurityEmployeeRegistration' does not exist on type 'PrismaMasterService'.
src/master/social-security/social-security.service.ts(482,49): error TS2339: Property 'department' does not exist on type 'PrismaMasterService'.
src/master/social-security/social-security.service.ts(506,31): error TS2339: Property 'socialSecurityEmployeeRegistration' does not exist on type 'PrismaMasterService'.
src/master/social-security/social-security.service.ts(534,33): error TS2339: Property 'socialSecurityEmployeeRegistration' does not exist on type 'PrismaMasterService'.
src/master/social-security/social-security.service.ts(574,35): error TS2339: Property 'socialSecurityInstitution' does not exist on type 'PrismaMasterService'.
src/master/social-security/social-security.service.ts(578,35): error TS2339: Property 'socialSecurityEmployeeRegistration' does not exist on type 'PrismaMasterService'.
src/master/social-security/social-security.service.ts(631,33): error TS2339: Property 'socialSecurityEmployeeRegistration' does not exist on type 'PrismaMasterService'.
src/master/social-security/social-security.service.ts(637,33): error TS2339: Property 'socialSecurityEmployeeRegistration' does not exist on type 'PrismaMasterService'.
src/master/social-security/social-security.service.ts(722,33): error TS2339: Property 'socialSecurityEmployeeRegistration' does not exist on type 'PrismaMasterService'.
src/master/social-security/social-security.service.ts(727,31): error TS2339: Property 'socialSecurityEmployeeRegistration' does not exist on type 'PrismaMasterService'.
src/master/social-security/social-security.service.ts(777,43): error TS2339: Property 'socialSecurityContribution' does not exist on type 'PrismaMasterService'.
src/master/social-security/social-security.service.ts(817,42): error TS2339: Property 'socialSecurityContribution' does not exist on type 'PrismaMasterService'.
src/master/social-security/social-security.service.ts(845,47): error TS2339: Property 'socialSecurityContribution' does not exist on type 'PrismaMasterService'.
src/master/social-security/social-security.service.ts(914,33): error TS2339: Property 'socialSecurityContribution' does not exist on type 'PrismaMasterService'.
src/master/social-security/social-security.service.ts(919,47): error TS2339: Property 'socialSecurityContribution' does not exist on type 'PrismaMasterService'.
src/master/social-security/social-security.service.ts(991,33): error TS2339: Property 'socialSecurityContribution' does not exist on type 'PrismaMasterService'.
src/master/social-security/social-security.service.ts(996,31): error TS2339: Property 'socialSecurityContribution' does not exist on type 'PrismaMasterService'.
src/master/storage-dimension/storage-dimension.service.ts(13,44): error TS2339: Property 'storageDimension' does not exist on type 'PrismaMasterService'.
src/master/storage-dimension/storage-dimension.service.ts(27,42): error TS2339: Property 'storageDimension' does not exist on type 'PrismaMasterService'.
src/master/storage-dimension/storage-dimension.service.ts(35,31): error TS2339: Property 'storageDimension' does not exist on type 'PrismaMasterService'.
src/master/storage-dimension/storage-dimension.service.ts(45,44): error TS2339: Property 'storageDimension' does not exist on type 'PrismaMasterService'.
src/master/storage-dimension/storage-dimension.service.ts(57,29): error TS2339: Property 'storageDimension' does not exist on type 'PrismaMasterService'.
src/master/tax-rate/tax-rate.service.ts(10,36): error TS2339: Property 'taxRate1' does not exist on type 'PrismaMasterService'.
src/master/tax-rate/tax-rate.service.ts(19,37): error TS2339: Property 'taxRate1' does not exist on type 'PrismaMasterService'.
src/master/tax-rate/tax-rate.service.ts(26,36): error TS2339: Property 'taxRate1' does not exist on type 'PrismaMasterService'.
src/master/tax-rate/tax-rate.service.ts(35,36): error TS2339: Property 'taxRate1' does not exist on type 'PrismaMasterService'.
src/master/tax-rate/tax-rate.service.ts(46,23): error TS2339: Property 'taxRate1' does not exist on type 'PrismaMasterService'.
src/master/tax-slab/tax-slab.service.ts(13,43): error TS2339: Property 'taxSlab' does not exist on type 'PrismaMasterService'.
src/master/tax-slab/tax-slab.service.ts(20,42): error TS2339: Property 'taxSlab' does not exist on type 'PrismaMasterService'.
src/master/tax-slab/tax-slab.service.ts(36,47): error TS2339: Property 'taxSlab' does not exist on type 'PrismaMasterService'.
src/master/tax-slab/tax-slab.service.ts(88,43): error TS2339: Property 'taxSlab' does not exist on type 'PrismaMasterService'.
src/master/tax-slab/tax-slab.service.ts(140,48): error TS2339: Property 'taxSlab' does not exist on type 'PrismaMasterService'.
src/master/tax-slab/tax-slab.service.ts(144,47): error TS2339: Property 'taxSlab' does not exist on type 'PrismaMasterService'.
src/master/tax-slab/tax-slab.service.ts(191,48): error TS2339: Property 'taxSlab' does not exist on type 'PrismaMasterService'.
src/master/tax-slab/tax-slab.service.ts(195,31): error TS2339: Property 'taxSlab' does not exist on type 'PrismaMasterService'.
src/master/tax-slab/tax-slab.service.ts(237,50): error TS2339: Property 'taxSlab' does not exist on type 'PrismaMasterService'.
src/master/tax-slab/tax-slab.service.ts(259,33): error TS2339: Property 'taxSlab' does not exist on type 'PrismaMasterService'.
src/master/tax-slab/tax-slab.service.ts(317,33): error TS2339: Property 'taxSlab' does not exist on type 'PrismaMasterService'.
src/master/uom/uom.service.ts(11,30): error TS2339: Property 'uom' does not exist on type 'PrismaMasterService'.
src/master/uom/uom.service.ts(17,30): error TS2339: Property 'uom' does not exist on type 'PrismaMasterService'.
src/master/uom/uom.service.ts(23,41): error TS2339: Property 'uom' does not exist on type 'PrismaMasterService'.
src/master/uom/uom.service.ts(36,30): error TS2339: Property 'uom' does not exist on type 'PrismaMasterService'.
src/master/uom/uom.service.ts(44,30): error TS2339: Property 'uom' does not exist on type 'PrismaMasterService'.
src/notifications/notifications.service.ts(115,42): error TS2339: Property 'userPreference' does not exist on type 'PrismaMasterService'.
src/notifications/notifications.service.ts(122,7): error TS2345: Argument of type 'unknown' is not assignable to parameter of type 'string | null | undefined'.
src/notifications/notifications.service.ts(126,7): error TS2345: Argument of type 'unknown' is not assignable to parameter of type 'string | null | undefined'.
src/notifications/notifications.service.ts(130,7): error TS2345: Argument of type 'unknown' is not assignable to parameter of type 'string | null | undefined'.
src/notifications/notifications.service.ts(134,7): error TS2345: Argument of type '{}' is not assignable to parameter of type 'string'.
src/notifications/notifications.service.ts(139,12): error TS18046: 'key' is of type 'unknown'.
src/notifications/notifications.service.ts(140,12): error TS18046: 'key' is of type 'unknown'.
src/notifications/notifications.service.ts(141,24): error TS18046: 'key' is of type 'unknown'.
src/notifications/notifications.service.ts(144,25): error TS2345: Argument of type 'unknown' is not assignable to parameter of type 'string | null | undefined'.
src/notifications/notifications.service.ts(193,25): error TS2339: Property 'notification' does not exist on type 'PrismaMasterService'.
src/notifications/notifications.service.ts(199,25): error TS2339: Property 'notification' does not exist on type 'PrismaMasterService'.
src/notifications/notifications.service.ts(208,46): error TS2339: Property 'notification' does not exist on type 'PrismaMasterService'.
src/notifications/notifications.service.ts(214,45): error TS2339: Property 'notification' does not exist on type 'PrismaMasterService'.
src/notifications/notifications.service.ts(222,29): error TS2339: Property 'notification' does not exist on type 'PrismaMasterService'.
src/notifications/notifications.service.ts(233,29): error TS2339: Property 'notification' does not exist on type 'PrismaMasterService'.
src/notifications/notifications.service.ts(256,45): error TS2339: Property 'notification' does not exist on type 'PrismaMasterService'.
src/notifications/notifications.service.ts(276,31): error TS2339: Property 'notificationDeliveryAttempt' does not exist on type 'PrismaMasterService'.
src/notifications/notifications.service.ts(316,44): error TS2339: Property 'user' does not exist on type 'PrismaMasterService'.
src/notifications/notifications.service.ts(393,31): error TS2339: Property 'notificationDeliveryAttempt' does not exist on type 'PrismaMasterService'.
src/notifications/notifications.service.ts(410,31): error TS2339: Property 'notificationDeliveryAttempt' does not exist on type 'PrismaMasterService'.
src/notifications/notifications.service.ts(419,31): error TS2339: Property 'notificationDeliveryAttempt' does not exist on type 'PrismaMasterService'.
src/notifications/notifications.service.ts(446,31): error TS2339: Property 'notificationDeliveryAttempt' does not exist on type 'PrismaMasterService'.
src/notifications/notifications.service.ts(451,31): error TS2339: Property 'notification' does not exist on type 'PrismaMasterService'.
src/notifications/notifications.service.ts(457,31): error TS2339: Property 'notificationDeliveryAttempt' does not exist on type 'PrismaMasterService'.
src/overtime-request/overtime-request.service.ts(60,50): error TS2339: Property 'department' does not exist on type 'PrismaMasterService'.
src/overtime-request/overtime-request.service.ts(78,53): error TS2339: Property 'subDepartment' does not exist on type 'PrismaMasterService'.
src/overtime-request/overtime-request.service.ts(180,27): error TS2339: Property 'department' does not exist on type 'PrismaMasterService'.
src/overtime-request/overtime-request.service.ts(183,27): error TS2339: Property 'subDepartment' does not exist on type 'PrismaMasterService'.
src/overtime-request/overtime-request.service.ts(186,27): error TS2339: Property 'user' does not exist on type 'PrismaMasterService'.
src/overtime-request/overtime-request.service.ts(206,67): error TS2339: Property 'name' does not exist on type '{}'.
src/overtime-request/overtime-request.service.ts(208,65): error TS2339: Property 'name' does not exist on type '{}'.
src/overtime-request/overtime-request.service.ts(219,50): error TS2339: Property 'firstName' does not exist on type '{}'.
src/overtime-request/overtime-request.service.ts(219,101): error TS2339: Property 'lastName' does not exist on type '{}'.
src/overtime-request/overtime-request.service.ts(227,50): error TS2339: Property 'firstName' does not exist on type '{}'.
src/overtime-request/overtime-request.service.ts(227,101): error TS2339: Property 'lastName' does not exist on type '{}'.
src/overtime-request/overtime-request.service.ts(236,26): error TS2339: Property 'firstName' does not exist on type '{}'.
src/overtime-request/overtime-request.service.ts(236,47): error TS2339: Property 'lastName' does not exist on type '{}'.
src/overtime-request/overtime-request.service.ts(286,27): error TS2339: Property 'department' does not exist on type 'PrismaMasterService'.
src/overtime-request/overtime-request.service.ts(290,31): error TS2339: Property 'subDepartment' does not exist on type 'PrismaMasterService'.
src/overtime-request/overtime-request.service.ts(294,27): error TS2339: Property 'user' does not exist on type 'PrismaMasterService'.
src/overtime-request/overtime-request.service.ts(325,56): error TS2339: Property 'firstName' does not exist on type '{}'.
src/overtime-request/overtime-request.service.ts(325,115): error TS2339: Property 'lastName' does not exist on type '{}'.
src/overtime-request/overtime-request.service.ts(333,56): error TS2339: Property 'firstName' does not exist on type '{}'.
src/overtime-request/overtime-request.service.ts(333,115): error TS2339: Property 'lastName' does not exist on type '{}'.
src/payroll/payroll.service.ts(107,25): error TS2339: Property 'salaryBreakup' does not exist on type 'PrismaMasterService'.
src/payroll/payroll.service.ts(188,25): error TS2339: Property 'socialSecurityEmployeeRegistration' does not exist on type 'PrismaMasterService'.
src/payroll/payroll.service.ts(197,25): error TS2339: Property 'workingHoursPolicy' does not exist on type 'PrismaMasterService'.
src/payroll/payroll.service.ts(200,25): error TS2339: Property 'leavesPolicy' does not exist on type 'PrismaMasterService'.
src/payroll/payroll.service.ts(204,25): error TS2339: Property 'allowanceHead' does not exist on type 'PrismaMasterService'.
src/payroll/payroll.service.ts(207,25): error TS2339: Property 'deductionHead' does not exist on type 'PrismaMasterService'.
src/payroll/payroll.service.ts(210,25): error TS2339: Property 'bonusType' does not exist on type 'PrismaMasterService'.
src/payroll/payroll.service.ts(213,25): error TS2339: Property 'rebateNature' does not exist on type 'PrismaMasterService'.
src/payroll/payroll.service.ts(214,25): error TS2339: Property 'holiday' does not exist on type 'PrismaMasterService'.
src/payroll/payroll.service.ts(215,25): error TS2339: Property 'taxSlab' does not exist on type 'PrismaMasterService'.
src/payroll/payroll.service.ts(834,25): error TS2339: Property 'department' does not exist on type 'PrismaMasterService'.
src/payroll/payroll.service.ts(837,25): error TS2339: Property 'designation' does not exist on type 'PrismaMasterService'.
src/payroll/payroll.service.ts(840,25): error TS2339: Property 'user' does not exist on type 'PrismaMasterService'.
src/payroll/payroll.service.ts(881,24): error TS2339: Property 'id' does not exist on type '{}'.
src/payroll/payroll.service.ts(894,24): error TS2339: Property 'id' does not exist on type '{}'.
src/payroll/payroll.service.ts(1102,25): error TS2339: Property 'department' does not exist on type 'PrismaMasterService'.
src/payroll/payroll.service.ts(1105,25): error TS2339: Property 'subDepartment' does not exist on type 'PrismaMasterService'.
src/payroll/payroll.service.ts(1108,25): error TS2339: Property 'designation' does not exist on type 'PrismaMasterService'.
src/payroll/payroll.service.ts(1111,25): error TS2339: Property 'city' does not exist on type 'PrismaMasterService'.
src/payroll/payroll.service.ts(1114,25): error TS2339: Property 'state' does not exist on type 'PrismaMasterService'.
src/payroll/payroll.service.ts(1117,25): error TS2339: Property 'country' does not exist on type 'PrismaMasterService'.
src/payroll/payroll.service.ts(1120,25): error TS2339: Property 'location' does not exist on type 'PrismaMasterService'.
src/payroll/payroll.service.ts(1266,25): error TS2339: Property 'department' does not exist on type 'PrismaMasterService'.
src/payroll/payroll.service.ts(1270,25): error TS2339: Property 'subDepartment' does not exist on type 'PrismaMasterService'.
src/payroll/payroll.service.ts(1309,29): error TS2339: Property 'department' does not exist on type 'PrismaMasterService'.
src/payroll/payroll.service.ts(1314,29): error TS2339: Property 'subDepartment' does not exist on type 'PrismaMasterService'.
src/payroll/payroll.service.ts(1319,29): error TS2339: Property 'designation' does not exist on type 'PrismaMasterService'.
src/payroll/payroll.service.ts(1324,29): error TS2339: Property 'employeeGrade' does not exist on type 'PrismaMasterService'.
src/payroll/payroll.service.ts(1483,52): error TS2339: Property 'eOBI' does not exist on type 'PrismaMasterService'.
src/payroll/payroll.service.ts(1511,50): error TS2339: Property 'providentFund' does not exist on type 'PrismaMasterService'.
src/permission/permission.service.ts(9,24): error TS2339: Property 'permission' does not exist on type 'PrismaMasterService'.
src/pf/pf.service.ts(48,27): error TS2339: Property 'department' does not exist on type 'PrismaMasterService'.
src/pf/pf.service.ts(52,27): error TS2339: Property 'subDepartment' does not exist on type 'PrismaMasterService'.
src/pf/pf.service.ts(56,27): error TS2339: Property 'designation' does not exist on type 'PrismaMasterService'.
src/pf/pf.service.ts(114,55): error TS2339: Property 'name' does not exist on type '{}'.
src/pf/pf.service.ts(118,61): error TS2339: Property 'name' does not exist on type '{}'.
src/pf/pf.service.ts(122,56): error TS2339: Property 'name' does not exist on type '{}'.
src/pf/pf.service.ts(214,42): error TS2339: Property 'department' does not exist on type 'PrismaMasterService'.
src/pf/pf.service.ts(305,27): error TS2339: Property 'user' does not exist on type 'PrismaMasterService'.
src/pf/pf.service.ts(319,27): error TS2339: Property 'department' does not exist on type 'PrismaMasterService'.
src/pf/pf.service.ts(323,27): error TS2339: Property 'subDepartment' does not exist on type 'PrismaMasterService'.
src/queue/processors/upload.processor.ts(357,17): error TS2353: Object literal may only specify known properties, and 'uomId' does not exist in type '(Without<ItemCreateInput, ItemUncheckedCreateInput> & ItemUncheckedCreateInput) | (Without<...> & ItemCreateInput)'.
src/rebate/rebate.service.ts(71,27): error TS2339: Property 'rebateNature' does not exist on type 'PrismaMasterService'.
src/rebate/rebate.service.ts(75,27): error TS2339: Property 'user' does not exist on type 'PrismaMasterService'.
src/rebate/rebate.service.ts(90,27): error TS2339: Property 'department' does not exist on type 'PrismaMasterService'.
src/rebate/rebate.service.ts(94,27): error TS2339: Property 'subDepartment' does not exist on type 'PrismaMasterService'.
src/rebate/rebate.service.ts(160,27): error TS2339: Property 'rebateNature' does not exist on type 'PrismaMasterService'.
src/rebate/rebate.service.ts(174,31): error TS2339: Property 'user' does not exist on type 'PrismaMasterService'.
src/rebate/rebate.service.ts(190,33): error TS2339: Property 'department' does not exist on type 'PrismaMasterService'.
src/rebate/rebate.service.ts(196,33): error TS2339: Property 'subDepartment' does not exist on type 'PrismaMasterService'.
src/rebate/rebate.service.ts(243,52): error TS2339: Property 'rebateNature' does not exist on type 'PrismaMasterService'.
src/rebate/rebate.service.ts(295,31): error TS2339: Property 'department' does not exist on type 'PrismaMasterService'.
src/rebate/rebate.service.ts(301,31): error TS2339: Property 'subDepartment' does not exist on type 'PrismaMasterService'.
src/rebate/rebate.service.ts(386,48): error TS2339: Property 'rebateNature' does not exist on type 'PrismaMasterService'.
src/rebate/rebate.service.ts(393,48): error TS2339: Property 'rebateNature' does not exist on type 'PrismaMasterService'.
src/rebate/rebate.service.ts(451,31): error TS2339: Property 'department' does not exist on type 'PrismaMasterService'.
src/rebate/rebate.service.ts(457,31): error TS2339: Property 'subDepartment' does not exist on type 'PrismaMasterService'.
src/request-forwarding/request-forwarding.service.ts(56,25): error TS2339: Property 'department' does not exist on type 'PrismaMasterService'.
src/request-forwarding/request-forwarding.service.ts(60,25): error TS2339: Property 'subDepartment' does not exist on type 'PrismaMasterService'.
src/request-forwarding/request-forwarding.service.ts(64,25): error TS2339: Property 'user' does not exist on type 'PrismaMasterService'.
src/request-forwarding/request-forwarding.service.ts(139,25): error TS2339: Property 'department' does not exist on type 'PrismaMasterService'.
src/request-forwarding/request-forwarding.service.ts(143,25): error TS2339: Property 'subDepartment' does not exist on type 'PrismaMasterService'.
src/request-forwarding/request-forwarding.service.ts(147,25): error TS2339: Property 'user' does not exist on type 'PrismaMasterService'.
src/request-forwarding/request-forwarding.service.ts(334,25): error TS2339: Property 'department' does not exist on type 'PrismaMasterService'.
src/request-forwarding/request-forwarding.service.ts(338,25): error TS2339: Property 'subDepartment' does not exist on type 'PrismaMasterService'.
src/request-forwarding/request-forwarding.service.ts(556,25): error TS2339: Property 'department' does not exist on type 'PrismaMasterService'.
src/request-forwarding/request-forwarding.service.ts(560,25): error TS2339: Property 'subDepartment' does not exist on type 'PrismaMasterService'.
src/role/role.service.ts(15,46): error TS2339: Property 'role' does not exist on type 'PrismaMasterService'.
src/role/role.service.ts(25,30): error TS2339: Property 'role' does not exist on type 'PrismaMasterService'.
src/role/role.service.ts(47,30): error TS2339: Property 'role' does not exist on type 'PrismaMasterService'.
src/role/role.service.ts(63,42): error TS2339: Property 'role' does not exist on type 'PrismaMasterService'.
src/role/role.service.ts(82,42): error TS2339: Property 'role' does not exist on type 'PrismaMasterService'.
src/role/role.service.ts(92,31): error TS2339: Property 'rolePermission' does not exist on type 'PrismaMasterService'.
src/role/role.service.ts(97,30): error TS2339: Property 'role' does not exist on type 'PrismaMasterService'.
src/role/role.service.ts(120,42): error TS2339: Property 'role' does not exist on type 'PrismaMasterService'.
src/role/role.service.ts(137,30): error TS2339: Property 'role' does not exist on type 'PrismaMasterService'.
src/upload/upload.service.ts(49,44): error TS2339: Property 'fileUpload' does not exist on type 'PrismaMasterService'.
src/upload/upload.service.ts(94,30): error TS2339: Property 'fileUpload' does not exist on type 'PrismaMasterService'.
src/upload/upload.service.ts(108,30): error TS2339: Property 'fileUpload' does not exist on type 'PrismaMasterService'.
src/upload/upload.service.ts(112,42): error TS2339: Property 'fileUpload' does not exist on type 'PrismaMasterService'.
src/upload/upload.service.ts(125,42): error TS2339: Property 'fileUpload' does not exist on type 'PrismaMasterService'.
src/upload/upload.service.ts(140,29): error TS2339: Property 'fileUpload' does not exist on type 'PrismaMasterService'.
src/user-preferences/user-preferences.service.ts(10,50): error TS2339: Property 'userPreference' does not exist on type 'PrismaMasterService'.
src/user-preferences/user-preferences.service.ts(31,50): error TS2339: Property 'userPreference' does not exist on type 'PrismaMasterService'.
src/user/user.service.ts(20,46): error TS2339: Property 'user' does not exist on type 'PrismaMasterService'.
src/user/user.service.ts(29,60): error TS2339: Property 'user' does not exist on type 'PrismaMasterService'.
src/user/user.service.ts(41,42): error TS2339: Property 'user' does not exist on type 'PrismaMasterService'.
src/user/user.service.ts(67,29): error TS2339: Property 'department' does not exist on type 'PrismaMasterService'.
src/user/user.service.ts(71,29): error TS2339: Property 'designation' does not exist on type 'PrismaMasterService'.
src/user/user.service.ts(91,43): error TS2339: Property 'user' does not exist on type 'PrismaMasterService'.
src/user/user.service.ts(120,27): error TS2339: Property 'department' does not exist on type 'PrismaMasterService'.
src/user/user.service.ts(124,27): error TS2339: Property 'designation' does not exist on type 'PrismaMasterService'.
src/user/user.service.ts(154,42): error TS2339: Property 'user' does not exist on type 'PrismaMasterService'.
src/user/user.service.ts(179,29): error TS2339: Property 'department' does not exist on type 'PrismaMasterService'.
src/user/user.service.ts(183,29): error TS2339: Property 'designation' does not exist on type 'PrismaMasterService'.
src/user/user.service.ts(203,42): error TS2339: Property 'user' does not exist on type 'PrismaMasterService'.
src/user/user.service.ts(215,30): error TS2339: Property 'user' does not exist on type 'PrismaMasterService'.
src/working-hours-policy/working-hours-policy.service.ts(15,43): error TS2339: Property 'workingHoursPolicy' does not exist on type 'PrismaMasterService'.
src/working-hours-policy/working-hours-policy.service.ts(22,42): error TS2339: Property 'workingHoursPolicy' does not exist on type 'PrismaMasterService'.
src/working-hours-policy/working-hours-policy.service.ts(36,33): error TS2339: Property 'workingHoursPolicy' does not exist on type 'PrismaMasterService'.
src/working-hours-policy/working-hours-policy.service.ts(42,47): error TS2339: Property 'workingHoursPolicy' does not exist on type 'PrismaMasterService'.
src/working-hours-policy/working-hours-policy.service.ts(111,48): error TS2339: Property 'workingHoursPolicy' does not exist on type 'PrismaMasterService'.
src/working-hours-policy/working-hours-policy.service.ts(120,33): error TS2339: Property 'workingHoursPolicy' does not exist on type 'PrismaMasterService'.
src/working-hours-policy/working-hours-policy.service.ts(126,47): error TS2339: Property 'workingHoursPolicy' does not exist on type 'PrismaMasterService'.
src/working-hours-policy/working-hours-policy.service.ts(248,48): error TS2339: Property 'workingHoursPolicy' does not exist on type 'PrismaMasterService'.
src/working-hours-policy/working-hours-policy.service.ts(251,47): error TS2339: Property 'workingHoursPolicy' does not exist on type 'PrismaMasterService'.
src/working-hours-policy/working-hours-policy.service.ts(294,48): error TS2339: Property 'workingHoursPolicy' does not exist on type 'PrismaMasterService'.
src/working-hours-policy/working-hours-policy.service.ts(302,31): error TS2339: Property 'workingHoursPolicy' does not exist on type 'PrismaMasterService'.
src/working-hours-policy/working-hours-policy.service.ts(308,47): error TS2339: Property 'workingHoursPolicy' does not exist on type 'PrismaMasterService'.
src/working-hours-policy/working-hours-policy.service.ts(377,46): error TS2339: Property 'workingHoursPolicy' does not exist on type 'PrismaMasterService'.
src/working-hours-policy/working-hours-policy.service.ts(416,44): error TS2339: Property 'workingHoursPolicy' does not exist on type 'PrismaMasterService'.
src/working-hours-policy/working-hours-policy.service.ts(507,46): error TS2339: Property 'workingHoursPolicy' does not exist on type 'PrismaMasterService'.
src/working-hours-policy/working-hours-policy.service.ts(680,46): error TS2339: Property 'workingHoursPolicy' does not exist on type 'PrismaMasterService'.
src/working-hours-policy/working-hours-policy.service.ts(732,46): error TS2339: Property 'workingHoursPolicy' does not exist on type 'PrismaMasterService'.
