check-seed.ts(12,36): error TS2339: Property 'user' does not exist on type 'PrismaClient<{ adapter: PrismaPg; }, never, DefaultArgs>'.
prisma/fix-admin-access.ts(8,36): error TS2339: Property 'role' does not exist on type 'PrismaClient<PrismaClientOptions, never, DefaultArgs>'.
prisma/fix-admin-access.ts(25,41): error TS2339: Property 'permission' does not exist on type 'PrismaClient<PrismaClientOptions, never, DefaultArgs>'.
prisma/fix-admin-access.ts(36,18): error TS2339: Property 'role' does not exist on type 'PrismaClient<PrismaClientOptions, never, DefaultArgs>'.
prisma/seeds/cities.ts(116,33): error TS2339: Property 'country' does not exist on type 'PrismaClient<PrismaClientOptions, never, DefaultArgs>'.
prisma/seeds/cities.ts(127,37): error TS2339: Property 'state' does not exist on type 'PrismaClient<PrismaClientOptions, never, DefaultArgs>'.
prisma/seeds/cities.ts(133,34): error TS2339: Property 'state' does not exist on type 'PrismaClient<PrismaClientOptions, never, DefaultArgs>'.
prisma/seeds/cities.ts(163,37): error TS2339: Property 'city' does not exist on type 'PrismaClient<PrismaClientOptions, never, DefaultArgs>'.
prisma/seeds/cities.ts(168,20): error TS2339: Property 'city' does not exist on type 'PrismaClient<PrismaClientOptions, never, DefaultArgs>'.
prisma/seeds/countries.ts(28,35): error TS2339: Property 'country' does not exist on type 'PrismaClient<PrismaClientOptions, never, DefaultArgs>'.
prisma/seeds/countries.ts(30,20): error TS2339: Property 'country' does not exist on type 'PrismaClient<PrismaClientOptions, never, DefaultArgs>'.
prisma/seeds/countries.ts(43,20): error TS2339: Property 'country' does not exist on type 'PrismaClient<PrismaClientOptions, never, DefaultArgs>'.
prisma/seeds/institutes.ts(176,37): error TS2339: Property 'institute' does not exist on type 'PrismaClient<PrismaClientOptions, never, DefaultArgs>'.
prisma/seeds/institutes.ts(178,20): error TS2339: Property 'institute' does not exist on type 'PrismaClient<PrismaClientOptions, never, DefaultArgs>'.
prisma/seeds/master-data.ts(9,16): error TS2339: Property 'allocation' does not exist on type 'PrismaClient<PrismaClientOptions, never, DefaultArgs>'.
prisma/seeds/master-data.ts(22,37): error TS2339: Property 'allocation' does not exist on type 'PrismaClient<PrismaClientOptions, never, DefaultArgs>'.
prisma/seeds/master-data.ts(31,20): error TS2339: Property 'allocation' does not exist on type 'PrismaClient<PrismaClientOptions, never, DefaultArgs>'.
prisma/seeds/master-data.ts(48,16): error TS2339: Property 'subDepartment' does not exist on type 'PrismaClient<PrismaClientOptions, never, DefaultArgs>'.
prisma/seeds/master-data.ts(49,16): error TS2339: Property 'department' does not exist on type 'PrismaClient<PrismaClientOptions, never, DefaultArgs>'.
prisma/seeds/master-data.ts(51,36): error TS2339: Property 'allocation' does not exist on type 'PrismaClient<PrismaClientOptions, never, DefaultArgs>'.
prisma/seeds/master-data.ts(119,37): error TS2339: Property 'department' does not exist on type 'PrismaClient<PrismaClientOptions, never, DefaultArgs>'.
prisma/seeds/master-data.ts(131,20): error TS2339: Property 'department' does not exist on type 'PrismaClient<PrismaClientOptions, never, DefaultArgs>'.
prisma/seeds/master-data.ts(150,36): error TS2339: Property 'department' does not exist on type 'PrismaClient<PrismaClientOptions, never, DefaultArgs>'.
prisma/seeds/master-data.ts(225,37): error TS2339: Property 'subDepartment' does not exist on type 'PrismaClient<PrismaClientOptions, never, DefaultArgs>'.
prisma/seeds/master-data.ts(232,20): error TS2339: Property 'subDepartment' does not exist on type 'PrismaClient<PrismaClientOptions, never, DefaultArgs>'.
prisma/seeds/master-data.ts(252,18): error TS2339: Property 'designation' does not exist on type 'PrismaClient<PrismaClientOptions, never, DefaultArgs>'.
prisma/seeds/master-data.ts(350,37): error TS2339: Property 'designation' does not exist on type 'PrismaClient<PrismaClientOptions, never, DefaultArgs>'.
prisma/seeds/master-data.ts(355,20): error TS2339: Property 'designation' does not exist on type 'PrismaClient<PrismaClientOptions, never, DefaultArgs>'.
prisma/seeds/master-data.ts(381,37): error TS2339: Property 'jobType' does not exist on type 'PrismaClient<PrismaClientOptions, never, DefaultArgs>'.
prisma/seeds/master-data.ts(386,20): error TS2339: Property 'jobType' does not exist on type 'PrismaClient<PrismaClientOptions, never, DefaultArgs>'.
prisma/seeds/master-data.ts(409,37): error TS2339: Property 'maritalStatus' does not exist on type 'PrismaClient<PrismaClientOptions, never, DefaultArgs>'.
prisma/seeds/master-data.ts(416,20): error TS2339: Property 'maritalStatus' does not exist on type 'PrismaClient<PrismaClientOptions, never, DefaultArgs>'.
prisma/seeds/master-data.ts(489,37): error TS2339: Property 'holiday' does not exist on type 'PrismaClient<PrismaClientOptions, never, DefaultArgs>'.
prisma/seeds/master-data.ts(496,20): error TS2339: Property 'holiday' does not exist on type 'PrismaClient<PrismaClientOptions, never, DefaultArgs>'.
prisma/seeds/master-data.ts(519,18): error TS2339: Property 'location' does not exist on type 'PrismaClient<PrismaClientOptions, never, DefaultArgs>'.
prisma/seeds/master-data.ts(526,33): error TS2339: Property 'country' does not exist on type 'PrismaClient<PrismaClientOptions, never, DefaultArgs>'.
prisma/seeds/master-data.ts(532,31): error TS2339: Property 'city' does not exist on type 'PrismaClient<PrismaClientOptions, never, DefaultArgs>'.
prisma/seeds/master-data.ts(539,32): error TS2339: Property 'city' does not exist on type 'PrismaClient<PrismaClientOptions, never, DefaultArgs>'.
prisma/seeds/master-data.ts(546,34): error TS2339: Property 'city' does not exist on type 'PrismaClient<PrismaClientOptions, never, DefaultArgs>'.
prisma/seeds/master-data.ts(553,35): error TS2339: Property 'city' does not exist on type 'PrismaClient<PrismaClientOptions, never, DefaultArgs>'.
prisma/seeds/master-data.ts(560,32): error TS2339: Property 'city' does not exist on type 'PrismaClient<PrismaClientOptions, never, DefaultArgs>'.
prisma/seeds/master-data.ts(627,37): error TS2339: Property 'location' does not exist on type 'PrismaClient<PrismaClientOptions, never, DefaultArgs>'.
prisma/seeds/master-data.ts(634,20): error TS2339: Property 'location' does not exist on type 'PrismaClient<PrismaClientOptions, never, DefaultArgs>'.
prisma/seeds/master-data.ts(677,37): error TS2339: Property 'leaveType' does not exist on type 'PrismaClient<PrismaClientOptions, never, DefaultArgs>'.
prisma/seeds/master-data.ts(683,38): error TS2339: Property 'leaveType' does not exist on type 'PrismaClient<PrismaClientOptions, never, DefaultArgs>'.
prisma/seeds/master-data.ts(708,35): error TS2339: Property 'leaveType' does not exist on type 'PrismaClient<PrismaClientOptions, never, DefaultArgs>'.
prisma/seeds/master-data.ts(760,37): error TS2339: Property 'leavesPolicy' does not exist on type 'PrismaClient<PrismaClientOptions, never, DefaultArgs>'.
prisma/seeds/master-data.ts(768,41): error TS2339: Property 'leavesPolicy' does not exist on type 'PrismaClient<PrismaClientOptions, never, DefaultArgs>'.
prisma/seeds/master-data.ts(785,24): error TS2339: Property 'leavesPolicyLeaveType' does not exist on type 'PrismaClient<PrismaClientOptions, never, DefaultArgs>'.
prisma/seeds/master-data.ts(887,37): error TS2339: Property 'workingHoursPolicy' does not exist on type 'PrismaClient<PrismaClientOptions, never, DefaultArgs>'.
prisma/seeds/master-data.ts(895,20): error TS2339: Property 'workingHoursPolicy' does not exist on type 'PrismaClient<PrismaClientOptions, never, DefaultArgs>'.
prisma/seeds/master-data.ts(962,37): error TS2339: Property 'equipment' does not exist on type 'PrismaClient<PrismaClientOptions, never, DefaultArgs>'.
prisma/seeds/master-data.ts(967,20): error TS2339: Property 'equipment' does not exist on type 'PrismaClient<PrismaClientOptions, never, DefaultArgs>'.
prisma/seeds/master-data.ts(1008,37): error TS2551: Property 'allowanceHead' does not exist on type 'PrismaClient<PrismaClientOptions, never, DefaultArgs>'. Did you mean 'allowance'?
prisma/seeds/master-data.ts(1015,20): error TS2551: Property 'allowanceHead' does not exist on type 'PrismaClient<PrismaClientOptions, never, DefaultArgs>'. Did you mean 'allowance'?
prisma/seeds/master-data.ts(1066,37): error TS2551: Property 'deductionHead' does not exist on type 'PrismaClient<PrismaClientOptions, never, DefaultArgs>'. Did you mean 'deduction'?
prisma/seeds/master-data.ts(1073,20): error TS2551: Property 'deductionHead' does not exist on type 'PrismaClient<PrismaClientOptions, never, DefaultArgs>'. Did you mean 'deduction'?
prisma/seeds/master-data.ts(1119,37): error TS2339: Property 'bonusType' does not exist on type 'PrismaClient<PrismaClientOptions, never, DefaultArgs>'.
prisma/seeds/master-data.ts(1126,20): error TS2339: Property 'bonusType' does not exist on type 'PrismaClient<PrismaClientOptions, never, DefaultArgs>'.
prisma/seeds/master-data.ts(1175,37): error TS2339: Property 'bank' does not exist on type 'PrismaClient<PrismaClientOptions, never, DefaultArgs>'.
prisma/seeds/master-data.ts(1182,20): error TS2339: Property 'bank' does not exist on type 'PrismaClient<PrismaClientOptions, never, DefaultArgs>'.
prisma/seeds/master-data.ts(1218,37): error TS2339: Property 'salaryBreakup' does not exist on type 'PrismaClient<PrismaClientOptions, never, DefaultArgs>'.
prisma/seeds/master-data.ts(1225,20): error TS2339: Property 'salaryBreakup' does not exist on type 'PrismaClient<PrismaClientOptions, never, DefaultArgs>'.
prisma/seeds/master-data.ts(1261,37): error TS2339: Property 'providentFund' does not exist on type 'PrismaClient<PrismaClientOptions, never, DefaultArgs>'.
prisma/seeds/master-data.ts(1268,20): error TS2339: Property 'providentFund' does not exist on type 'PrismaClient<PrismaClientOptions, never, DefaultArgs>'.
prisma/seeds/master-data.ts(1307,37): error TS2339: Property 'loanType' does not exist on type 'PrismaClient<PrismaClientOptions, never, DefaultArgs>'.
prisma/seeds/master-data.ts(1312,20): error TS2339: Property 'loanType' does not exist on type 'PrismaClient<PrismaClientOptions, never, DefaultArgs>'.
prisma/seeds/master-data.ts(1381,37): error TS2339: Property 'taxSlab' does not exist on type 'PrismaClient<PrismaClientOptions, never, DefaultArgs>'.
prisma/seeds/master-data.ts(1392,20): error TS2339: Property 'taxSlab' does not exist on type 'PrismaClient<PrismaClientOptions, never, DefaultArgs>'.
prisma/seeds/master-data.ts(1416,36): error TS2339: Property 'department' does not exist on type 'PrismaClient<PrismaClientOptions, never, DefaultArgs>'.
prisma/seeds/master-data.ts(1419,37): error TS2339: Property 'designation' does not exist on type 'PrismaClient<PrismaClientOptions, never, DefaultArgs>'.
prisma/seeds/master-data.ts(1420,39): error TS2339: Property 'employeeGrade' does not exist on type 'PrismaClient<PrismaClientOptions, never, DefaultArgs>'.
prisma/seeds/master-data.ts(1421,41): error TS2339: Property 'employeeStatus' does not exist on type 'PrismaClient<PrismaClientOptions, never, DefaultArgs>'.
prisma/seeds/master-data.ts(1422,40): error TS2339: Property 'maritalStatus' does not exist on type 'PrismaClient<PrismaClientOptions, never, DefaultArgs>'.
prisma/seeds/master-data.ts(1423,34): error TS2339: Property 'location' does not exist on type 'PrismaClient<PrismaClientOptions, never, DefaultArgs>'.
prisma/seeds/master-data.ts(1424,45): error TS2339: Property 'workingHoursPolicy' does not exist on type 'PrismaClient<PrismaClientOptions, never, DefaultArgs>'.
prisma/seeds/master-data.ts(1425,39): error TS2339: Property 'leavesPolicy' does not exist on type 'PrismaClient<PrismaClientOptions, never, DefaultArgs>'.
prisma/seeds/master-data.ts(1426,35): error TS2339: Property 'equipment' does not exist on type 'PrismaClient<PrismaClientOptions, never, DefaultArgs>'.
prisma/seeds/master-data.ts(1427,33): error TS2339: Property 'country' does not exist on type 'PrismaClient<PrismaClientOptions, never, DefaultArgs>'.
prisma/seeds/master-data.ts(1437,20): error TS2339: Property 'state' does not exist on type 'PrismaClient<PrismaClientOptions, never, DefaultArgs>'.
prisma/seeds/master-data.ts(1442,20): error TS2339: Property 'state' does not exist on type 'PrismaClient<PrismaClientOptions, never, DefaultArgs>'.
prisma/seeds/master-data.ts(1447,20): error TS2339: Property 'city' does not exist on type 'PrismaClient<PrismaClientOptions, never, DefaultArgs>'.
prisma/seeds/master-data.ts(1452,20): error TS2339: Property 'city' does not exist on type 'PrismaClient<PrismaClientOptions, never, DefaultArgs>'.
prisma/seeds/master-data.ts(1457,20): error TS2339: Property 'city' does not exist on type 'PrismaClient<PrismaClientOptions, never, DefaultArgs>'.
prisma/seeds/master-data.ts(1464,20): error TS2339: Property 'city' does not exist on type 'PrismaClient<PrismaClientOptions, never, DefaultArgs>'.
prisma/seeds/master-data.ts(1467,20): error TS2339: Property 'city' does not exist on type 'PrismaClient<PrismaClientOptions, never, DefaultArgs>'.
prisma/seeds/master-data.ts(1971,37): error TS2339: Property 'rebateNature' does not exist on type 'PrismaClient<PrismaClientOptions, never, DefaultArgs>'.
prisma/seeds/master-data.ts(1977,24): error TS2339: Property 'rebateNature' does not exist on type 'PrismaClient<PrismaClientOptions, never, DefaultArgs>'.
prisma/seeds/master-data.ts(1989,20): error TS2339: Property 'rebateNature' does not exist on type 'PrismaClient<PrismaClientOptions, never, DefaultArgs>'.
prisma/seeds/qualifications.ts(42,37): error TS2339: Property 'qualification' does not exist on type 'PrismaClient<PrismaClientOptions, never, DefaultArgs>'.
prisma/seeds/qualifications.ts(44,20): error TS2339: Property 'qualification' does not exist on type 'PrismaClient<PrismaClientOptions, never, DefaultArgs>'.
prisma/seeds/rebate-natures.ts(146,37): error TS2339: Property 'rebateNature' does not exist on type 'PrismaClient<PrismaClientOptions, never, DefaultArgs>'.
prisma/seeds/rebate-natures.ts(152,24): error TS2339: Property 'rebateNature' does not exist on type 'PrismaClient<PrismaClientOptions, never, DefaultArgs>'.
prisma/seeds/rebate-natures.ts(163,20): error TS2339: Property 'rebateNature' does not exist on type 'PrismaClient<PrismaClientOptions, never, DefaultArgs>'.
prisma/seeds/rebate-natures.ts(184,37): error TS2339: Property 'rebateNature' does not exist on type 'PrismaClient<PrismaClientOptions, never, DefaultArgs>'.
prisma/seeds/rebate-natures.ts(190,24): error TS2339: Property 'rebateNature' does not exist on type 'PrismaClient<PrismaClientOptions, never, DefaultArgs>'.
prisma/seeds/rebate-natures.ts(202,20): error TS2339: Property 'rebateNature' does not exist on type 'PrismaClient<PrismaClientOptions, never, DefaultArgs>'.
src/activity-logs/activity-logs.service.ts(62,19): error TS2339: Property 'activityLog' does not exist on type 'PrismaService'.
src/activity-logs/activity-logs.service.ts(78,19): error TS2339: Property 'activityLog' does not exist on type 'PrismaService'.
src/activity-logs/activity-logs.service.ts(108,40): error TS2339: Property 'user' does not exist on type 'PrismaService'.
src/activity-logs/activity-logs.service.ts(121,39): error TS2339: Property 'activityLog' does not exist on type 'PrismaService'.
src/admin/company/company.service.ts(29,7): error TS2322: Type '{ name: string; code: string; dbName: string; status: string; }' is not assignable to type '(Without<CompanyCreateInput, CompanyUncheckedCreateInput> & CompanyUncheckedCreateInput) | (Without<...> & CompanyCreateInput)'.
  Type '{ name: string; code: string; dbName: string; status: string; }' is not assignable to type 'Without<CompanyUncheckedCreateInput, CompanyCreateInput> & CompanyCreateInput'.
    Property 'tenant' is missing in type '{ name: string; code: string; dbName: string; status: string; }' but required in type 'CompanyCreateInput'.
src/advance-salary/advance-salary.service.ts(59,44): error TS2339: Property 'department' does not exist on type 'PrismaService'.
src/advance-salary/advance-salary.service.ts(77,47): error TS2339: Property 'subDepartment' does not exist on type 'PrismaService'.
src/advance-salary/advance-salary.service.ts(151,15): error TS2561: Object literal may only specify known properties, but 'department' does not exist in type 'EmployeeSelect<DefaultArgs>'. Did you mean to write 'departmentId'?
src/advance-salary/advance-salary.service.ts(218,15): error TS2561: Object literal may only specify known properties, but 'department' does not exist in type 'EmployeeSelect<DefaultArgs>'. Did you mean to write 'departmentId'?
src/allocation/allocation.service.ts(17,41): error TS2339: Property 'allocation' does not exist on type 'PrismaService'.
src/allocation/allocation.service.ts(67,40): error TS2339: Property 'allocation' does not exist on type 'PrismaService'.
src/allocation/allocation.service.ts(112,37): error TS2339: Property 'allocation' does not exist on type 'PrismaService'.
src/allocation/allocation.service.ts(127,42): error TS2339: Property 'allocation' does not exist on type 'PrismaService'.
src/allocation/allocation.service.ts(152,42): error TS2339: Property 'allocation' does not exist on type 'PrismaService'.
src/allocation/allocation.service.ts(157,41): error TS2339: Property 'allocation' does not exist on type 'PrismaService'.
src/allocation/allocation.service.ts(206,42): error TS2339: Property 'allocation' does not exist on type 'PrismaService'.
src/allocation/allocation.service.ts(211,41): error TS2339: Property 'allocation' does not exist on type 'PrismaService'.
src/allocation/allocation.service.ts(258,40): error TS2339: Property 'allocation' does not exist on type 'PrismaService'.
src/allocation/allocation.service.ts(307,27): error TS2339: Property 'allocation' does not exist on type 'PrismaService'.
src/allowance-head/allowance-head.service.ts(13,37): error TS2551: Property 'allowanceHead' does not exist on type 'PrismaService'. Did you mean 'allowance'?
src/allowance-head/allowance-head.service.ts(20,36): error TS2551: Property 'allowanceHead' does not exist on type 'PrismaService'. Did you mean 'allowance'?
src/allowance-head/allowance-head.service.ts(36,41): error TS2551: Property 'allowanceHead' does not exist on type 'PrismaService'. Did you mean 'allowance'?
src/allowance-head/allowance-head.service.ts(88,40): error TS2551: Property 'allowanceHead' does not exist on type 'PrismaService'. Did you mean 'allowance'?
src/allowance-head/allowance-head.service.ts(140,42): error TS2551: Property 'allowanceHead' does not exist on type 'PrismaService'. Did you mean 'allowance'?
src/allowance-head/allowance-head.service.ts(159,41): error TS2551: Property 'allowanceHead' does not exist on type 'PrismaService'. Did you mean 'allowance'?
src/allowance-head/allowance-head.service.ts(225,27): error TS2551: Property 'allowanceHead' does not exist on type 'PrismaService'. Did you mean 'allowance'?
src/allowance-head/allowance-head.service.ts(264,42): error TS2551: Property 'allowanceHead' does not exist on type 'PrismaService'. Did you mean 'allowance'?
src/allowance-head/allowance-head.service.ts(267,41): error TS2551: Property 'allowanceHead' does not exist on type 'PrismaService'. Did you mean 'allowance'?
src/allowance-head/allowance-head.service.ts(304,41): error TS2551: Property 'allowanceHead' does not exist on type 'PrismaService'. Did you mean 'allowance'?
src/allowance/allowance.service.ts(57,15): error TS2561: Object literal may only specify known properties, but 'department' does not exist in type 'EmployeeSelect<DefaultArgs>'. Did you mean to write 'departmentId'?
src/allowance/allowance.service.ts(114,15): error TS2561: Object literal may only specify known properties, but 'department' does not exist in type 'EmployeeSelect<DefaultArgs>'. Did you mean to write 'departmentId'?
src/allowance/allowance.service.ts(195,48): error TS2551: Property 'allowanceHead' does not exist on type 'PrismaService'. Did you mean 'allowance'?
src/allowance/allowance.service.ts(326,11): error TS2353: Object literal may only specify known properties, and 'allowanceHead' does not exist in type 'AllowanceInclude<DefaultArgs>'.
src/allowance/allowance.service.ts(463,48): error TS2551: Property 'allowanceHead' does not exist on type 'PrismaService'. Did you mean 'allowance'?
src/allowance/allowance.service.ts(483,47): error TS2551: Property 'allowanceHead' does not exist on type 'PrismaService'. Did you mean 'allowance'?
src/attendance-exemption/attendance-exemption.service.ts(52,44): error TS2339: Property 'department' does not exist on type 'PrismaService'.
src/attendance-exemption/attendance-exemption.service.ts(70,47): error TS2339: Property 'subDepartment' does not exist on type 'PrismaService'.
src/attendance-exemption/attendance-exemption.service.ts(123,43): error TS2339: Property 'department' does not exist on type 'PrismaService'.
src/attendance-exemption/attendance-exemption.service.ts(126,44): error TS2339: Property 'designation' does not exist on type 'PrismaService'.
src/attendance-exemption/attendance-exemption.service.ts(178,27): error TS2339: Property 'department' does not exist on type 'PrismaService'.
src/attendance-exemption/attendance-exemption.service.ts(192,27): error TS2339: Property 'designation' does not exist on type 'PrismaService'.
src/attendance-request-query/attendance-request-query.service.ts(52,44): error TS2339: Property 'department' does not exist on type 'PrismaService'.
src/attendance-request-query/attendance-request-query.service.ts(70,47): error TS2339: Property 'subDepartment' does not exist on type 'PrismaService'.
src/attendance-request-query/attendance-request-query.service.ts(122,43): error TS2339: Property 'department' does not exist on type 'PrismaService'.
src/attendance-request-query/attendance-request-query.service.ts(125,44): error TS2339: Property 'designation' does not exist on type 'PrismaService'.
src/attendance-request-query/attendance-request-query.service.ts(177,27): error TS2339: Property 'department' does not exist on type 'PrismaService'.
src/attendance-request-query/attendance-request-query.service.ts(189,27): error TS2339: Property 'designation' does not exist on type 'PrismaService'.
src/attendance/attendance.service.ts(101,11): error TS2353: Object literal may only specify known properties, and 'workingHoursPolicy' does not exist in type 'WorkingHoursPolicyAssignmentInclude<DefaultArgs>'.
src/attendance/attendance.service.ts(107,36): error TS2551: Property 'workingHoursPolicy' does not exist on type '{ id: string; createdById: string | null; createdAt: Date; updatedAt: Date; employeeId: string; notes: string | null; workingHoursPolicyId: string; startDate: Date; endDate: Date; }'. Did you mean 'workingHoursPolicyId'?
src/attendance/attendance.service.ts(110,34): error TS2339: Property 'workingHoursPolicy' does not exist on type 'PrismaService'.
src/attendance/attendance.service.ts(388,42): error TS2339: Property 'holiday' does not exist on type 'PrismaService'.
src/attendance/attendance.service.ts(1007,45): error TS2339: Property 'holiday' does not exist on type 'PrismaService'.
src/attendance/attendance.service.ts(1029,17): error TS2353: Object literal may only specify known properties, and 'workingHoursPolicy' does not exist in type 'WorkingHoursPolicyAssignmentInclude<DefaultArgs>'.
src/attendance/attendance.service.ts(1041,42): error TS2551: Property 'workingHoursPolicy' does not exist on type '{ id: string; createdById: string | null; createdAt: Date; updatedAt: Date; employeeId: string; notes: string | null; workingHoursPolicyId: string; startDate: Date; endDate: Date; }'. Did you mean 'workingHoursPolicyId'?
src/attendance/attendance.service.ts(1043,40): error TS2339: Property 'workingHoursPolicy' does not exist on type 'PrismaService'.
src/attendance/attendance.service.ts(1259,11): error TS2353: Object literal may only specify known properties, and 'department' does not exist in type 'EmployeeInclude<DefaultArgs>'.
src/attendance/attendance.service.ts(1285,45): error TS2339: Property 'holiday' does not exist on type 'PrismaService'.
src/attendance/attendance.service.ts(1477,24): error TS2551: Property 'workingHoursPolicy' does not exist on type '{ id: string; createdAt: Date; updatedAt: Date; employeeId: string; status: string; userId: string | null; employeeName: string; fatherHusbandName: string; departmentId: string; ... 48 more ...; socialSecurityInstitutionId: string | null; }'. Did you mean 'workingHoursPolicyId'?
src/attendance/attendance.service.ts(1600,20): error TS2551: Property 'workingHoursPolicy' does not exist on type '{ id: string; createdAt: Date; updatedAt: Date; employeeId: string; status: string; userId: string | null; employeeName: string; fatherHusbandName: string; departmentId: string; ... 48 more ...; socialSecurityInstitutionId: string | null; }'. Did you mean 'workingHoursPolicyId'?
src/attendance/attendance.service.ts(1612,36): error TS2551: Property 'department' does not exist on type '{ id: string; createdAt: Date; updatedAt: Date; employeeId: string; status: string; userId: string | null; employeeName: string; fatherHusbandName: string; departmentId: string; ... 48 more ...; socialSecurityInstitutionId: string | null; }'. Did you mean 'departmentId'?
src/attendance/attendance.service.ts(1614,39): error TS2551: Property 'subDepartment' does not exist on type '{ id: string; createdAt: Date; updatedAt: Date; employeeId: string; status: string; userId: string | null; employeeName: string; fatherHusbandName: string; departmentId: string; ... 48 more ...; socialSecurityInstitutionId: string | null; }'. Did you mean 'subDepartmentId'?
src/attendance/attendance.service.ts(1616,37): error TS2551: Property 'designation' does not exist on type '{ id: string; createdAt: Date; updatedAt: Date; employeeId: string; status: string; userId: string | null; employeeName: string; fatherHusbandName: string; departmentId: string; ... 48 more ...; socialSecurityInstitutionId: string | null; }'. Did you mean 'designationId'?
src/auth/auth.service.ts(32,36): error TS2339: Property 'user' does not exist on type 'PrismaService'.
src/auth/auth.service.ts(70,23): error TS2339: Property 'refreshToken' does not exist on type 'PrismaService'.
src/auth/auth.service.ts(80,23): error TS2339: Property 'session' does not exist on type 'PrismaService'.
src/auth/auth.service.ts(93,23): error TS2339: Property 'loginHistory' does not exist on type 'PrismaService'.
src/auth/auth.service.ts(123,40): error TS2339: Property 'refreshToken' does not exist on type 'PrismaService'.
src/auth/auth.service.ts(139,38): error TS2339: Property 'user' does not exist on type 'PrismaService'.
src/auth/auth.service.ts(171,18): error TS2339: Property 'refreshToken' does not exist on type 'Omit<PrismaClient<PrismaClientOptions, never, DefaultArgs>, "$connect" | "$disconnect" | "$on" | "$transaction" | "$extends">'.
src/auth/auth.service.ts(177,18): error TS2339: Property 'refreshToken' does not exist on type 'Omit<PrismaClient<PrismaClientOptions, never, DefaultArgs>, "$connect" | "$disconnect" | "$on" | "$transaction" | "$extends">'.
src/auth/auth.service.ts(187,42): error TS2339: Property 'session' does not exist on type 'Omit<PrismaClient<PrismaClientOptions, never, DefaultArgs>, "$connect" | "$disconnect" | "$on" | "$transaction" | "$extends">'.
src/auth/auth.service.ts(194,20): error TS2339: Property 'session' does not exist on type 'Omit<PrismaClient<PrismaClientOptions, never, DefaultArgs>, "$connect" | "$disconnect" | "$on" | "$transaction" | "$extends">'.
src/auth/auth.service.ts(206,20): error TS2339: Property 'session' does not exist on type 'Omit<PrismaClient<PrismaClientOptions, never, DefaultArgs>, "$connect" | "$disconnect" | "$on" | "$transaction" | "$extends">'.
src/auth/auth.service.ts(233,36): error TS2339: Property 'user' does not exist on type 'PrismaService'.
src/auth/auth.service.ts(280,41): error TS2339: Property 'session' does not exist on type 'PrismaService'.
src/auth/auth.service.ts(285,27): error TS2339: Property 'session' does not exist on type 'PrismaService'.
src/auth/auth.service.ts(295,25): error TS2339: Property 'session' does not exist on type 'PrismaService'.
src/auth/auth.service.ts(299,25): error TS2339: Property 'refreshToken' does not exist on type 'PrismaService'.
src/auth/auth.service.ts(308,36): error TS2339: Property 'user' does not exist on type 'PrismaService'.
src/auth/auth.service.ts(326,41): error TS2339: Property 'session' does not exist on type 'PrismaService'.
src/auth/auth.service.ts(344,27): error TS2339: Property 'session' does not exist on type 'PrismaService'.
src/auth/auth.service.ts(357,25): error TS2339: Property 'session' does not exist on type 'PrismaService'.
src/auth/auth.service.ts(366,46): error TS2339: Property 'session' does not exist on type 'PrismaService'.
src/auth/auth.service.ts(397,36): error TS2339: Property 'user' does not exist on type 'PrismaService'.
src/auth/auth.service.ts(410,23): error TS2339: Property 'user' does not exist on type 'PrismaService'.
src/auth/auth.service.ts(432,36): error TS2339: Property 'user' does not exist on type 'PrismaService'.
src/auth/auth.service.ts(452,40): error TS2339: Property 'session' does not exist on type 'PrismaService'.
src/auth/auth.service.ts(473,39): error TS2339: Property 'session' does not exist on type 'PrismaService'.
src/auth/auth.service.ts(478,23): error TS2339: Property 'session' does not exist on type 'PrismaService'.
src/auth/auth.service.ts(486,36): error TS2339: Property 'loginHistory' does not exist on type 'PrismaService'.
src/auth/auth.service.ts(495,37): error TS2339: Property 'user' does not exist on type 'PrismaService'.
src/auth/auth.service.ts(513,44): error TS2339: Property 'user' does not exist on type 'PrismaService'.
src/auth/auth.service.ts(526,47): error TS2339: Property 'user' does not exist on type 'PrismaService'.
src/auth/auth.service.ts(549,36): error TS2339: Property 'user' does not exist on type 'PrismaService'.
src/auth/auth.service.ts(561,36): error TS2339: Property 'user' does not exist on type 'PrismaService'.
src/auth/auth.service.ts(566,37): error TS2339: Property 'role' does not exist on type 'PrismaService'.
src/auth/auth.service.ts(574,43): error TS2339: Property 'permission' does not exist on type 'PrismaService'.
src/auth/auth.service.ts(581,36): error TS2339: Property 'activityLog' does not exist on type 'PrismaService'.
src/auth/auth.service.ts(598,36): error TS2339: Property 'user' does not exist on type 'PrismaService'.
src/auth/auth.service.ts(628,36): error TS2339: Property 'user' does not exist on type 'PrismaService'.
src/bank/bank.service.ts(13,37): error TS2339: Property 'bank' does not exist on type 'PrismaService'.
src/bank/bank.service.ts(20,36): error TS2339: Property 'bank' does not exist on type 'PrismaService'.
src/bank/bank.service.ts(35,41): error TS2339: Property 'bank' does not exist on type 'PrismaService'.
src/bank/bank.service.ts(85,37): error TS2339: Property 'bank' does not exist on type 'PrismaService'.
src/bank/bank.service.ts(135,42): error TS2339: Property 'bank' does not exist on type 'PrismaService'.
src/bank/bank.service.ts(139,41): error TS2339: Property 'bank' does not exist on type 'PrismaService'.
src/bank/bank.service.ts(189,42): error TS2339: Property 'bank' does not exist on type 'PrismaService'.
src/bank/bank.service.ts(193,25): error TS2339: Property 'bank' does not exist on type 'PrismaService'.
src/bank/bank.service.ts(237,27): error TS2339: Property 'bank' does not exist on type 'PrismaService'.
src/bank/bank.service.ts(283,25): error TS2339: Property 'bank' does not exist on type 'PrismaService'.
src/bonus-type/bonus-type.service.ts(13,37): error TS2339: Property 'bonusType' does not exist on type 'PrismaService'.
src/bonus-type/bonus-type.service.ts(20,36): error TS2339: Property 'bonusType' does not exist on type 'PrismaService'.
src/bonus-type/bonus-type.service.ts(36,41): error TS2339: Property 'bonusType' does not exist on type 'PrismaService'.
src/bonus-type/bonus-type.service.ts(88,37): error TS2339: Property 'bonusType' does not exist on type 'PrismaService'.
src/bonus-type/bonus-type.service.ts(140,42): error TS2339: Property 'bonusType' does not exist on type 'PrismaService'.
src/bonus-type/bonus-type.service.ts(144,41): error TS2339: Property 'bonusType' does not exist on type 'PrismaService'.
src/bonus-type/bonus-type.service.ts(201,42): error TS2339: Property 'bonusType' does not exist on type 'PrismaService'.
src/bonus-type/bonus-type.service.ts(205,25): error TS2339: Property 'bonusType' does not exist on type 'PrismaService'.
src/bonus-type/bonus-type.service.ts(250,27): error TS2339: Property 'bonusType' does not exist on type 'PrismaService'.
src/bonus-type/bonus-type.service.ts(296,25): error TS2339: Property 'bonusType' does not exist on type 'PrismaService'.
src/bonus/bonus.service.ts(63,15): error TS2561: Object literal may only specify known properties, but 'department' does not exist in type 'EmployeeSelect<DefaultArgs>'. Did you mean to write 'departmentId'?
src/bonus/bonus.service.ts(122,15): error TS2561: Object literal may only specify known properties, but 'department' does not exist in type 'EmployeeSelect<DefaultArgs>'. Did you mean to write 'departmentId'?
src/bonus/bonus.service.ts(200,43): error TS2339: Property 'bonusType' does not exist on type 'PrismaService'.
src/bonus/bonus.service.ts(428,11): error TS2353: Object literal may only specify known properties, and 'bonusType' does not exist in type 'BonusInclude<DefaultArgs>'.
src/bonus/bonus.service.ts(540,15): error TS2561: Object literal may only specify known properties, but 'department' does not exist in type 'EmployeeSelect<DefaultArgs>'. Did you mean to write 'departmentId'?
src/city/city.service.ts(20,41): error TS2339: Property 'country' does not exist on type 'PrismaService'.
src/city/city.service.ts(33,38): error TS2339: Property 'state' does not exist on type 'PrismaService'.
src/city/city.service.ts(45,38): error TS2339: Property 'state' does not exist on type 'PrismaService'.
src/city/city.service.ts(58,38): error TS2339: Property 'city' does not exist on type 'PrismaService'.
src/city/city.service.ts(71,38): error TS2339: Property 'city' does not exist on type 'PrismaService'.
src/city/city.service.ts(84,41): error TS2339: Property 'city' does not exist on type 'PrismaService'.
src/city/city.service.ts(144,42): error TS2339: Property 'city' does not exist on type 'PrismaService'.
src/city/city.service.ts(149,41): error TS2339: Property 'city' does not exist on type 'PrismaService'.
src/city/city.service.ts(208,42): error TS2339: Property 'city' does not exist on type 'PrismaService'.
src/city/city.service.ts(213,41): error TS2339: Property 'city' does not exist on type 'PrismaService'.
src/city/city.service.ts(253,42): error TS2339: Property 'city' does not exist on type 'PrismaService'.
src/city/city.service.ts(256,40): error TS2339: Property 'city' does not exist on type 'PrismaService'.
src/city/city.service.ts(305,40): error TS2339: Property 'city' does not exist on type 'PrismaService'.
src/common/guards/permissions.guard.ts(55,36): error TS2339: Property 'role' does not exist on type 'PrismaService'.
src/dashboard/dashboard.service.ts(65,43): error TS2339: Property 'department' does not exist on type 'PrismaService'.
src/dashboard/dashboard.service.ts(104,40): error TS2339: Property 'user' does not exist on type 'PrismaService'.
src/dashboard/dashboard.service.ts(261,47): error TS2339: Property 'holiday' does not exist on type 'PrismaService'.
src/deduction-head/deduction-head.service.ts(13,37): error TS2551: Property 'deductionHead' does not exist on type 'PrismaService'. Did you mean 'deduction'?
src/deduction-head/deduction-head.service.ts(20,36): error TS2551: Property 'deductionHead' does not exist on type 'PrismaService'. Did you mean 'deduction'?
src/deduction-head/deduction-head.service.ts(31,41): error TS2551: Property 'deductionHead' does not exist on type 'PrismaService'. Did you mean 'deduction'?
src/deduction-head/deduction-head.service.ts(70,40): error TS2551: Property 'deductionHead' does not exist on type 'PrismaService'. Did you mean 'deduction'?
src/deduction-head/deduction-head.service.ts(114,42): error TS2551: Property 'deductionHead' does not exist on type 'PrismaService'. Did you mean 'deduction'?
src/deduction-head/deduction-head.service.ts(119,41): error TS2551: Property 'deductionHead' does not exist on type 'PrismaService'. Did you mean 'deduction'?
src/deduction-head/deduction-head.service.ts(166,27): error TS2551: Property 'deductionHead' does not exist on type 'PrismaService'. Did you mean 'deduction'?
src/deduction-head/deduction-head.service.ts(205,42): error TS2551: Property 'deductionHead' does not exist on type 'PrismaService'. Did you mean 'deduction'?
src/deduction-head/deduction-head.service.ts(208,41): error TS2551: Property 'deductionHead' does not exist on type 'PrismaService'. Did you mean 'deduction'?
src/deduction-head/deduction-head.service.ts(245,41): error TS2551: Property 'deductionHead' does not exist on type 'PrismaService'. Did you mean 'deduction'?
src/deduction/deduction.service.ts(55,15): error TS2561: Object literal may only specify known properties, but 'department' does not exist in type 'EmployeeSelect<DefaultArgs>'. Did you mean to write 'departmentId'?
src/deduction/deduction.service.ts(110,15): error TS2561: Object literal may only specify known properties, but 'department' does not exist in type 'EmployeeSelect<DefaultArgs>'. Did you mean to write 'departmentId'?
src/deduction/deduction.service.ts(191,48): error TS2551: Property 'deductionHead' does not exist on type 'PrismaService'. Did you mean 'deduction'?
src/deduction/deduction.service.ts(338,11): error TS2353: Object literal may only specify known properties, and 'deductionHead' does not exist in type 'DeductionInclude<DefaultArgs>'.
src/deduction/deduction.service.ts(475,48): error TS2551: Property 'deductionHead' does not exist on type 'PrismaService'. Did you mean 'deduction'?
src/deduction/deduction.service.ts(495,47): error TS2551: Property 'deductionHead' does not exist on type 'PrismaService'. Did you mean 'deduction'?
src/department/department.service.ts(28,43): error TS2339: Property 'department' does not exist on type 'PrismaService'.
src/department/department.service.ts(53,42): error TS2339: Property 'department' does not exist on type 'PrismaService'.
src/department/department.service.ts(85,45): error TS2339: Property 'department' does not exist on type 'PrismaService'.
src/department/department.service.ts(135,42): error TS2339: Property 'department' does not exist on type 'PrismaService'.
src/department/department.service.ts(138,44): error TS2339: Property 'department' does not exist on type 'PrismaService'.
src/department/department.service.ts(205,46): error TS2339: Property 'department' does not exist on type 'PrismaService'.
src/department/department.service.ts(258,45): error TS2339: Property 'department' does not exist on type 'PrismaService'.
src/department/department.service.ts(304,42): error TS2339: Property 'department' does not exist on type 'PrismaService'.
src/department/department.service.ts(307,44): error TS2339: Property 'department' does not exist on type 'PrismaService'.
src/department/department.service.ts(358,46): error TS2339: Property 'subDepartment' does not exist on type 'PrismaService'.
src/department/department.service.ts(386,46): error TS2339: Property 'subDepartment' does not exist on type 'PrismaService'.
src/department/department.service.ts(417,48): error TS2339: Property 'subDepartment' does not exist on type 'PrismaService'.
src/department/department.service.ts(487,49): error TS2339: Property 'subDepartment' does not exist on type 'PrismaService'.
src/department/department.service.ts(541,42): error TS2339: Property 'subDepartment' does not exist on type 'PrismaService'.
src/department/department.service.ts(544,47): error TS2339: Property 'subDepartment' does not exist on type 'PrismaService'.
src/department/department.service.ts(598,48): error TS2339: Property 'subDepartment' does not exist on type 'PrismaService'.
src/department/department.service.ts(645,42): error TS2339: Property 'subDepartment' does not exist on type 'PrismaService'.
src/department/department.service.ts(648,47): error TS2339: Property 'subDepartment' does not exist on type 'PrismaService'.
src/designation/designation.service.ts(13,37): error TS2339: Property 'designation' does not exist on type 'PrismaService'.
src/designation/designation.service.ts(20,36): error TS2339: Property 'designation' does not exist on type 'PrismaService'.
src/designation/designation.service.ts(30,41): error TS2339: Property 'designation' does not exist on type 'PrismaService'.
src/designation/designation.service.ts(77,40): error TS2339: Property 'designation' does not exist on type 'PrismaService'.
src/designation/designation.service.ts(128,42): error TS2339: Property 'designation' does not exist on type 'PrismaService'.
src/designation/designation.service.ts(131,41): error TS2339: Property 'designation' does not exist on type 'PrismaService'.
src/designation/designation.service.ts(182,27): error TS2339: Property 'designation' does not exist on type 'PrismaService'.
src/designation/designation.service.ts(229,42): error TS2339: Property 'designation' does not exist on type 'PrismaService'.
src/designation/designation.service.ts(232,41): error TS2339: Property 'designation' does not exist on type 'PrismaService'.
src/designation/designation.service.ts(277,41): error TS2339: Property 'designation' does not exist on type 'PrismaService'.
src/employee-grade/employee-grade.service.ts(9,37): error TS2339: Property 'employeeGrade' does not exist on type 'PrismaService'.
src/employee-grade/employee-grade.service.ts(16,36): error TS2339: Property 'employeeGrade' does not exist on type 'PrismaService'.
src/employee-grade/employee-grade.service.ts(26,38): error TS2339: Property 'employeeGrade' does not exist on type 'PrismaService'.
src/employee-grade/employee-grade.service.ts(48,38): error TS2339: Property 'employeeGrade' does not exist on type 'PrismaService'.
src/employee-grade/employee-grade.service.ts(68,25): error TS2339: Property 'employeeGrade' does not exist on type 'PrismaService'.
src/employee-grade/employee-grade.service.ts(92,25): error TS2339: Property 'employeeGrade' does not exist on type 'PrismaService'.
src/employee-status/employee-status.service.ts(9,37): error TS2339: Property 'employeeStatus' does not exist on type 'PrismaService'.
src/employee-status/employee-status.service.ts(16,36): error TS2339: Property 'employeeStatus' does not exist on type 'PrismaService'.
src/employee-status/employee-status.service.ts(26,38): error TS2339: Property 'employeeStatus' does not exist on type 'PrismaService'.
src/employee-status/employee-status.service.ts(48,38): error TS2339: Property 'employeeStatus' does not exist on type 'PrismaService'.
src/employee-status/employee-status.service.ts(68,25): error TS2339: Property 'employeeStatus' does not exist on type 'PrismaService'.
src/employee-status/employee-status.service.ts(92,25): error TS2339: Property 'employeeStatus' does not exist on type 'PrismaService'.
src/employee/transfer/transfer.service.ts(62,17): error TS2353: Object literal may only specify known properties, and 'previousLocation' does not exist in type 'EmployeeTransferHistoryInclude<DefaultArgs>'.
src/eobi/eobi.service.ts(13,37): error TS2339: Property 'eOBI' does not exist on type 'PrismaService'.
src/eobi/eobi.service.ts(20,36): error TS2339: Property 'eOBI' does not exist on type 'PrismaService'.
src/eobi/eobi.service.ts(39,41): error TS2339: Property 'eOBI' does not exist on type 'PrismaService'.
src/eobi/eobi.service.ts(97,37): error TS2339: Property 'eOBI' does not exist on type 'PrismaService'.
src/eobi/eobi.service.ts(155,42): error TS2339: Property 'eOBI' does not exist on type 'PrismaService'.
src/eobi/eobi.service.ts(157,41): error TS2339: Property 'eOBI' does not exist on type 'PrismaService'.
src/eobi/eobi.service.ts(218,42): error TS2339: Property 'eOBI' does not exist on type 'PrismaService'.
src/eobi/eobi.service.ts(220,25): error TS2339: Property 'eOBI' does not exist on type 'PrismaService'.
src/eobi/eobi.service.ts(257,25): error TS2339: Property 'eOBI' does not exist on type 'PrismaService'.
src/eobi/eobi.service.ts(303,27): error TS2339: Property 'eOBI' does not exist on type 'PrismaService'.
src/equipment/equipment.service.ts(13,37): error TS2339: Property 'equipment' does not exist on type 'PrismaService'.
src/equipment/equipment.service.ts(20,36): error TS2339: Property 'equipment' does not exist on type 'PrismaService'.
src/equipment/equipment.service.ts(30,41): error TS2339: Property 'equipment' does not exist on type 'PrismaService'.
src/equipment/equipment.service.ts(73,42): error TS2339: Property 'equipment' does not exist on type 'PrismaService'.
src/equipment/equipment.service.ts(76,41): error TS2339: Property 'equipment' does not exist on type 'PrismaService'.
src/equipment/equipment.service.ts(120,42): error TS2339: Property 'equipment' does not exist on type 'PrismaService'.
src/equipment/equipment.service.ts(123,41): error TS2339: Property 'equipment' does not exist on type 'PrismaService'.
src/equipment/equipment.service.ts(161,40): error TS2339: Property 'equipment' does not exist on type 'PrismaService'.
src/equipment/equipment.service.ts(206,44): error TS2339: Property 'equipment' does not exist on type 'PrismaService'.
src/equipment/equipment.service.ts(209,27): error TS2339: Property 'equipment' does not exist on type 'PrismaService'.
src/equipment/equipment.service.ts(253,42): error TS2339: Property 'equipment' does not exist on type 'PrismaService'.
src/equipment/equipment.service.ts(256,40): error TS2339: Property 'equipment' does not exist on type 'PrismaService'.
src/exit-clearance/exit-clearance.service.ts(18,43): error TS2339: Property 'department' does not exist on type 'PrismaService'.
src/exit-clearance/exit-clearance.service.ts(21,44): error TS2339: Property 'designation' does not exist on type 'PrismaService'.
src/exit-clearance/exit-clearance.service.ts(53,27): error TS2339: Property 'department' does not exist on type 'PrismaService'.
src/exit-clearance/exit-clearance.service.ts(67,27): error TS2339: Property 'designation' does not exist on type 'PrismaService'.
src/holiday/holiday.service.ts(4,10): error TS2305: Module '"@prisma/client"' has no exported member 'Holiday'.
src/holiday/holiday.service.ts(14,37): error TS2339: Property 'holiday' does not exist on type 'PrismaService'.
src/holiday/holiday.service.ts(43,36): error TS2339: Property 'holiday' does not exist on type 'PrismaService'.
src/holiday/holiday.service.ts(85,41): error TS2339: Property 'holiday' does not exist on type 'PrismaService'.
src/holiday/holiday.service.ts(149,42): error TS2339: Property 'holiday' does not exist on type 'PrismaService'.
src/holiday/holiday.service.ts(198,41): error TS2339: Property 'holiday' does not exist on type 'PrismaService'.
src/holiday/holiday.service.ts(261,42): error TS2339: Property 'holiday' does not exist on type 'PrismaService'.
src/holiday/holiday.service.ts(266,41): error TS2339: Property 'holiday' does not exist on type 'PrismaService'.
src/holiday/holiday.service.ts(336,43): error TS2339: Property 'holiday' does not exist on type 'PrismaService'.
src/holiday/holiday.service.ts(407,44): error TS2339: Property 'holiday' does not exist on type 'PrismaService'.
src/holiday/holiday.service.ts(433,27): error TS2339: Property 'holiday' does not exist on type 'PrismaService'.
src/holiday/holiday.service.ts(478,42): error TS2339: Property 'holiday' does not exist on type 'PrismaService'.
src/holiday/holiday.service.ts(481,40): error TS2339: Property 'holiday' does not exist on type 'PrismaService'.
src/increment/increment.service.ts(46,15): error TS2561: Object literal may only specify known properties, but 'department' does not exist in type 'EmployeeSelect<DefaultArgs>'. Did you mean to write 'departmentId'?
src/increment/increment.service.ts(90,33): error TS2551: Property 'employee' does not exist on type '{ id: string; createdById: string | null; createdAt: Date; updatedAt: Date; employeeId: string; status: string; notes: string | null; updatedById: string | null; employeeGradeId: string | null; ... 8 more ...; monthsOfIncrement: number; }'. Did you mean 'employeeId'?
src/increment/increment.service.ts(91,33): error TS2551: Property 'employee' does not exist on type '{ id: string; createdById: string | null; createdAt: Date; updatedAt: Date; employeeId: string; status: string; notes: string | null; updatedById: string | null; employeeGradeId: string | null; ... 8 more ...; monthsOfIncrement: number; }'. Did you mean 'employeeId'?
src/increment/increment.service.ts(93,38): error TS2551: Property 'employeeGrade' does not exist on type '{ id: string; createdById: string | null; createdAt: Date; updatedAt: Date; employeeId: string; status: string; notes: string | null; updatedById: string | null; employeeGradeId: string | null; ... 8 more ...; monthsOfIncrement: number; }'. Did you mean 'employeeGradeId'?
src/increment/increment.service.ts(95,36): error TS2551: Property 'designation' does not exist on type '{ id: string; createdById: string | null; createdAt: Date; updatedAt: Date; employeeId: string; status: string; notes: string | null; updatedById: string | null; employeeGradeId: string | null; ... 8 more ...; monthsOfIncrement: number; }'. Did you mean 'designationId'?
src/increment/increment.service.ts(96,31): error TS2551: Property 'employee' does not exist on type '{ id: string; createdById: string | null; createdAt: Date; updatedAt: Date; employeeId: string; status: string; notes: string | null; updatedById: string | null; employeeGradeId: string | null; ... 8 more ...; monthsOfIncrement: number; }'. Did you mean 'employeeId'?
src/increment/increment.service.ts(97,34): error TS2551: Property 'employee' does not exist on type '{ id: string; createdById: string | null; createdAt: Date; updatedAt: Date; employeeId: string; status: string; notes: string | null; updatedById: string | null; employeeGradeId: string | null; ... 8 more ...; monthsOfIncrement: number; }'. Did you mean 'employeeId'?
src/increment/increment.service.ts(138,15): error TS2561: Object literal may only specify known properties, but 'department' does not exist in type 'EmployeeSelect<DefaultArgs>'. Did you mean to write 'departmentId'?
src/increment/increment.service.ts(191,33): error TS2551: Property 'employee' does not exist on type '{ id: string; createdById: string | null; createdAt: Date; updatedAt: Date; employeeId: string; status: string; notes: string | null; updatedById: string | null; employeeGradeId: string | null; ... 8 more ...; monthsOfIncrement: number; }'. Did you mean 'employeeId'?
src/increment/increment.service.ts(193,38): error TS2551: Property 'employeeGrade' does not exist on type '{ id: string; createdById: string | null; createdAt: Date; updatedAt: Date; employeeId: string; status: string; notes: string | null; updatedById: string | null; employeeGradeId: string | null; ... 8 more ...; monthsOfIncrement: number; }'. Did you mean 'employeeGradeId'?
src/increment/increment.service.ts(195,36): error TS2551: Property 'designation' does not exist on type '{ id: string; createdById: string | null; createdAt: Date; updatedAt: Date; employeeId: string; status: string; notes: string | null; updatedById: string | null; employeeGradeId: string | null; ... 8 more ...; monthsOfIncrement: number; }'. Did you mean 'designationId'?
src/increment/increment.service.ts(254,50): error TS2339: Property 'employeeGrade' does not exist on type 'PrismaService'.
src/increment/increment.service.ts(272,48): error TS2339: Property 'designation' does not exist on type 'PrismaService'.
src/increment/increment.service.ts(397,49): error TS2339: Property 'employeeGrade' does not exist on type 'PrismaService'.
src/increment/increment.service.ts(412,47): error TS2339: Property 'designation' does not exist on type 'PrismaService'.
src/increment/increment.service.ts(458,11): error TS2353: Object literal may only specify known properties, and 'employeeGrade' does not exist in type 'IncrementInclude<DefaultArgs>'.
src/increment/increment.service.ts(493,31): error TS2551: Property 'employee' does not exist on type '{ id: string; createdById: string | null; createdAt: Date; updatedAt: Date; employeeId: string; status: string; notes: string | null; updatedById: string | null; employeeGradeId: string | null; ... 8 more ...; monthsOfIncrement: number; }'. Did you mean 'employeeId'?
src/increment/increment.service.ts(495,36): error TS2551: Property 'employeeGrade' does not exist on type '{ id: string; createdById: string | null; createdAt: Date; updatedAt: Date; employeeId: string; status: string; notes: string | null; updatedById: string | null; employeeGradeId: string | null; ... 8 more ...; monthsOfIncrement: number; }'. Did you mean 'employeeGradeId'?
src/increment/increment.service.ts(497,34): error TS2551: Property 'designation' does not exist on type '{ id: string; createdById: string | null; createdAt: Date; updatedAt: Date; employeeId: string; status: string; notes: string | null; updatedById: string | null; employeeGradeId: string | null; ... 8 more ...; monthsOfIncrement: number; }'. Did you mean 'designationId'?
src/institute/institute.service.ts(13,37): error TS2339: Property 'institute' does not exist on type 'PrismaService'.
src/institute/institute.service.ts(20,36): error TS2339: Property 'institute' does not exist on type 'PrismaService'.
src/institute/institute.service.ts(30,41): error TS2339: Property 'institute' does not exist on type 'PrismaService'.
src/institute/institute.service.ts(81,42): error TS2339: Property 'institute' does not exist on type 'PrismaService'.
src/institute/institute.service.ts(84,41): error TS2339: Property 'institute' does not exist on type 'PrismaService'.
src/institute/institute.service.ts(136,42): error TS2339: Property 'institute' does not exist on type 'PrismaService'.
src/institute/institute.service.ts(139,41): error TS2339: Property 'institute' does not exist on type 'PrismaService'.
src/institute/institute.service.ts(190,40): error TS2339: Property 'institute' does not exist on type 'PrismaService'.
src/institute/institute.service.ts(245,27): error TS2339: Property 'institute' does not exist on type 'PrismaService'.
src/job-type/job-type.service.ts(13,37): error TS2339: Property 'jobType' does not exist on type 'PrismaService'.
src/job-type/job-type.service.ts(20,36): error TS2339: Property 'jobType' does not exist on type 'PrismaService'.
src/job-type/job-type.service.ts(30,41): error TS2339: Property 'jobType' does not exist on type 'PrismaService'.
src/job-type/job-type.service.ts(77,40): error TS2339: Property 'jobType' does not exist on type 'PrismaService'.
src/job-type/job-type.service.ts(128,42): error TS2339: Property 'jobType' does not exist on type 'PrismaService'.
src/job-type/job-type.service.ts(129,41): error TS2339: Property 'jobType' does not exist on type 'PrismaService'.
src/job-type/job-type.service.ts(180,27): error TS2339: Property 'jobType' does not exist on type 'PrismaService'.
src/job-type/job-type.service.ts(227,42): error TS2339: Property 'jobType' does not exist on type 'PrismaService'.
src/job-type/job-type.service.ts(228,41): error TS2339: Property 'jobType' does not exist on type 'PrismaService'.
src/job-type/job-type.service.ts(273,41): error TS2339: Property 'jobType' does not exist on type 'PrismaService'.
src/leave-application/leave-application.service.ts(238,11): error TS2353: Object literal may only specify known properties, and 'leavesPolicy' does not exist in type 'EmployeeInclude<DefaultArgs>'.
src/leave-application/leave-application.service.ts(250,21): error TS2551: Property 'leavesPolicy' does not exist on type '{ id: string; createdAt: Date; updatedAt: Date; employeeId: string; status: string; userId: string | null; employeeName: string; fatherHusbandName: string; departmentId: string; ... 48 more ...; socialSecurityInstitutionId: string | null; }'. Did you mean 'leavesPolicyId'?
src/leave-application/leave-application.service.ts(258,40): error TS2551: Property 'leavesPolicy' does not exist on type '{ id: string; createdAt: Date; updatedAt: Date; employeeId: string; status: string; userId: string | null; employeeName: string; fatherHusbandName: string; departmentId: string; ... 48 more ...; socialSecurityInstitutionId: string | null; }'. Did you mean 'leavesPolicyId'?
src/leave-encashment/leave-encashment.service.ts(57,44): error TS2339: Property 'department' does not exist on type 'PrismaService'.
src/leave-encashment/leave-encashment.service.ts(75,47): error TS2339: Property 'subDepartment' does not exist on type 'PrismaService'.
src/leave-encashment/leave-encashment.service.ts(155,15): error TS2561: Object literal may only specify known properties, but 'department' does not exist in type 'EmployeeSelect<DefaultArgs>'. Did you mean to write 'departmentId'?
src/leave-encashment/leave-encashment.service.ts(222,15): error TS2561: Object literal may only specify known properties, but 'department' does not exist in type 'EmployeeSelect<DefaultArgs>'. Did you mean to write 'departmentId'?
src/leave-type/leave-type.service.ts(13,37): error TS2339: Property 'leaveType' does not exist on type 'PrismaService'.
src/leave-type/leave-type.service.ts(20,36): error TS2339: Property 'leaveType' does not exist on type 'PrismaService'.
src/leave-type/leave-type.service.ts(30,41): error TS2339: Property 'leaveType' does not exist on type 'PrismaService'.
src/leave-type/leave-type.service.ts(73,42): error TS2339: Property 'leaveType' does not exist on type 'PrismaService'.
src/leave-type/leave-type.service.ts(76,41): error TS2339: Property 'leaveType' does not exist on type 'PrismaService'.
src/leave-type/leave-type.service.ts(120,42): error TS2339: Property 'leaveType' does not exist on type 'PrismaService'.
src/leave-type/leave-type.service.ts(123,41): error TS2339: Property 'leaveType' does not exist on type 'PrismaService'.
src/leave-type/leave-type.service.ts(161,40): error TS2339: Property 'leaveType' does not exist on type 'PrismaService'.
src/leave-type/leave-type.service.ts(206,44): error TS2339: Property 'leaveType' does not exist on type 'PrismaService'.
src/leave-type/leave-type.service.ts(209,27): error TS2339: Property 'leaveType' does not exist on type 'PrismaService'.
src/leave-type/leave-type.service.ts(253,42): error TS2339: Property 'leaveType' does not exist on type 'PrismaService'.
src/leave-type/leave-type.service.ts(256,40): error TS2339: Property 'leaveType' does not exist on type 'PrismaService'.
src/leaves-policy/leaves-policy.service.ts(13,37): error TS2339: Property 'leavesPolicy' does not exist on type 'PrismaService'.
src/leaves-policy/leaves-policy.service.ts(36,36): error TS2339: Property 'leavesPolicy' does not exist on type 'PrismaService'.
src/leaves-policy/leaves-policy.service.ts(77,27): error TS2339: Property 'leavesPolicy' does not exist on type 'PrismaService'.
src/leaves-policy/leaves-policy.service.ts(83,41): error TS2339: Property 'leavesPolicy' does not exist on type 'PrismaService'.
src/leaves-policy/leaves-policy.service.ts(102,27): error TS2339: Property 'leavesPolicyLeaveType' does not exist on type 'PrismaService'.
src/leaves-policy/leaves-policy.service.ts(112,55): error TS2339: Property 'leavesPolicy' does not exist on type 'PrismaService'.
src/leaves-policy/leaves-policy.service.ts(180,37): error TS2339: Property 'leavesPolicy' does not exist on type 'PrismaService'.
src/leaves-policy/leaves-policy.service.ts(243,42): error TS2339: Property 'leavesPolicy' does not exist on type 'PrismaService'.
src/leaves-policy/leaves-policy.service.ts(252,27): error TS2339: Property 'leavesPolicy' does not exist on type 'PrismaService'.
src/leaves-policy/leaves-policy.service.ts(258,41): error TS2339: Property 'leavesPolicy' does not exist on type 'PrismaService'.
src/leaves-policy/leaves-policy.service.ts(281,27): error TS2339: Property 'leavesPolicyLeaveType' does not exist on type 'PrismaService'.
src/leaves-policy/leaves-policy.service.ts(285,29): error TS2339: Property 'leavesPolicyLeaveType' does not exist on type 'PrismaService'.
src/leaves-policy/leaves-policy.service.ts(296,55): error TS2339: Property 'leavesPolicy' does not exist on type 'PrismaService'.
src/leaves-policy/leaves-policy.service.ts(365,42): error TS2339: Property 'leavesPolicy' does not exist on type 'PrismaService'.
src/leaves-policy/leaves-policy.service.ts(370,25): error TS2339: Property 'leavesPolicy' does not exist on type 'PrismaService'.
src/leaves-policy/leaves-policy.service.ts(415,25): error TS2339: Property 'leavesPolicy' does not exist on type 'PrismaService'.
src/leaves-policy/leaves-policy.service.ts(459,27): error TS2339: Property 'leavesPolicy' does not exist on type 'PrismaService'.
src/leaves-policy/leaves-policy.service.ts(510,42): error TS2339: Property 'leavesPolicy' does not exist on type 'PrismaService'.
src/leaves-policy/leaves-policy.service.ts(518,25): error TS2339: Property 'leavesPolicy' does not exist on type 'PrismaService'.
src/leaves-policy/leaves-policy.service.ts(524,41): error TS2339: Property 'leavesPolicy' does not exist on type 'PrismaService'.
src/loan-request/loan-request.service.ts(57,44): error TS2339: Property 'department' does not exist on type 'PrismaService'.
src/loan-request/loan-request.service.ts(75,47): error TS2339: Property 'subDepartment' does not exist on type 'PrismaService'.
src/loan-request/loan-request.service.ts(155,15): error TS2561: Object literal may only specify known properties, but 'department' does not exist in type 'EmployeeSelect<DefaultArgs>'. Did you mean to write 'departmentId'?
src/loan-request/loan-request.service.ts(255,15): error TS2561: Object literal may only specify known properties, but 'department' does not exist in type 'EmployeeSelect<DefaultArgs>'. Did you mean to write 'departmentId'?
src/loan-request/loan-request.service.ts(356,43): error TS2339: Property 'loanType' does not exist on type 'PrismaService'.
src/loan-request/loan-request.service.ts(478,19): error TS2561: Object literal may only specify known properties, but 'department' does not exist in type 'EmployeeSelect<DefaultArgs>'. Did you mean to write 'departmentId'?
src/loan-request/loan-request.service.ts(566,44): error TS2339: Property 'loanType' does not exist on type 'PrismaService'.
src/loan-request/loan-request.service.ts(621,15): error TS2561: Object literal may only specify known properties, but 'department' does not exist in type 'EmployeeSelect<DefaultArgs>'. Did you mean to write 'departmentId'?
src/loan-request/loan-request.service.ts(737,11): error TS2353: Object literal may only specify known properties, and 'loanType' does not exist in type 'LoanRequestInclude<DefaultArgs>'.
src/loan-request/loan-request.service.ts(797,17): error TS2561: Object literal may only specify known properties, but 'department' does not exist in type 'EmployeeSelect<DefaultArgs>'. Did you mean to write 'departmentId'?
src/loan-request/loan-request.service.ts(886,17): error TS2561: Object literal may only specify known properties, but 'department' does not exist in type 'EmployeeSelect<DefaultArgs>'. Did you mean to write 'departmentId'?
src/loan-request/loan-request.service.ts(970,11): error TS2353: Object literal may only specify known properties, and 'loanType' does not exist in type 'LoanRequestInclude<DefaultArgs>'.
src/loan-request/loan-request.service.ts(1025,17): error TS2561: Object literal may only specify known properties, but 'department' does not exist in type 'EmployeeSelect<DefaultArgs>'. Did you mean to write 'departmentId'?
src/loan-request/loan-request.service.ts(1115,17): error TS2561: Object literal may only specify known properties, but 'department' does not exist in type 'EmployeeSelect<DefaultArgs>'. Did you mean to write 'departmentId'?
src/loan-type/loan-type.service.ts(17,37): error TS2339: Property 'loanType' does not exist on type 'PrismaService'.
src/loan-type/loan-type.service.ts(24,36): error TS2339: Property 'loanType' does not exist on type 'PrismaService'.
src/loan-type/loan-type.service.ts(34,41): error TS2339: Property 'loanType' does not exist on type 'PrismaService'.
src/loan-type/loan-type.service.ts(81,42): error TS2339: Property 'loanType' does not exist on type 'PrismaService'.
src/loan-type/loan-type.service.ts(82,41): error TS2339: Property 'loanType' does not exist on type 'PrismaService'.
src/loan-type/loan-type.service.ts(134,42): error TS2339: Property 'loanType' does not exist on type 'PrismaService'.
src/loan-type/loan-type.service.ts(135,41): error TS2339: Property 'loanType' does not exist on type 'PrismaService'.
src/loan-type/loan-type.service.ts(181,40): error TS2339: Property 'loanType' does not exist on type 'PrismaService'.
src/loan-type/loan-type.service.ts(244,44): error TS2339: Property 'loanType' does not exist on type 'PrismaService'.
src/loan-type/loan-type.service.ts(247,43): error TS2339: Property 'loanType' does not exist on type 'PrismaService'.
src/loan-type/loan-type.service.ts(300,42): error TS2339: Property 'loanType' does not exist on type 'PrismaService'.
src/loan-type/loan-type.service.ts(303,40): error TS2339: Property 'loanType' does not exist on type 'PrismaService'.
src/location/location.service.ts(13,37): error TS2339: Property 'location' does not exist on type 'PrismaService'.
src/location/location.service.ts(21,36): error TS2339: Property 'location' does not exist on type 'PrismaService'.
src/location/location.service.ts(34,41): error TS2339: Property 'location' does not exist on type 'PrismaService'.
src/location/location.service.ts(79,42): error TS2339: Property 'location' does not exist on type 'PrismaService'.
src/location/location.service.ts(80,41): error TS2339: Property 'location' does not exist on type 'PrismaService'.
src/location/location.service.ts(134,42): error TS2339: Property 'location' does not exist on type 'PrismaService'.
src/location/location.service.ts(135,41): error TS2339: Property 'location' does not exist on type 'PrismaService'.
src/location/location.service.ts(178,40): error TS2339: Property 'location' does not exist on type 'PrismaService'.
src/location/location.service.ts(231,44): error TS2339: Property 'location' does not exist on type 'PrismaService'.
src/location/location.service.ts(234,27): error TS2339: Property 'location' does not exist on type 'PrismaService'.
src/location/location.service.ts(283,42): error TS2339: Property 'location' does not exist on type 'PrismaService'.
src/location/location.service.ts(286,40): error TS2339: Property 'location' does not exist on type 'PrismaService'.
src/marital-status/marital-status.service.ts(17,37): error TS2339: Property 'maritalStatus' does not exist on type 'PrismaService'.
src/marital-status/marital-status.service.ts(24,36): error TS2339: Property 'maritalStatus' does not exist on type 'PrismaService'.
src/marital-status/marital-status.service.ts(49,40): error TS2339: Property 'maritalStatus' does not exist on type 'PrismaService'.
src/marital-status/marital-status.service.ts(97,42): error TS2339: Property 'maritalStatus' does not exist on type 'PrismaService'.
src/marital-status/marital-status.service.ts(104,41): error TS2339: Property 'maritalStatus' does not exist on type 'PrismaService'.
src/marital-status/marital-status.service.ts(157,42): error TS2339: Property 'maritalStatus' does not exist on type 'PrismaService'.
src/marital-status/marital-status.service.ts(164,41): error TS2339: Property 'maritalStatus' does not exist on type 'PrismaService'.
src/marital-status/marital-status.service.ts(225,43): error TS2339: Property 'maritalStatus' does not exist on type 'PrismaService'.
src/marital-status/marital-status.service.ts(281,40): error TS2339: Property 'maritalStatus' does not exist on type 'PrismaService'.
src/notifications/notifications.service.ts(65,36): error TS2339: Property 'userPreference' does not exist on type 'PrismaService'.
src/notifications/notifications.service.ts(72,7): error TS2345: Argument of type 'unknown' is not assignable to parameter of type 'string | null | undefined'.
src/notifications/notifications.service.ts(76,7): error TS2345: Argument of type 'unknown' is not assignable to parameter of type 'string | null | undefined'.
src/notifications/notifications.service.ts(80,7): error TS2345: Argument of type 'unknown' is not assignable to parameter of type 'string | null | undefined'.
src/notifications/notifications.service.ts(84,7): error TS2345: Argument of type '{}' is not assignable to parameter of type 'string'.
src/notifications/notifications.service.ts(89,12): error TS18046: 'key' is of type 'unknown'.
src/notifications/notifications.service.ts(90,12): error TS18046: 'key' is of type 'unknown'.
src/notifications/notifications.service.ts(91,24): error TS18046: 'key' is of type 'unknown'.
src/notifications/notifications.service.ts(94,25): error TS2345: Argument of type 'unknown' is not assignable to parameter of type 'string | null | undefined'.
src/notifications/notifications.service.ts(143,19): error TS2339: Property 'notification' does not exist on type 'PrismaService'.
src/notifications/notifications.service.ts(149,19): error TS2339: Property 'notification' does not exist on type 'PrismaService'.
src/notifications/notifications.service.ts(156,40): error TS2339: Property 'notification' does not exist on type 'PrismaService'.
src/notifications/notifications.service.ts(162,39): error TS2339: Property 'notification' does not exist on type 'PrismaService'.
src/notifications/notifications.service.ts(170,23): error TS2339: Property 'notification' does not exist on type 'PrismaService'.
src/notifications/notifications.service.ts(181,23): error TS2339: Property 'notification' does not exist on type 'PrismaService'.
src/notifications/notifications.service.ts(204,39): error TS2339: Property 'notification' does not exist on type 'PrismaService'.
src/notifications/notifications.service.ts(224,25): error TS2339: Property 'notificationDeliveryAttempt' does not exist on type 'PrismaService'.
src/notifications/notifications.service.ts(290,40): error TS2339: Property 'notificationDeliveryAttempt' does not exist on type 'PrismaService'.
src/notifications/notifications.service.ts(306,39): error TS2339: Property 'notificationDeliveryAttempt' does not exist on type 'PrismaService'.
src/notifications/notifications.service.ts(315,25): error TS2339: Property 'notificationDeliveryAttempt' does not exist on type 'PrismaService'.
src/notifications/notifications.service.ts(342,25): error TS2339: Property 'notificationDeliveryAttempt' does not exist on type 'PrismaService'.
src/notifications/notifications.service.ts(347,25): error TS2339: Property 'notification' does not exist on type 'PrismaService'.
src/notifications/notifications.service.ts(353,25): error TS2339: Property 'notificationDeliveryAttempt' does not exist on type 'PrismaService'.
src/overtime-request/overtime-request.service.ts(58,44): error TS2339: Property 'department' does not exist on type 'PrismaService'.
src/overtime-request/overtime-request.service.ts(76,47): error TS2339: Property 'subDepartment' does not exist on type 'PrismaService'.
src/overtime-request/overtime-request.service.ts(146,15): error TS2561: Object literal may only specify known properties, but 'department' does not exist in type 'EmployeeSelect<DefaultArgs>'. Did you mean to write 'departmentId'?
src/overtime-request/overtime-request.service.ts(178,31): error TS2551: Property 'employee' does not exist on type '{ id: string; createdById: string | null; createdAt: Date; updatedAt: Date; employeeId: string; date: Date; status: string; updatedById: string | null; approval1: string | null; ... 10 more ...; holidayOvertimeHours: Decimal; }'. Did you mean 'employeeId'?
src/overtime-request/overtime-request.service.ts(179,31): error TS2551: Property 'employee' does not exist on type '{ id: string; createdById: string | null; createdAt: Date; updatedAt: Date; employeeId: string; date: Date; status: string; updatedById: string | null; approval1: string | null; ... 10 more ...; holidayOvertimeHours: Decimal; }'. Did you mean 'employeeId'?
src/overtime-request/overtime-request.service.ts(226,15): error TS2561: Object literal may only specify known properties, but 'department' does not exist in type 'EmployeeSelect<DefaultArgs>'. Did you mean to write 'departmentId'?
src/overtime-request/overtime-request.service.ts(267,39): error TS2551: Property 'employee' does not exist on type '{ id: string; createdById: string | null; createdAt: Date; updatedAt: Date; employeeId: string; date: Date; status: string; updatedById: string | null; approval1: string | null; ... 10 more ...; holidayOvertimeHours: Decimal; }'. Did you mean 'employeeId'?
src/overtime-request/overtime-request.service.ts(268,39): error TS2551: Property 'employee' does not exist on type '{ id: string; createdById: string | null; createdAt: Date; updatedAt: Date; employeeId: string; date: Date; status: string; updatedById: string | null; approval1: string | null; ... 10 more ...; holidayOvertimeHours: Decimal; }'. Did you mean 'employeeId'?
src/payroll/payroll.service.ts(134,46): error TS2339: Property 'salaryBreakup' does not exist on type 'PrismaService'.
src/payroll/payroll.service.ts(516,13): error TS2561: Object literal may only specify known properties, but 'generatedBy' does not exist in type '(Without<PayrollCreateInput, PayrollUncheckedCreateInput> & PayrollUncheckedCreateInput) | (Without<...> & PayrollCreateInput)'. Did you mean to write 'generatedById'?
src/payroll/payroll.service.ts(675,13): error TS2353: Object literal may only specify known properties, and 'department' does not exist in type 'EmployeeInclude<DefaultArgs>'.
src/payroll/payroll.service.ts(774,13): error TS2561: Object literal may only specify known properties, but 'department' does not exist in type 'EmployeeSelect<DefaultArgs>'. Did you mean to write 'departmentId'?
src/payroll/payroll.service.ts(794,13): error TS2353: Object literal may only specify known properties, and 'department' does not exist in type 'EmployeeInclude<DefaultArgs>'.
src/payroll/payroll.service.ts(815,34): error TS2551: Property 'payroll' does not exist on type '{ id: string; employeeId: string; bankName: string | null; accountNumber: string | null; grossSalary: Decimal; payrollId: string; basicSalary: Decimal; totalAllowances: Decimal; ... 22 more ...; paymentDate: Date | null; }'. Did you mean 'payrollId'?
src/payroll/payroll.service.ts(816,28): error TS2551: Property 'payroll' does not exist on type '{ id: string; employeeId: string; bankName: string | null; accountNumber: string | null; grossSalary: Decimal; payrollId: string; basicSalary: Decimal; totalAllowances: Decimal; ... 22 more ...; paymentDate: Date | null; }'. Did you mean 'payrollId'?
src/payroll/payroll.service.ts(816,62): error TS2551: Property 'payroll' does not exist on type '{ id: string; employeeId: string; bankName: string | null; accountNumber: string | null; grossSalary: Decimal; payrollId: string; basicSalary: Decimal; totalAllowances: Decimal; ... 22 more ...; paymentDate: Date | null; }'. Did you mean 'payrollId'?
src/payroll/payroll.service.ts(956,46): error TS2339: Property 'eOBI' does not exist on type 'PrismaService'.
src/payroll/payroll.service.ts(984,44): error TS2339: Property 'providentFund' does not exist on type 'PrismaService'.
src/payroll/payroll.service.ts(1545,43): error TS2339: Property 'holiday' does not exist on type 'PrismaService'.
src/payroll/payroll.service.ts(1790,38): error TS2339: Property 'taxSlab' does not exist on type 'PrismaService'.
